
===========================================================================
 report_power
============================================================================
======================= Fastest Corner ===================================

Group                  Internal  Switching    Leakage      Total
                          Power      Power      Power      Power (Watts)
----------------------------------------------------------------
Sequential             2.00e-03   3.13e-04   5.26e-07   2.32e-03  37.3%
Combinational          2.30e-03   1.58e-03   1.49e-08   3.89e-03  62.7%
Macro                  0.00e+00   0.00e+00   0.00e+00   0.00e+00   0.0%
Pad                    0.00e+00   0.00e+00   0.00e+00   0.00e+00   0.0%
----------------------------------------------------------------
Total                  4.31e-03   1.89e-03   5.41e-07   6.20e-03 100.0%
                          69.4%      30.5%       0.0%

======================= Slowest Corner ===================================

Group                  Internal  Switching    Leakage      Total
                          Power      Power      Power      Power (Watts)
----------------------------------------------------------------
Sequential             1.35e-03   2.01e-04   4.42e-06   1.56e-03  36.8%
Combinational          1.64e-03   1.03e-03   6.23e-06   2.67e-03  63.2%
Macro                  0.00e+00   0.00e+00   0.00e+00   0.00e+00   0.0%
Pad                    0.00e+00   0.00e+00   0.00e+00   0.00e+00   0.0%
----------------------------------------------------------------
Total                  2.99e-03   1.23e-03   1.07e-05   4.23e-03 100.0%
                          70.7%      29.0%       0.3%

======================= Typical Corner ===================================

Group                  Internal  Switching    Leakage      Total
                          Power      Power      Power      Power (Watts)
----------------------------------------------------------------
Sequential             1.73e-03   2.60e-04   5.25e-07   1.99e-03  37.3%
Combinational          2.02e-03   1.33e-03   7.06e-09   3.35e-03  62.7%
Macro                  0.00e+00   0.00e+00   0.00e+00   0.00e+00   0.0%
Pad                    0.00e+00   0.00e+00   0.00e+00   0.00e+00   0.0%
----------------------------------------------------------------
Total                  3.76e-03   1.59e-03   5.32e-07   5.34e-03 100.0%
                          70.3%      29.7%       0.0%

