
===========================================================================
report_checks -unconstrained
===========================================================================
======================= Fastest Corner ===================================

Startpoint: heartbeat_fc (input port clocked by clk)
Endpoint: _2149_ (recovery check against rising-edge clock clk)
Path Group: asynchronous
Path Type: max
Corner: Fastest

Fanout     Cap    Slew   Delay    Time   Description
-----------------------------------------------------------------------------
                          0.00    0.00   clock clk (rise edge)
                          0.00    0.00   clock network delay (propagated)
                          1.60    1.60 v input external delay
                  0.00    0.00    1.60 v heartbeat_fc (in)
     1    0.00                           heartbeat_fc (net)
                  0.00    0.00    1.60 v input1/A (sky130_fd_sc_hd__dlymetal6s2s_1)
                  0.08    0.13    1.73 v input1/X (sky130_fd_sc_hd__dlymetal6s2s_1)
     2    0.02                           net1 (net)
                  0.08    0.00    1.73 v fanout14/A (sky130_fd_sc_hd__clkbuf_2)
                  0.07    0.13    1.87 v fanout14/X (sky130_fd_sc_hd__clkbuf_2)
     6    0.02                           net14 (net)
                  0.07    0.00    1.87 v fanout12/A (sky130_fd_sc_hd__clkbuf_4)
                  0.08    0.16    2.03 v fanout12/X (sky130_fd_sc_hd__clkbuf_4)
    10    0.05                           net12 (net)
                  0.08    0.00    2.03 v _1746_/A (sky130_fd_sc_hd__buf_4)
                  0.06    0.15    2.19 v _1746_/X (sky130_fd_sc_hd__buf_4)
    10    0.06                           _0558_ (net)
                  0.06    0.00    2.19 v _1747_/A (sky130_fd_sc_hd__buf_4)
                  0.06    0.15    2.34 v _1747_/X (sky130_fd_sc_hd__buf_4)
    10    0.06                           _0559_ (net)
                  0.06    0.00    2.34 v _1750_/A (sky130_fd_sc_hd__inv_2)
                  0.03    0.04    2.38 ^ _1750_/Y (sky130_fd_sc_hd__inv_2)
     1    0.00                           _0059_ (net)
                  0.03    0.00    2.38 ^ _2149_/SET_B (sky130_fd_sc_hd__dfstp_1)
                                  2.38   data arrival time

                          8.00    8.00   clock clk (rise edge)
                          0.00    8.00   clock source latency
                  0.10    0.07    8.07 ^ clk (in)
     1    0.03                           clk (net)
                  0.10    0.00    8.07 ^ clkbuf_0_clk/A (sky130_fd_sc_hd__clkbuf_16)
                  0.05    0.12    8.18 ^ clkbuf_0_clk/X (sky130_fd_sc_hd__clkbuf_16)
     4    0.05                           clknet_0_clk (net)
                  0.05    0.00    8.18 ^ clkbuf_2_0__f_clk/A (sky130_fd_sc_hd__clkbuf_16)
                  0.09    0.13    8.31 ^ clkbuf_2_0__f_clk/X (sky130_fd_sc_hd__clkbuf_16)
     8    0.10                           clknet_2_0__leaf_clk (net)
                  0.09    0.00    8.31 ^ clkbuf_leaf_30_clk/A (sky130_fd_sc_hd__clkbuf_16)
                  0.02    0.09    8.40 ^ clkbuf_leaf_30_clk/X (sky130_fd_sc_hd__clkbuf_16)
     3    0.01                           clknet_leaf_30_clk (net)
                  0.02    0.00    8.40 ^ _2149_/CLK (sky130_fd_sc_hd__dfstp_1)
                         -0.25    8.15   clock uncertainty
                          0.00    8.15   clock reconvergence pessimism
                          0.08    8.24   library recovery time
                                  8.24   data required time
-----------------------------------------------------------------------------
                                  8.24   data required time
                                 -2.38   data arrival time
-----------------------------------------------------------------------------
                                  5.85   slack (MET)


Startpoint: _2134_ (rising edge-triggered flip-flop clocked by clk)
Endpoint: _2145_ (rising edge-triggered flip-flop clocked by clk)
Path Group: clk
Path Type: max
Corner: Fastest

Fanout     Cap    Slew   Delay    Time   Description
-----------------------------------------------------------------------------
                          0.00    0.00   clock clk (rise edge)
                          0.00    0.00   clock source latency
                  0.10    0.07    0.07 ^ clk (in)
     1    0.03                           clk (net)
                  0.10    0.00    0.07 ^ clkbuf_0_clk/A (sky130_fd_sc_hd__clkbuf_16)
                  0.05    0.13    0.20 ^ clkbuf_0_clk/X (sky130_fd_sc_hd__clkbuf_16)
     4    0.05                           clknet_0_clk (net)
                  0.05    0.00    0.20 ^ clkbuf_2_2__f_clk/A (sky130_fd_sc_hd__clkbuf_16)
                  0.07    0.13    0.33 ^ clkbuf_2_2__f_clk/X (sky130_fd_sc_hd__clkbuf_16)
     7    0.08                           clknet_2_2__leaf_clk (net)
                  0.07    0.00    0.34 ^ clkbuf_leaf_20_clk/A (sky130_fd_sc_hd__clkbuf_16)
                  0.04    0.11    0.44 ^ clkbuf_leaf_20_clk/X (sky130_fd_sc_hd__clkbuf_16)
     9    0.03                           clknet_leaf_20_clk (net)
                  0.04    0.00    0.45 ^ _2134_/CLK (sky130_fd_sc_hd__dfxtp_1)
                  0.02    0.19    0.64 v _2134_/Q (sky130_fd_sc_hd__dfxtp_1)
     1    0.00                           uart_rx_jetson_inst.prescale_reg[6] (net)
                  0.02    0.00    0.64 v hold14/A (sky130_fd_sc_hd__dlygate4sd3_1)
                  0.05    0.39    1.03 v hold14/X (sky130_fd_sc_hd__dlygate4sd3_1)
     2    0.01                           net28 (net)
                  0.05    0.00    1.03 v _1627_/A (sky130_fd_sc_hd__or4_4)
                  0.07    0.35    1.38 v _1627_/X (sky130_fd_sc_hd__or4_4)
     4    0.01                           _0470_ (net)
                  0.07    0.00    1.38 v _1630_/C (sky130_fd_sc_hd__or4_4)
                  0.07    0.34    1.72 v _1630_/X (sky130_fd_sc_hd__or4_4)
     5    0.02                           _0473_ (net)
                  0.07    0.00    1.72 v _1631_/C (sky130_fd_sc_hd__or3_4)
                  0.06    0.23    1.95 v _1631_/X (sky130_fd_sc_hd__or3_4)
     4    0.01                           _0474_ (net)
                  0.06    0.00    1.95 v _1632_/B (sky130_fd_sc_hd__nor2_1)
                  0.20    0.18    2.13 ^ _1632_/Y (sky130_fd_sc_hd__nor2_1)
     4    0.01                           _0475_ (net)
                  0.20    0.00    2.13 ^ _1669_/A (sky130_fd_sc_hd__buf_2)
                  0.14    0.18    2.31 ^ _1669_/X (sky130_fd_sc_hd__buf_2)
    10    0.04                           _0504_ (net)
                  0.14    0.00    2.31 ^ _1710_/B (sky130_fd_sc_hd__or2_1)
                  0.03    0.07    2.39 ^ _1710_/X (sky130_fd_sc_hd__or2_1)
     1    0.00                           _0535_ (net)
                  0.03    0.00    2.39 ^ _1711_/A (sky130_fd_sc_hd__buf_2)
                  0.14    0.15    2.53 ^ _1711_/X (sky130_fd_sc_hd__buf_2)
    10    0.04                           _0536_ (net)
                  0.14    0.00    2.54 ^ _1743_/B1 (sky130_fd_sc_hd__a21oi_1)
                  0.03    0.03    2.56 v _1743_/Y (sky130_fd_sc_hd__a21oi_1)
     1    0.00                           _0225_ (net)
                  0.03    0.00    2.56 v hold34/A (sky130_fd_sc_hd__dlygate4sd3_1)
                  0.04    0.38    2.94 v hold34/X (sky130_fd_sc_hd__dlygate4sd3_1)
     1    0.00                           net48 (net)
                  0.04    0.00    2.94 v _2145_/D (sky130_fd_sc_hd__dfxtp_1)
                                  2.94   data arrival time

                          8.00    8.00   clock clk (rise edge)
                          0.00    8.00   clock source latency
                  0.10    0.07    8.07 ^ clk (in)
     1    0.03                           clk (net)
                  0.10    0.00    8.07 ^ clkbuf_0_clk/A (sky130_fd_sc_hd__clkbuf_16)
                  0.05    0.12    8.18 ^ clkbuf_0_clk/X (sky130_fd_sc_hd__clkbuf_16)
     4    0.05                           clknet_0_clk (net)
                  0.05    0.00    8.18 ^ clkbuf_2_2__f_clk/A (sky130_fd_sc_hd__clkbuf_16)
                  0.07    0.12    8.30 ^ clkbuf_2_2__f_clk/X (sky130_fd_sc_hd__clkbuf_16)
     7    0.08                           clknet_2_2__leaf_clk (net)
                  0.07    0.00    8.30 ^ clkbuf_leaf_19_clk/A (sky130_fd_sc_hd__clkbuf_16)
                  0.04    0.10    8.40 ^ clkbuf_leaf_19_clk/X (sky130_fd_sc_hd__clkbuf_16)
    11    0.03                           clknet_leaf_19_clk (net)
                  0.04    0.00    8.41 ^ _2145_/CLK (sky130_fd_sc_hd__dfxtp_1)
                         -0.25    8.16   clock uncertainty
                          0.03    8.19   clock reconvergence pessimism
                         -0.07    8.12   library setup time
                                  8.12   data required time
-----------------------------------------------------------------------------
                                  8.12   data required time
                                 -2.94   data arrival time
-----------------------------------------------------------------------------
                                  5.18   slack (MET)



======================= Slowest Corner ===================================

Startpoint: heartbeat_fc (input port clocked by clk)
Endpoint: _2149_ (recovery check against rising-edge clock clk)
Path Group: asynchronous
Path Type: max
Corner: Slowest

Fanout     Cap    Slew   Delay    Time   Description
-----------------------------------------------------------------------------
                          0.00    0.00   clock clk (rise edge)
                          0.00    0.00   clock network delay (propagated)
                          1.60    1.60 v input external delay
                  0.02    0.01    1.61 v heartbeat_fc (in)
     1    0.00                           heartbeat_fc (net)
                  0.02    0.00    1.61 v input1/A (sky130_fd_sc_hd__dlymetal6s2s_1)
                  0.22    0.40    2.01 v input1/X (sky130_fd_sc_hd__dlymetal6s2s_1)
     2    0.02                           net1 (net)
                  0.22    0.00    2.01 v fanout14/A (sky130_fd_sc_hd__clkbuf_2)
                  0.17    0.37    2.38 v fanout14/X (sky130_fd_sc_hd__clkbuf_2)
     6    0.02                           net14 (net)
                  0.17    0.00    2.39 v fanout12/A (sky130_fd_sc_hd__clkbuf_4)
                  0.18    0.42    2.81 v fanout12/X (sky130_fd_sc_hd__clkbuf_4)
    10    0.05                           net12 (net)
                  0.18    0.00    2.81 v _1746_/A (sky130_fd_sc_hd__buf_4)
                  0.15    0.42    3.23 v _1746_/X (sky130_fd_sc_hd__buf_4)
    10    0.06                           _0558_ (net)
                  0.15    0.00    3.23 v _1747_/A (sky130_fd_sc_hd__buf_4)
                  0.15    0.40    3.63 v _1747_/X (sky130_fd_sc_hd__buf_4)
    10    0.06                           _0559_ (net)
                  0.15    0.00    3.63 v _1750_/A (sky130_fd_sc_hd__inv_2)
                  0.05    0.11    3.74 ^ _1750_/Y (sky130_fd_sc_hd__inv_2)
     1    0.00                           _0059_ (net)
                  0.05    0.00    3.74 ^ _2149_/SET_B (sky130_fd_sc_hd__dfstp_1)
                                  3.74   data arrival time

                          8.00    8.00   clock clk (rise edge)
                          0.00    8.00   clock source latency
                  0.21    0.14    8.14 ^ clk (in)
     1    0.03                           clk (net)
                  0.21    0.00    8.14 ^ clkbuf_0_clk/A (sky130_fd_sc_hd__clkbuf_16)
                  0.11    0.31    8.45 ^ clkbuf_0_clk/X (sky130_fd_sc_hd__clkbuf_16)
     4    0.05                           clknet_0_clk (net)
                  0.11    0.00    8.45 ^ clkbuf_2_0__f_clk/A (sky130_fd_sc_hd__clkbuf_16)
                  0.17    0.31    8.76 ^ clkbuf_2_0__f_clk/X (sky130_fd_sc_hd__clkbuf_16)
     8    0.10                           clknet_2_0__leaf_clk (net)
                  0.17    0.00    8.77 ^ clkbuf_leaf_30_clk/A (sky130_fd_sc_hd__clkbuf_16)
                  0.05    0.24    9.01 ^ clkbuf_leaf_30_clk/X (sky130_fd_sc_hd__clkbuf_16)
     3    0.01                           clknet_leaf_30_clk (net)
                  0.05    0.00    9.01 ^ _2149_/CLK (sky130_fd_sc_hd__dfstp_1)
                         -0.25    8.76   clock uncertainty
                          0.00    8.76   clock reconvergence pessimism
                          0.27    9.02   library recovery time
                                  9.02   data required time
-----------------------------------------------------------------------------
                                  9.02   data required time
                                 -3.74   data arrival time
-----------------------------------------------------------------------------
                                  5.28   slack (MET)


Startpoint: _2187_ (rising edge-triggered flip-flop clocked by clk)
Endpoint: _2033_ (rising edge-triggered flip-flop clocked by clk)
Path Group: clk
Path Type: max
Corner: Slowest

Fanout     Cap    Slew   Delay    Time   Description
-----------------------------------------------------------------------------
                          0.00    0.00   clock clk (rise edge)
                          0.00    0.00   clock source latency
                  0.21    0.15    0.15 ^ clk (in)
     1    0.03                           clk (net)
                  0.21    0.00    0.15 ^ clkbuf_0_clk/A (sky130_fd_sc_hd__clkbuf_16)
                  0.11    0.34    0.50 ^ clkbuf_0_clk/X (sky130_fd_sc_hd__clkbuf_16)
     4    0.05                           clknet_0_clk (net)
                  0.11    0.00    0.50 ^ clkbuf_2_3__f_clk/A (sky130_fd_sc_hd__clkbuf_16)
                  0.17    0.34    0.84 ^ clkbuf_2_3__f_clk/X (sky130_fd_sc_hd__clkbuf_16)
     8    0.10                           clknet_2_3__leaf_clk (net)
                  0.17    0.00    0.84 ^ clkbuf_leaf_16_clk/A (sky130_fd_sc_hd__clkbuf_16)
                  0.09    0.31    1.15 ^ clkbuf_leaf_16_clk/X (sky130_fd_sc_hd__clkbuf_16)
    13    0.04                           clknet_leaf_16_clk (net)
                  0.09    0.00    1.15 ^ _2187_/CLK (sky130_fd_sc_hd__dfxtp_2)
                  0.07    0.67    1.82 v _2187_/Q (sky130_fd_sc_hd__dfxtp_2)
     4    0.01                           uart_tx_raspi_inst.prescale_reg[1] (net)
                  0.07    0.00    1.82 v _1314_/C (sky130_fd_sc_hd__or4_4)
                  0.15    1.00    2.82 v _1314_/X (sky130_fd_sc_hd__or4_4)
     1    0.00                           _0932_ (net)
                  0.15    0.00    2.82 v _1315_/A (sky130_fd_sc_hd__buf_6)
                  0.07    0.29    3.11 v _1315_/X (sky130_fd_sc_hd__buf_6)
     8    0.03                           _0933_ (net)
                  0.07    0.00    3.11 v _1318_/B (sky130_fd_sc_hd__or4_4)
                  0.19    1.12    4.23 v _1318_/X (sky130_fd_sc_hd__or4_4)
     5    0.01                           _0936_ (net)
                  0.19    0.00    4.23 v _1320_/C (sky130_fd_sc_hd__or4_4)
                  0.19    1.12    5.36 v _1320_/X (sky130_fd_sc_hd__or4_4)
     6    0.02                           _0938_ (net)
                  0.19    0.00    5.36 v _1321_/D (sky130_fd_sc_hd__or4_4)
                  0.20    1.01    6.36 v _1321_/X (sky130_fd_sc_hd__or4_4)
     2    0.02                           _0939_ (net)
                  0.20    0.00    6.36 v _1322_/A (sky130_fd_sc_hd__buf_6)
                  0.06    0.30    6.67 v _1322_/X (sky130_fd_sc_hd__buf_6)
     6    0.02                           _0940_ (net)
                  0.06    0.00    6.67 v _1326_/B (sky130_fd_sc_hd__or4b_4)
                  0.15    1.06    7.73 v _1326_/X (sky130_fd_sc_hd__or4b_4)
     1    0.00                           _0944_ (net)
                  0.15    0.00    7.73 v _1327_/A (sky130_fd_sc_hd__buf_6)
                  0.07    0.30    8.03 v _1327_/X (sky130_fd_sc_hd__buf_6)
     6    0.03                           _0945_ (net)
                  0.07    0.00    8.03 v split1/A (sky130_fd_sc_hd__buf_6)
                  0.07    0.25    8.28 v split1/X (sky130_fd_sc_hd__buf_6)
     4    0.03                           net15 (net)
                  0.07    0.00    8.28 v _1331_/S (sky130_fd_sc_hd__mux2_4)
                  0.08    0.56    8.84 v _1331_/X (sky130_fd_sc_hd__mux2_4)
     1    0.00                           _0948_ (net)
                  0.08    0.00    8.84 v _1332_/A (sky130_fd_sc_hd__clkbuf_1)
                  0.04    0.17    9.00 v _1332_/X (sky130_fd_sc_hd__clkbuf_1)
     1    0.00                           _0113_ (net)
                  0.04    0.00    9.00 v _2033_/D (sky130_fd_sc_hd__dfxtp_1)
                                  9.00   data arrival time

                          8.00    8.00   clock clk (rise edge)
                          0.00    8.00   clock source latency
                  0.21    0.14    8.14 ^ clk (in)
     1    0.03                           clk (net)
                  0.21    0.00    8.14 ^ clkbuf_0_clk/A (sky130_fd_sc_hd__clkbuf_16)
                  0.11    0.31    8.45 ^ clkbuf_0_clk/X (sky130_fd_sc_hd__clkbuf_16)
     4    0.05                           clknet_0_clk (net)
                  0.11    0.00    8.45 ^ clkbuf_2_2__f_clk/A (sky130_fd_sc_hd__clkbuf_16)
                  0.15    0.30    8.75 ^ clkbuf_2_2__f_clk/X (sky130_fd_sc_hd__clkbuf_16)
     7    0.08                           clknet_2_2__leaf_clk (net)
                  0.15    0.00    8.75 ^ clkbuf_leaf_17_clk/A (sky130_fd_sc_hd__clkbuf_16)
                  0.08    0.25    9.00 ^ clkbuf_leaf_17_clk/X (sky130_fd_sc_hd__clkbuf_16)
    10    0.03                           clknet_leaf_17_clk (net)
                  0.08    0.00    9.00 ^ _2033_/CLK (sky130_fd_sc_hd__dfxtp_1)
                         -0.25    8.75   clock uncertainty
                          0.05    8.80   clock reconvergence pessimism
                         -0.26    8.54   library setup time
                                  8.54   data required time
-----------------------------------------------------------------------------
                                  8.54   data required time
                                 -9.00   data arrival time
-----------------------------------------------------------------------------
                                 -0.46   slack (VIOLATED)



======================= Typical Corner ===================================

Startpoint: heartbeat_fc (input port clocked by clk)
Endpoint: _2149_ (recovery check against rising-edge clock clk)
Path Group: asynchronous
Path Type: max
Corner: Typical

Fanout     Cap    Slew   Delay    Time   Description
-----------------------------------------------------------------------------
                          0.00    0.00   clock clk (rise edge)
                          0.00    0.00   clock network delay (propagated)
                          1.60    1.60 v input external delay
                  0.01    0.00    1.60 v heartbeat_fc (in)
     1    0.00                           heartbeat_fc (net)
                  0.01    0.00    1.60 v input1/A (sky130_fd_sc_hd__dlymetal6s2s_1)
                  0.11    0.20    1.80 v input1/X (sky130_fd_sc_hd__dlymetal6s2s_1)
     2    0.02                           net1 (net)
                  0.11    0.00    1.80 v fanout14/A (sky130_fd_sc_hd__clkbuf_2)
                  0.10    0.20    2.00 v fanout14/X (sky130_fd_sc_hd__clkbuf_2)
     6    0.02                           net14 (net)
                  0.10    0.00    2.00 v fanout12/A (sky130_fd_sc_hd__clkbuf_4)
                  0.11    0.24    2.24 v fanout12/X (sky130_fd_sc_hd__clkbuf_4)
    10    0.05                           net12 (net)
                  0.11    0.00    2.25 v _1746_/A (sky130_fd_sc_hd__buf_4)
                  0.08    0.23    2.48 v _1746_/X (sky130_fd_sc_hd__buf_4)
    10    0.06                           _0558_ (net)
                  0.08    0.00    2.48 v _1747_/A (sky130_fd_sc_hd__buf_4)
                  0.08    0.22    2.70 v _1747_/X (sky130_fd_sc_hd__buf_4)
    10    0.06                           _0559_ (net)
                  0.08    0.00    2.70 v _1750_/A (sky130_fd_sc_hd__inv_2)
                  0.03    0.06    2.76 ^ _1750_/Y (sky130_fd_sc_hd__inv_2)
     1    0.00                           _0059_ (net)
                  0.03    0.00    2.76 ^ _2149_/SET_B (sky130_fd_sc_hd__dfstp_1)
                                  2.76   data arrival time

                          8.00    8.00   clock clk (rise edge)
                          0.00    8.00   clock source latency
                  0.13    0.09    8.09 ^ clk (in)
     1    0.03                           clk (net)
                  0.13    0.00    8.09 ^ clkbuf_0_clk/A (sky130_fd_sc_hd__clkbuf_16)
                  0.07    0.17    8.26 ^ clkbuf_0_clk/X (sky130_fd_sc_hd__clkbuf_16)
     4    0.05                           clknet_0_clk (net)
                  0.07    0.00    8.26 ^ clkbuf_2_0__f_clk/A (sky130_fd_sc_hd__clkbuf_16)
                  0.11    0.18    8.45 ^ clkbuf_2_0__f_clk/X (sky130_fd_sc_hd__clkbuf_16)
     8    0.10                           clknet_2_0__leaf_clk (net)
                  0.11    0.00    8.45 ^ clkbuf_leaf_30_clk/A (sky130_fd_sc_hd__clkbuf_16)
                  0.03    0.13    8.58 ^ clkbuf_leaf_30_clk/X (sky130_fd_sc_hd__clkbuf_16)
     3    0.01                           clknet_leaf_30_clk (net)
                  0.03    0.00    8.58 ^ _2149_/CLK (sky130_fd_sc_hd__dfstp_1)
                         -0.25    8.33   clock uncertainty
                          0.00    8.33   clock reconvergence pessimism
                          0.14    8.47   library recovery time
                                  8.47   data required time
-----------------------------------------------------------------------------
                                  8.47   data required time
                                 -2.76   data arrival time
-----------------------------------------------------------------------------
                                  5.71   slack (MET)


Startpoint: _2187_ (rising edge-triggered flip-flop clocked by clk)
Endpoint: _2033_ (rising edge-triggered flip-flop clocked by clk)
Path Group: clk
Path Type: max
Corner: Typical

Fanout     Cap    Slew   Delay    Time   Description
-----------------------------------------------------------------------------
                          0.00    0.00   clock clk (rise edge)
                          0.00    0.00   clock source latency
                  0.13    0.10    0.10 ^ clk (in)
     1    0.03                           clk (net)
                  0.13    0.00    0.10 ^ clkbuf_0_clk/A (sky130_fd_sc_hd__clkbuf_16)
                  0.07    0.19    0.29 ^ clkbuf_0_clk/X (sky130_fd_sc_hd__clkbuf_16)
     4    0.05                           clknet_0_clk (net)
                  0.07    0.00    0.29 ^ clkbuf_2_3__f_clk/A (sky130_fd_sc_hd__clkbuf_16)
                  0.11    0.20    0.49 ^ clkbuf_2_3__f_clk/X (sky130_fd_sc_hd__clkbuf_16)
     8    0.10                           clknet_2_3__leaf_clk (net)
                  0.11    0.00    0.49 ^ clkbuf_leaf_16_clk/A (sky130_fd_sc_hd__clkbuf_16)
                  0.06    0.17    0.67 ^ clkbuf_leaf_16_clk/X (sky130_fd_sc_hd__clkbuf_16)
    13    0.04                           clknet_leaf_16_clk (net)
                  0.06    0.00    0.67 ^ _2187_/CLK (sky130_fd_sc_hd__dfxtp_2)
                  0.04    0.34    1.01 v _2187_/Q (sky130_fd_sc_hd__dfxtp_2)
     4    0.01                           uart_tx_raspi_inst.prescale_reg[1] (net)
                  0.04    0.00    1.01 v _1314_/C (sky130_fd_sc_hd__or4_4)
                  0.08    0.50    1.51 v _1314_/X (sky130_fd_sc_hd__or4_4)
     1    0.00                           _0932_ (net)
                  0.08    0.00    1.51 v _1315_/A (sky130_fd_sc_hd__buf_6)
                  0.04    0.16    1.66 v _1315_/X (sky130_fd_sc_hd__buf_6)
     8    0.03                           _0933_ (net)
                  0.04    0.00    1.66 v _1318_/B (sky130_fd_sc_hd__or4_4)
                  0.10    0.56    2.23 v _1318_/X (sky130_fd_sc_hd__or4_4)
     5    0.01                           _0936_ (net)
                  0.10    0.00    2.23 v _1320_/C (sky130_fd_sc_hd__or4_4)
                  0.11    0.56    2.79 v _1320_/X (sky130_fd_sc_hd__or4_4)
     6    0.02                           _0938_ (net)
                  0.11    0.00    2.79 v _1321_/D (sky130_fd_sc_hd__or4_4)
                  0.11    0.50    3.29 v _1321_/X (sky130_fd_sc_hd__or4_4)
     2    0.02                           _0939_ (net)
                  0.11    0.00    3.29 v _1322_/A (sky130_fd_sc_hd__buf_6)
                  0.03    0.16    3.46 v _1322_/X (sky130_fd_sc_hd__buf_6)
     6    0.02                           _0940_ (net)
                  0.03    0.00    3.46 v _1326_/B (sky130_fd_sc_hd__or4b_4)
                  0.08    0.53    3.99 v _1326_/X (sky130_fd_sc_hd__or4b_4)
     1    0.00                           _0944_ (net)
                  0.08    0.00    3.99 v _1327_/A (sky130_fd_sc_hd__buf_6)
                  0.04    0.16    4.15 v _1327_/X (sky130_fd_sc_hd__buf_6)
     6    0.03                           _0945_ (net)
                  0.04    0.00    4.15 v split1/A (sky130_fd_sc_hd__buf_6)
                  0.04    0.14    4.29 v split1/X (sky130_fd_sc_hd__buf_6)
     4    0.03                           net15 (net)
                  0.04    0.00    4.29 v _1331_/S (sky130_fd_sc_hd__mux2_4)
                  0.05    0.30    4.59 v _1331_/X (sky130_fd_sc_hd__mux2_4)
     1    0.00                           _0948_ (net)
                  0.05    0.00    4.59 v _1332_/A (sky130_fd_sc_hd__clkbuf_1)
                  0.02    0.09    4.68 v _1332_/X (sky130_fd_sc_hd__clkbuf_1)
     1    0.00                           _0113_ (net)
                  0.02    0.00    4.68 v _2033_/D (sky130_fd_sc_hd__dfxtp_1)
                                  4.68   data arrival time

                          8.00    8.00   clock clk (rise edge)
                          0.00    8.00   clock source latency
                  0.13    0.09    8.09 ^ clk (in)
     1    0.03                           clk (net)
                  0.13    0.00    8.09 ^ clkbuf_0_clk/A (sky130_fd_sc_hd__clkbuf_16)
                  0.07    0.17    8.26 ^ clkbuf_0_clk/X (sky130_fd_sc_hd__clkbuf_16)
     4    0.05                           clknet_0_clk (net)
                  0.07    0.00    8.26 ^ clkbuf_2_2__f_clk/A (sky130_fd_sc_hd__clkbuf_16)
                  0.10    0.17    8.43 ^ clkbuf_2_2__f_clk/X (sky130_fd_sc_hd__clkbuf_16)
     7    0.08                           clknet_2_2__leaf_clk (net)
                  0.10    0.00    8.44 ^ clkbuf_leaf_17_clk/A (sky130_fd_sc_hd__clkbuf_16)
                  0.05    0.15    8.58 ^ clkbuf_leaf_17_clk/X (sky130_fd_sc_hd__clkbuf_16)
    10    0.03                           clknet_leaf_17_clk (net)
                  0.05    0.00    8.58 ^ _2033_/CLK (sky130_fd_sc_hd__dfxtp_1)
                         -0.25    8.33   clock uncertainty
                          0.03    8.36   clock reconvergence pessimism
                         -0.10    8.26   library setup time
                                  8.26   data required time
-----------------------------------------------------------------------------
                                  8.26   data required time
                                 -4.68   data arrival time
-----------------------------------------------------------------------------
                                  3.58   slack (MET)




===========================================================================
report_checks --slack_max -0.01
============================================================================
======================= Fastest Corner ===================================

No paths found.

======================= Slowest Corner ===================================

Startpoint: _2187_ (rising edge-triggered flip-flop clocked by clk)
Endpoint: _2033_ (rising edge-triggered flip-flop clocked by clk)
Path Group: clk
Path Type: max
Corner: Slowest

Fanout     Cap    Slew   Delay    Time   Description
-----------------------------------------------------------------------------
                          0.00    0.00   clock clk (rise edge)
                          0.00    0.00   clock source latency
                  0.21    0.15    0.15 ^ clk (in)
     1    0.03                           clk (net)
                  0.21    0.00    0.15 ^ clkbuf_0_clk/A (sky130_fd_sc_hd__clkbuf_16)
                  0.11    0.34    0.50 ^ clkbuf_0_clk/X (sky130_fd_sc_hd__clkbuf_16)
     4    0.05                           clknet_0_clk (net)
                  0.11    0.00    0.50 ^ clkbuf_2_3__f_clk/A (sky130_fd_sc_hd__clkbuf_16)
                  0.17    0.34    0.84 ^ clkbuf_2_3__f_clk/X (sky130_fd_sc_hd__clkbuf_16)
     8    0.10                           clknet_2_3__leaf_clk (net)
                  0.17    0.00    0.84 ^ clkbuf_leaf_16_clk/A (sky130_fd_sc_hd__clkbuf_16)
                  0.09    0.31    1.15 ^ clkbuf_leaf_16_clk/X (sky130_fd_sc_hd__clkbuf_16)
    13    0.04                           clknet_leaf_16_clk (net)
                  0.09    0.00    1.15 ^ _2187_/CLK (sky130_fd_sc_hd__dfxtp_2)
                  0.07    0.67    1.82 v _2187_/Q (sky130_fd_sc_hd__dfxtp_2)
     4    0.01                           uart_tx_raspi_inst.prescale_reg[1] (net)
                  0.07    0.00    1.82 v _1314_/C (sky130_fd_sc_hd__or4_4)
                  0.15    1.00    2.82 v _1314_/X (sky130_fd_sc_hd__or4_4)
     1    0.00                           _0932_ (net)
                  0.15    0.00    2.82 v _1315_/A (sky130_fd_sc_hd__buf_6)
                  0.07    0.29    3.11 v _1315_/X (sky130_fd_sc_hd__buf_6)
     8    0.03                           _0933_ (net)
                  0.07    0.00    3.11 v _1318_/B (sky130_fd_sc_hd__or4_4)
                  0.19    1.12    4.23 v _1318_/X (sky130_fd_sc_hd__or4_4)
     5    0.01                           _0936_ (net)
                  0.19    0.00    4.23 v _1320_/C (sky130_fd_sc_hd__or4_4)
                  0.19    1.12    5.36 v _1320_/X (sky130_fd_sc_hd__or4_4)
     6    0.02                           _0938_ (net)
                  0.19    0.00    5.36 v _1321_/D (sky130_fd_sc_hd__or4_4)
                  0.20    1.01    6.36 v _1321_/X (sky130_fd_sc_hd__or4_4)
     2    0.02                           _0939_ (net)
                  0.20    0.00    6.36 v _1322_/A (sky130_fd_sc_hd__buf_6)
                  0.06    0.30    6.67 v _1322_/X (sky130_fd_sc_hd__buf_6)
     6    0.02                           _0940_ (net)
                  0.06    0.00    6.67 v _1326_/B (sky130_fd_sc_hd__or4b_4)
                  0.15    1.06    7.73 v _1326_/X (sky130_fd_sc_hd__or4b_4)
     1    0.00                           _0944_ (net)
                  0.15    0.00    7.73 v _1327_/A (sky130_fd_sc_hd__buf_6)
                  0.07    0.30    8.03 v _1327_/X (sky130_fd_sc_hd__buf_6)
     6    0.03                           _0945_ (net)
                  0.07    0.00    8.03 v split1/A (sky130_fd_sc_hd__buf_6)
                  0.07    0.25    8.28 v split1/X (sky130_fd_sc_hd__buf_6)
     4    0.03                           net15 (net)
                  0.07    0.00    8.28 v _1331_/S (sky130_fd_sc_hd__mux2_4)
                  0.08    0.56    8.84 v _1331_/X (sky130_fd_sc_hd__mux2_4)
     1    0.00                           _0948_ (net)
                  0.08    0.00    8.84 v _1332_/A (sky130_fd_sc_hd__clkbuf_1)
                  0.04    0.17    9.00 v _1332_/X (sky130_fd_sc_hd__clkbuf_1)
     1    0.00                           _0113_ (net)
                  0.04    0.00    9.00 v _2033_/D (sky130_fd_sc_hd__dfxtp_1)
                                  9.00   data arrival time

                          8.00    8.00   clock clk (rise edge)
                          0.00    8.00   clock source latency
                  0.21    0.14    8.14 ^ clk (in)
     1    0.03                           clk (net)
                  0.21    0.00    8.14 ^ clkbuf_0_clk/A (sky130_fd_sc_hd__clkbuf_16)
                  0.11    0.31    8.45 ^ clkbuf_0_clk/X (sky130_fd_sc_hd__clkbuf_16)
     4    0.05                           clknet_0_clk (net)
                  0.11    0.00    8.45 ^ clkbuf_2_2__f_clk/A (sky130_fd_sc_hd__clkbuf_16)
                  0.15    0.30    8.75 ^ clkbuf_2_2__f_clk/X (sky130_fd_sc_hd__clkbuf_16)
     7    0.08                           clknet_2_2__leaf_clk (net)
                  0.15    0.00    8.75 ^ clkbuf_leaf_17_clk/A (sky130_fd_sc_hd__clkbuf_16)
                  0.08    0.25    9.00 ^ clkbuf_leaf_17_clk/X (sky130_fd_sc_hd__clkbuf_16)
    10    0.03                           clknet_leaf_17_clk (net)
                  0.08    0.00    9.00 ^ _2033_/CLK (sky130_fd_sc_hd__dfxtp_1)
                         -0.25    8.75   clock uncertainty
                          0.05    8.80   clock reconvergence pessimism
                         -0.26    8.54   library setup time
                                  8.54   data required time
-----------------------------------------------------------------------------
                                  8.54   data required time
                                 -9.00   data arrival time
-----------------------------------------------------------------------------
                                 -0.46   slack (VIOLATED)



======================= Typical Corner ===================================

No paths found.


===========================================================================
 report_check_types -max_slew -max_cap -max_fanout -violators
============================================================================
======================= Fastest Corner ===================================

max fanout

Pin                                   Limit Fanout  Slack
---------------------------------------------------------
clkbuf_leaf_23_clk/X                     10     16     -6 (VIOLATED)
clkbuf_leaf_0_clk/X                      10     15     -5 (VIOLATED)
clkbuf_leaf_22_clk/X                     10     14     -4 (VIOLATED)
clkbuf_leaf_16_clk/X                     10     13     -3 (VIOLATED)
clkbuf_leaf_19_clk/X                     10     11        (VIOLATED)
clkbuf_leaf_8_clk/X                      10     11        (VIOLATED)


======================= Slowest Corner ===================================

max fanout

Pin                                   Limit Fanout  Slack
---------------------------------------------------------
clkbuf_leaf_23_clk/X                     10     16     -6 (VIOLATED)
clkbuf_leaf_0_clk/X                      10     15     -5 (VIOLATED)
clkbuf_leaf_22_clk/X                     10     14     -4 (VIOLATED)
clkbuf_leaf_16_clk/X                     10     13     -3 (VIOLATED)
clkbuf_leaf_19_clk/X                     10     11        (VIOLATED)
clkbuf_leaf_8_clk/X                      10     11        (VIOLATED)


======================= Typical Corner ===================================

max fanout

Pin                                   Limit Fanout  Slack
---------------------------------------------------------
clkbuf_leaf_23_clk/X                     10     16     -6 (VIOLATED)
clkbuf_leaf_0_clk/X                      10     15     -5 (VIOLATED)
clkbuf_leaf_22_clk/X                     10     14     -4 (VIOLATED)
clkbuf_leaf_16_clk/X                     10     13     -3 (VIOLATED)
clkbuf_leaf_19_clk/X                     10     11        (VIOLATED)
clkbuf_leaf_8_clk/X                      10     11        (VIOLATED)



===========================================================================
report_parasitic_annotation -report_unannotated
============================================================================
Found 2 unannotated drivers.
 heartbeat_jetson
 initialize
Found 0 partially unannotated drivers.

===========================================================================
max slew violation count 0
max fanout violation count 6
max cap violation count 0
============================================================================

===========================================================================
check_setup -verbose -unconstrained_endpoints -multiple_clock -no_clock -no_input_delay -loops -generated_clocks
===========================================================================
