
66. Printing statistics.

=== sistem_lengkap ===

   Number of wires:               1291
   Number of wire bits:           1291
   Number of public wires:         276
   Number of public wire bits:     276
   Number of memories:               0
   Number of memory bits:            0
   Number of processes:              0
   Number of cells:               1285
     sky130_fd_sc_hd__a2111o_2       1
     sky130_fd_sc_hd__a211o_2        1
     sky130_fd_sc_hd__a211oi_2      11
     sky130_fd_sc_hd__a21boi_2       1
     sky130_fd_sc_hd__a21o_2        29
     sky130_fd_sc_hd__a21oi_2       98
     sky130_fd_sc_hd__a221o_2        1
     sky130_fd_sc_hd__a221oi_2       2
     sky130_fd_sc_hd__a22o_2         2
     sky130_fd_sc_hd__a311o_2        1
     sky130_fd_sc_hd__a311oi_2       5
     sky130_fd_sc_hd__a31o_2        18
     sky130_fd_sc_hd__a41o_2         1
     sky130_fd_sc_hd__and2_2        38
     sky130_fd_sc_hd__and2b_2       22
     sky130_fd_sc_hd__and3_2        35
     sky130_fd_sc_hd__and3b_2       15
     sky130_fd_sc_hd__and4_2        34
     sky130_fd_sc_hd__and4bb_2       1
     sky130_fd_sc_hd__buf_1        144
     sky130_fd_sc_hd__dfrtp_2      106
     sky130_fd_sc_hd__dfstp_2        4
     sky130_fd_sc_hd__dfxtp_2      159
     sky130_fd_sc_hd__inv_2         78
     sky130_fd_sc_hd__mux2_2        69
     sky130_fd_sc_hd__nand2_2       61
     sky130_fd_sc_hd__nand2b_2       1
     sky130_fd_sc_hd__nand3_2        5
     sky130_fd_sc_hd__nand4_2        7
     sky130_fd_sc_hd__nor2_2        59
     sky130_fd_sc_hd__nor2b_2        1
     sky130_fd_sc_hd__nor3_2        14
     sky130_fd_sc_hd__nor3b_2        1
     sky130_fd_sc_hd__nor4_2         1
     sky130_fd_sc_hd__o211a_2       16
     sky130_fd_sc_hd__o21a_2        31
     sky130_fd_sc_hd__o21ai_2       25
     sky130_fd_sc_hd__o21ba_2       15
     sky130_fd_sc_hd__o21bai_2       3
     sky130_fd_sc_hd__o221a_2        1
     sky130_fd_sc_hd__o2bb2a_2       5
     sky130_fd_sc_hd__or2_2         53
     sky130_fd_sc_hd__or2b_2         5
     sky130_fd_sc_hd__or3_2         25
     sky130_fd_sc_hd__or3b_2         5
     sky130_fd_sc_hd__or4_2         42
     sky130_fd_sc_hd__or4b_2         6
     sky130_fd_sc_hd__or4bb_2        4
     sky130_fd_sc_hd__xnor2_2       11
     sky130_fd_sc_hd__xor2_2        12

   Chip area for module '\sistem_lengkap': 14158.579200

