
===========================================================================
report_checks -unconstrained
===========================================================================
======================= Typical Corner ===================================

Startpoint: heartbeat_fc (input port clocked by clk)
Endpoint: _2149_ (recovery check against rising-edge clock clk)
Path Group: asynchronous
Path Type: max

Fanout     Cap    Slew   Delay    Time   Description
-----------------------------------------------------------------------------
                          0.00    0.00   clock clk (rise edge)
                          0.00    0.00   clock network delay (propagated)
                          1.60    1.60 v input external delay
                  0.01    0.00    1.60 v heartbeat_fc (in)
     1    0.00                           heartbeat_fc (net)
                  0.01    0.00    1.60 v input1/A (sky130_fd_sc_hd__buf_1)
                  0.08    0.13    1.73 v input1/X (sky130_fd_sc_hd__buf_1)
     2    0.01                           net1 (net)
                  0.08    0.00    1.73 v fanout14/A (sky130_fd_sc_hd__clkbuf_2)
                  0.08    0.18    1.91 v fanout14/X (sky130_fd_sc_hd__clkbuf_2)
     6    0.02                           net14 (net)
                  0.08    0.00    1.91 v fanout12/A (sky130_fd_sc_hd__clkbuf_4)
                  0.09    0.22    2.13 v fanout12/X (sky130_fd_sc_hd__clkbuf_4)
    10    0.04                           net12 (net)
                  0.09    0.00    2.13 v _1746_/A (sky130_fd_sc_hd__buf_4)
                  0.07    0.21    2.35 v _1746_/X (sky130_fd_sc_hd__buf_4)
    10    0.05                           _0558_ (net)
                  0.07    0.00    2.35 v _1747_/A (sky130_fd_sc_hd__buf_4)
                  0.08    0.21    2.56 v _1747_/X (sky130_fd_sc_hd__buf_4)
    10    0.05                           _0559_ (net)
                  0.08    0.00    2.56 v _1750_/A (sky130_fd_sc_hd__inv_2)
                  0.03    0.06    2.61 ^ _1750_/Y (sky130_fd_sc_hd__inv_2)
     1    0.00                           _0059_ (net)
                  0.03    0.00    2.61 ^ _2149_/SET_B (sky130_fd_sc_hd__dfstp_1)
                                  2.61   data arrival time

                          8.00    8.00   clock clk (rise edge)
                          0.00    8.00   clock source latency
                  0.11    0.07    8.07 ^ clk (in)
     1    0.02                           clk (net)
                  0.11    0.00    8.07 ^ clkbuf_0_clk/A (sky130_fd_sc_hd__clkbuf_16)
                  0.06    0.16    8.23 ^ clkbuf_0_clk/X (sky130_fd_sc_hd__clkbuf_16)
     4    0.04                           clknet_0_clk (net)
                  0.06    0.00    8.23 ^ clkbuf_2_0__f_clk/A (sky130_fd_sc_hd__clkbuf_16)
                  0.10    0.17    8.41 ^ clkbuf_2_0__f_clk/X (sky130_fd_sc_hd__clkbuf_16)
     8    0.08                           clknet_2_0__leaf_clk (net)
                  0.10    0.00    8.41 ^ clkbuf_leaf_30_clk/A (sky130_fd_sc_hd__clkbuf_16)
                  0.03    0.13    8.53 ^ clkbuf_leaf_30_clk/X (sky130_fd_sc_hd__clkbuf_16)
     3    0.01                           clknet_leaf_30_clk (net)
                  0.03    0.00    8.53 ^ _2149_/CLK (sky130_fd_sc_hd__dfstp_1)
                         -0.25    8.28   clock uncertainty
                          0.00    8.28   clock reconvergence pessimism
                          0.13    8.42   library recovery time
                                  8.42   data required time
-----------------------------------------------------------------------------
                                  8.42   data required time
                                 -2.61   data arrival time
-----------------------------------------------------------------------------
                                  5.80   slack (MET)


Startpoint: _2187_ (rising edge-triggered flip-flop clocked by clk)
Endpoint: _2038_ (rising edge-triggered flip-flop clocked by clk)
Path Group: clk
Path Type: max

Fanout     Cap    Slew   Delay    Time   Description
-----------------------------------------------------------------------------
                          0.00    0.00   clock clk (rise edge)
                          0.00    0.00   clock source latency
                  0.11    0.08    0.08 ^ clk (in)
     1    0.02                           clk (net)
                  0.11    0.00    0.08 ^ clkbuf_0_clk/A (sky130_fd_sc_hd__clkbuf_16)
                  0.06    0.18    0.26 ^ clkbuf_0_clk/X (sky130_fd_sc_hd__clkbuf_16)
     4    0.04                           clknet_0_clk (net)
                  0.06    0.00    0.26 ^ clkbuf_2_3__f_clk/A (sky130_fd_sc_hd__clkbuf_16)
                  0.10    0.19    0.45 ^ clkbuf_2_3__f_clk/X (sky130_fd_sc_hd__clkbuf_16)
     8    0.08                           clknet_2_3__leaf_clk (net)
                  0.10    0.00    0.45 ^ clkbuf_leaf_16_clk/A (sky130_fd_sc_hd__clkbuf_16)
                  0.06    0.17    0.61 ^ clkbuf_leaf_16_clk/X (sky130_fd_sc_hd__clkbuf_16)
    13    0.03                           clknet_leaf_16_clk (net)
                  0.06    0.00    0.61 ^ _2187_/CLK (sky130_fd_sc_hd__dfxtp_1)
                  0.06    0.35    0.96 v _2187_/Q (sky130_fd_sc_hd__dfxtp_1)
     5    0.01                           uart_tx_raspi_inst.prescale_reg[1] (net)
                  0.06    0.00    0.96 v _1314_/C (sky130_fd_sc_hd__or4_1)
                  0.08    0.48    1.44 v _1314_/X (sky130_fd_sc_hd__or4_1)
     1    0.00                           _0932_ (net)
                  0.08    0.00    1.44 v _1315_/A (sky130_fd_sc_hd__clkbuf_2)
                  0.09    0.18    1.61 v _1315_/X (sky130_fd_sc_hd__clkbuf_2)
     8    0.02                           _0933_ (net)
                  0.09    0.00    1.61 v _1318_/B (sky130_fd_sc_hd__or4_2)
                  0.13    0.74    2.35 v _1318_/X (sky130_fd_sc_hd__or4_2)
     5    0.01                           _0936_ (net)
                  0.13    0.00    2.35 v _1320_/C (sky130_fd_sc_hd__or4_2)
                  0.14    0.73    3.08 v _1320_/X (sky130_fd_sc_hd__or4_2)
     6    0.01                           _0938_ (net)
                  0.14    0.00    3.08 v _1321_/D (sky130_fd_sc_hd__or4_1)
                  0.12    0.50    3.58 v _1321_/X (sky130_fd_sc_hd__or4_1)
     2    0.01                           _0939_ (net)
                  0.12    0.00    3.58 v _1325_/B1 (sky130_fd_sc_hd__a21oi_2)
                  0.26    0.27    3.85 ^ _1325_/Y (sky130_fd_sc_hd__a21oi_2)
     7    0.02                           _0943_ (net)
                  0.26    0.00    3.85 ^ _1326_/D_N (sky130_fd_sc_hd__or4b_1)
                  0.08    0.48    4.32 v _1326_/X (sky130_fd_sc_hd__or4b_1)
     1    0.00                           _0944_ (net)
                  0.08    0.00    4.32 v _1327_/A (sky130_fd_sc_hd__clkbuf_4)
                  0.08    0.21    4.53 v _1327_/X (sky130_fd_sc_hd__clkbuf_4)
     9    0.04                           _0945_ (net)
                  0.08    0.00    4.53 v _1346_/S (sky130_fd_sc_hd__mux2_1)
                  0.05    0.33    4.87 v _1346_/X (sky130_fd_sc_hd__mux2_1)
     1    0.00                           _0958_ (net)
                  0.05    0.00    4.87 v _1347_/A (sky130_fd_sc_hd__clkbuf_1)
                  0.02    0.09    4.96 v _1347_/X (sky130_fd_sc_hd__clkbuf_1)
     1    0.00                           _0118_ (net)
                  0.02    0.00    4.96 v _2038_/D (sky130_fd_sc_hd__dfxtp_1)
                                  4.96   data arrival time

                          8.00    8.00   clock clk (rise edge)
                          0.00    8.00   clock source latency
                  0.11    0.07    8.07 ^ clk (in)
     1    0.02                           clk (net)
                  0.11    0.00    8.07 ^ clkbuf_0_clk/A (sky130_fd_sc_hd__clkbuf_16)
                  0.06    0.16    8.23 ^ clkbuf_0_clk/X (sky130_fd_sc_hd__clkbuf_16)
     4    0.04                           clknet_0_clk (net)
                  0.06    0.00    8.23 ^ clkbuf_2_2__f_clk/A (sky130_fd_sc_hd__clkbuf_16)
                  0.09    0.16    8.40 ^ clkbuf_2_2__f_clk/X (sky130_fd_sc_hd__clkbuf_16)
     7    0.07                           clknet_2_2__leaf_clk (net)
                  0.09    0.00    8.40 ^ clkbuf_leaf_18_clk/A (sky130_fd_sc_hd__clkbuf_16)
                  0.04    0.14    8.53 ^ clkbuf_leaf_18_clk/X (sky130_fd_sc_hd__clkbuf_16)
     8    0.02                           clknet_leaf_18_clk (net)
                  0.04    0.00    8.53 ^ _2038_/CLK (sky130_fd_sc_hd__dfxtp_1)
                         -0.25    8.28   clock uncertainty
                          0.02    8.31   clock reconvergence pessimism
                         -0.10    8.21   library setup time
                                  8.21   data required time
-----------------------------------------------------------------------------
                                  8.21   data required time
                                 -4.96   data arrival time
-----------------------------------------------------------------------------
                                  3.25   slack (MET)




===========================================================================
report_checks --slack_max -0.01
============================================================================
======================= Typical Corner ===================================

No paths found.


===========================================================================
 report_check_types -max_slew -max_cap -max_fanout -violators
============================================================================
======================= Typical Corner ===================================

max fanout

Pin                                   Limit Fanout  Slack
---------------------------------------------------------
clkbuf_leaf_23_clk/X                     10     16     -6 (VIOLATED)
clkbuf_leaf_0_clk/X                      10     15     -5 (VIOLATED)
clkbuf_leaf_22_clk/X                     10     14     -4 (VIOLATED)
clkbuf_leaf_16_clk/X                     10     13     -3 (VIOLATED)
clkbuf_leaf_19_clk/X                     10     11        (VIOLATED)
clkbuf_leaf_8_clk/X                      10     11        (VIOLATED)



===========================================================================
report_parasitic_annotation -report_unannotated
============================================================================
Found 1341 unannotated drivers.
 clk
 heartbeat_fc
 heartbeat_jetson
 initialize
 rxd_jetson
 rxd_raspi
 _1015_/X
 _1016_/X
 _1017_/X
 _1018_/X
 _1019_/X
 _1020_/X
 _1021_/X
 _1022_/X
 _1023_/Y
 _1024_/Y
 _1025_/X
 _1026_/X
 _1027_/X
 _1028_/X
 _1029_/Y
 _1030_/X
 _1031_/X
 _1032_/X
 _1033_/X
 _1034_/X
 _1035_/X
 _1036_/Y
 _1037_/X
 _1038_/X
 _1039_/X
 _1040_/X
 _1041_/X
 _1042_/X
 _1043_/X
 _1044_/X
 _1045_/X
 _1046_/X
 _1047_/X
 _1048_/X
 _1049_/Y
 _1050_/X
 _1051_/X
 _1052_/X
 _1053_/X
 _1054_/Y
 _1055_/Y
 _1056_/X
 _1057_/X
 _1058_/Y
 _1059_/X
 _1060_/Y
 _1061_/Y
 _1062_/X
 _1063_/X
 _1064_/X
 _1065_/Y
 _1066_/Y
 _1067_/Y
 _1068_/X
 _1069_/Y
 _1070_/X
 _1071_/X
 _1072_/X
 _1073_/X
 _1074_/X
 _1075_/Y
 _1076_/Y
 _1077_/Y
 _1078_/X
 _1079_/X
 _1080_/X
 _1081_/X
 _1082_/Y
 _1083_/Y
 _1084_/Y
 _1085_/X
 _1086_/X
 _1087_/Y
 _1088_/X
 _1089_/X
 _1090_/X
 _1091_/X
 _1092_/Y
 _1093_/Y
 _1094_/X
 _1095_/X
 _1096_/X
 _1097_/X
 _1098_/Y
 _1099_/X
 _1100_/Y
 _1101_/X
 _1102_/X
 _1103_/X
 _1104_/X
 _1105_/X
 _1106_/X
 _1107_/X
 _1108_/X
 _1109_/Y
 _1110_/Y
 _1111_/Y
 _1112_/Y
 _1113_/X
 _1114_/X
 _1115_/X
 _1116_/Y
 _1117_/X
 _1118_/Y
 _1119_/X
 _1120_/X
 _1121_/Y
 _1122_/Y
 _1123_/Y
 _1124_/X
 _1125_/X
 _1126_/X
 _1127_/X
 _1128_/Y
 _1129_/X
 _1130_/X
 _1131_/X
 _1132_/X
 _1133_/X
 _1134_/Y
 _1135_/X
 _1136_/X
 _1137_/X
 _1138_/X
 _1139_/X
 _1140_/X
 _1141_/X
 _1142_/X
 _1143_/X
 _1144_/X
 _1145_/X
 _1146_/X
 _1147_/X
 _1148_/Y
 _1149_/X
 _1150_/X
 _1151_/Y
 _1152_/Y
 _1153_/X
 _1154_/X
 _1155_/Y
 _1156_/Y
 _1157_/X
 _1158_/X
 _1159_/Y
 _1160_/Y
 _1161_/X
 _1162_/X
 _1163_/Y
 _1164_/X
 _1165_/X
 _1166_/Y
 _1167_/X
 _1168_/X
 _1169_/Y
 _1170_/Y
 _1171_/Y
 _1172_/X
 _1173_/Y
 _1174_/Y
 _1175_/X
 _1176_/Y
 _1177_/Y
 _1178_/X
 _1179_/X
 _1180_/Y
 _1181_/X
 _1182_/X
 _1183_/X
 _1184_/X
 _1185_/X
 _1186_/X
 _1187_/Y
 _1188_/X
 _1189_/Y
 _1190_/X
 _1191_/Y
 _1192_/Y
 _1193_/X
 _1194_/Y
 _1195_/X
 _1196_/X
 _1197_/Y
 _1198_/X
 _1199_/Y
 _1200_/X
 _1201_/Y
 _1202_/X
 _1203_/X
 _1204_/Y
 _1205_/Y
 _1206_/X
 _1207_/X
 _1208_/X
 _1209_/X
 _1210_/X
 _1211_/X
 _1212_/Y
 _1213_/X
 _1214_/X
 _1215_/X
 _1216_/Y
 _1217_/Y
 _1218_/X
 _1219_/Y
 _1220_/Y
 _1221_/X
 _1222_/Y
 _1223_/X
 _1224_/X
 _1225_/Y
 _1226_/X
 _1227_/X
 _1228_/Y
 _1229_/Y
 _1230_/X
 _1231_/X
 _1232_/Y
 _1233_/Y
 _1234_/X
 _1235_/X
 _1236_/Y
 _1237_/Y
 _1238_/X
 _1239_/Y
 _1240_/X
 _1241_/X
 _1242_/Y
 _1243_/X
 _1244_/X
 _1245_/Y
 _1246_/X
 _1247_/X
 _1248_/Y
 _1249_/X
 _1250_/X
 _1251_/Y
 _1252_/Y
 _1253_/X
 _1254_/Y
 _1255_/X
 _1256_/X
 _1257_/Y
 _1258_/X
 _1259_/X
 _1260_/Y
 _1261_/X
 _1262_/X
 _1263_/X
 _1264_/Y
 _1265_/X
 _1266_/Y
 _1267_/X
 _1268_/X
 _1269_/Y
 _1270_/X
 _1271_/X
 _1272_/X
 _1273_/Y
 _1274_/X
 _1275_/X
 _1276_/Y
 _1277_/X
 _1278_/Y
 _1279_/Y
 _1280_/X
 _1281_/Y
 _1282_/X
 _1283_/X
 _1284_/Y
 _1285_/Y
 _1286_/X
 _1287_/X
 _1288_/X
 _1289_/X
 _1290_/X
 _1291_/X
 _1292_/Y
 _1293_/X
 _1294_/X
 _1295_/X
 _1296_/Y
 _1297_/Y
 _1298_/X
 _1299_/Y
 _1300_/Y
 _1301_/X
 _1302_/Y
 _1303_/X
 _1304_/X
 _1305_/X
 _1306_/X
 _1307_/X
 _1308_/X
 _1309_/Y
 _1310_/Y
 _1311_/X
 _1312_/X
 _1313_/X
 _1314_/X
 _1315_/X
 _1316_/X
 _1317_/X
 _1318_/X
 _1319_/X
 _1320_/X
 _1321_/X
 _1322_/X
 _1323_/Y
 _1324_/Y
 _1325_/Y
 _1326_/X
 _1327_/X
 _1328_/X
 _1329_/X
 _1330_/X
 _1331_/X
 _1332_/X
 _1333_/X
 _1334_/X
 _1335_/X
 _1336_/X
 _1337_/X
 _1338_/X
 _1339_/X
 _1340_/X
 _1341_/X
 _1342_/X
 _1343_/X
 _1344_/X
 _1345_/X
 _1346_/X
 _1347_/X
 _1348_/X
 _1349_/X
 _1350_/X
 _1351_/X
 _1352_/X
 _1353_/X
 _1354_/X
 _1355_/X
 _1356_/X
 _1357_/X
 _1358_/X
 _1359_/X
 _1360_/X
 _1361_/X
 _1362_/X
 _1363_/X
 _1364_/X
 _1365_/X
 _1366_/X
 _1367_/X
 _1368_/X
 _1369_/X
 _1370_/X
 _1371_/X
 _1372_/X
 _1373_/X
 _1374_/X
 _1375_/X
 _1376_/X
 _1377_/X
 _1378_/X
 _1379_/X
 _1380_/X
 _1381_/X
 _1382_/X
 _1383_/X
 _1384_/X
 _1385_/X
 _1386_/X
 _1387_/X
 _1388_/X
 _1389_/X
 _1390_/X
 _1391_/X
 _1392_/X
 _1393_/X
 _1394_/Y
 _1395_/Y
 _1396_/X
 _1397_/X
 _1398_/X
 _1399_/X
 _1400_/Y
 _1401_/X
 _1402_/Y
 _1403_/X
 _1404_/Y
 _1405_/X
 _1406_/X
 _1407_/Y
 _1408_/X
 _1409_/X
 _1410_/Y
 _1411_/Y
 _1412_/X
 _1413_/X
 _1414_/X
 _1415_/Y
 _1416_/Y
 _1417_/X
 _1418_/X
 _1419_/Y
 _1420_/X
 _1421_/X
 _1422_/X
 _1423_/Y
 _1424_/X
 _1425_/Y
 _1426_/X
 _1427_/Y
 _1428_/X
 _1429_/Y
 _1430_/X
 _1431_/Y
 _1432_/Y
 _1433_/X
 _1434_/Y
 _1435_/X
 _1436_/Y
 _1437_/X
 _1438_/Y
 _1439_/X
 _1440_/Y
 _1441_/X
 _1442_/Y
 _1443_/Y
 _1444_/X
 _1445_/X
 _1446_/Y
 _1447_/X
 _1448_/Y
 _1449_/Y
 _1450_/X
 _1451_/X
 _1452_/Y
 _1453_/Y
 _1454_/X
 _1455_/Y
 _1456_/Y
 _1457_/X
 _1458_/Y
 _1459_/Y
 _1460_/X
 _1461_/X
 _1462_/Y
 _1463_/Y
 _1464_/X
 _1465_/Y
 _1466_/Y
 _1467_/X
 _1468_/X
 _1469_/Y
 _1470_/Y
 _1471_/Y
 _1472_/Y
 _1473_/X
 _1474_/Y
 _1475_/Y
 _1476_/Y
 _1477_/Y
 _1478_/X
 _1479_/X
 _1480_/X
 _1481_/X
 _1482_/X
 _1483_/Y
 _1484_/X
 _1485_/X
 _1486_/X
 _1487_/X
 _1488_/X
 _1489_/X
 _1490_/X
 _1491_/Y
 _1492_/Y
 _1493_/X
 _1494_/X
 _1495_/Y
 _1496_/X
 _1497_/X
 _1498_/X
 _1499_/X
 _1500_/Y
 _1501_/X
 _1502_/X
 _1503_/X
 _1504_/X
 _1505_/X
 _1506_/Y
 _1507_/Y
 _1508_/X
 _1509_/Y
 _1510_/X
 _1511_/Y
 _1512_/X
 _1513_/X
 _1514_/X
 _1515_/Y
 _1516_/X
 _1517_/Y
 _1518_/X
 _1519_/X
 _1520_/Y
 _1521_/Y
 _1522_/X
 _1523_/Y
 _1524_/X
 _1525_/Y
 _1526_/X
 _1527_/Y
 _1528_/X
 _1529_/Y
 _1530_/X
 _1531_/Y
 _1532_/Y
 _1533_/X
 _1534_/X
 _1535_/X
 _1536_/Y
 _1537_/X
 _1538_/X
 _1539_/X
 _1540_/X
 _1541_/X
 _1542_/Y
 _1543_/Y
 _1544_/X
 _1545_/Y
 _1546_/Y
 _1547_/Y
 _1548_/X
 _1549_/X
 _1550_/X
 _1551_/Y
 _1552_/Y
 _1553_/Y
 _1554_/X
 _1555_/X
 _1556_/X
 _1557_/Y
 _1558_/X
 _1559_/Y
 _1560_/X
 _1561_/Y
 _1562_/X
 _1563_/Y
 _1564_/Y
 _1565_/X
 _1566_/Y
 _1567_/Y
 _1568_/X
 _1569_/Y
 _1570_/Y
 _1571_/X
 _1572_/X
 _1573_/X
 _1574_/X
 _1575_/Y
 _1576_/Y
 _1577_/Y
 _1578_/Y
 _1579_/Y
 _1580_/Y
 _1581_/X
 _1582_/Y
 _1583_/X
 _1584_/X
 _1585_/Y
 _1586_/Y
 _1587_/X
 _1588_/X
 _1589_/Y
 _1590_/Y
 _1591_/Y
 _1592_/Y
 _1593_/X
 _1594_/X
 _1595_/Y
 _1596_/Y
 _1597_/X
 _1598_/X
 _1599_/X
 _1600_/X
 _1601_/X
 _1602_/X
 _1603_/X
 _1604_/X
 _1605_/X
 _1606_/X
 _1607_/X
 _1608_/X
 _1609_/X
 _1610_/X
 _1611_/X
 _1612_/X
 _1613_/X
 _1614_/X
 _1615_/X
 _1616_/X
 _1617_/X
 _1618_/X
 _1619_/X
 _1620_/X
 _1621_/X
 _1622_/X
 _1623_/X
 _1624_/X
 _1625_/X
 _1626_/X
 _1627_/X
 _1628_/X
 _1629_/X
 _1630_/X
 _1631_/X
 _1632_/Y
 _1633_/Y
 _1634_/X
 _1635_/X
 _1636_/X
 _1637_/X
 _1638_/X
 _1639_/X
 _1640_/X
 _1641_/X
 _1642_/X
 _1643_/X
 _1644_/X
 _1645_/X
 _1646_/X
 _1647_/X
 _1648_/X
 _1649_/X
 _1650_/X
 _1651_/X
 _1652_/X
 _1653_/X
 _1654_/X
 _1655_/X
 _1656_/X
 _1657_/X
 _1658_/X
 _1659_/X
 _1660_/X
 _1661_/Y
 _1662_/X
 _1663_/Y
 _1664_/Y
 _1665_/Y
 _1666_/X
 _1667_/Y
 _1668_/X
 _1669_/X
 _1670_/Y
 _1671_/Y
 _1672_/X
 _1673_/X
 _1674_/X
 _1675_/Y
 _1676_/Y
 _1677_/X
 _1678_/Y
 _1679_/Y
 _1680_/X
 _1681_/Y
 _1682_/Y
 _1683_/X
 _1684_/X
 _1685_/Y
 _1686_/X
 _1687_/X
 _1688_/X
 _1689_/X
 _1690_/Y
 _1691_/X
 _1692_/Y
 _1693_/X
 _1694_/Y
 _1695_/X
 _1696_/Y
 _1697_/X
 _1698_/Y
 _1699_/Y
 _1700_/X
 _1701_/Y
 _1702_/X
 _1703_/X
 _1704_/Y
 _1705_/X
 _1706_/Y
 _1707_/X
 _1708_/Y
 _1709_/Y
 _1710_/X
 _1711_/X
 _1712_/Y
 _1713_/X
 _1714_/Y
 _1715_/Y
 _1716_/X
 _1717_/X
 _1718_/Y
 _1719_/Y
 _1720_/X
 _1721_/Y
 _1722_/Y
 _1723_/X
 _1724_/Y
 _1725_/Y
 _1726_/X
 _1727_/X
 _1728_/Y
 _1729_/Y
 _1730_/X
 _1731_/Y
 _1732_/Y
 _1733_/X
 _1734_/X
 _1735_/Y
 _1736_/Y
 _1737_/Y
 _1738_/Y
 _1739_/X
 _1740_/Y
 _1741_/Y
 _1742_/Y
 _1743_/Y
 _1744_/X
 _1745_/X
 _1746_/X
 _1747_/X
 _1748_/Y
 _1749_/Y
 _1750_/Y
 _1751_/Y
 _1752_/Y
 _1753_/Y
 _1754_/Y
 _1755_/Y
 _1756_/Y
 _1757_/Y
 _1758_/X
 _1759_/Y
 _1760_/Y
 _1761_/Y
 _1762_/Y
 _1763_/Y
 _1764_/Y
 _1765_/Y
 _1766_/Y
 _1767_/Y
 _1768_/Y
 _1769_/X
 _1770_/Y
 _1771_/Y
 _1772_/Y
 _1773_/Y
 _1774_/Y
 _1775_/Y
 _1776_/Y
 _1777_/Y
 _1778_/Y
 _1779_/Y
 _1780_/X
 _1781_/Y
 _1782_/X
 _1783_/X
 _1784_/X
 _1785_/X
 _1786_/Y
 _1787_/X
 _1788_/X
 _1789_/X
 _1790_/X
 _1791_/X
 _1792_/X
 _1793_/X
 _1794_/X
 _1795_/X
 _1796_/X
 _1797_/X
 _1798_/X
 _1799_/X
 _1800_/X
 _1801_/X
 _1802_/X
 _1803_/X
 _1804_/X
 _1805_/X
 _1806_/X
 _1807_/X
 _1808_/X
 _1809_/X
 _1810_/X
 _1811_/X
 _1812_/X
 _1813_/X
 _1814_/X
 _1815_/X
 _1816_/X
 _1817_/X
 _1818_/X
 _1819_/X
 _1820_/Y
 _1821_/Y
 _1822_/X
 _1823_/Y
 _1824_/Y
 _1825_/Y
 _1826_/X
 _1827_/Y
 _1828_/Y
 _1829_/X
 _1830_/Y
 _1831_/X
 _1832_/X
 _1833_/X
 _1834_/X
 _1835_/Y
 _1836_/Y
 _1837_/X
 _1838_/X
 _1839_/Y
 _1840_/Y
 _1841_/X
 _1842_/X
 _1843_/X
 _1844_/X
 _1845_/X
 _1846_/Y
 _1847_/Y
 _1848_/Y
 _1849_/X
 _1850_/X
 _1851_/Y
 _1852_/X
 _1853_/Y
 _1854_/Y
 _1855_/X
 _1856_/X
 _1857_/X
 _1858_/Y
 _1859_/Y
 _1860_/X
 _1861_/Y
 _1862_/X
 _1863_/Y
 _1864_/Y
 _1865_/Y
 _1866_/Y
 _1867_/X
 _1868_/Y
 _1869_/Y
 _1870_/Y
 _1871_/Y
 _1872_/X
 _1873_/X
 _1874_/X
 _1875_/Y
 _1876_/Y
 _1877_/Y
 _1878_/X
 _1879_/Y
 _1880_/Y
 _1881_/Y
 _1882_/X
 _1883_/Y
 _1884_/Y
 _1885_/Y
 _1886_/Y
 _1887_/Y
 _1888_/Y
 _1889_/Y
 _1890_/Y
 _1891_/X
 _1892_/Y
 _1893_/Y
 _1894_/Y
 _1895_/Y
 _1896_/Y
 _1897_/Y
 _1898_/Y
 _1899_/Y
 _1900_/Y
 _1901_/Y
 _1902_/X
 _1903_/Y
 _1904_/Y
 _1905_/Y
 _1906_/Y
 _1907_/Y
 _1908_/Y
 _1909_/Y
 _1910_/Y
 _1911_/Y
 _1912_/Y
 _1913_/Y
 _1914_/Y
 _1915_/Y
 _1916_/Y
 _1917_/Y
 _1918_/X
 _1919_/X
 _1920_/X
 _1921_/X
 _1922_/Y
 _1923_/X
 _1924_/X
 _1925_/X
 _1926_/Y
 _1927_/X
 _1928_/X
 _1929_/X
 _1930_/Y
 _1931_/X
 _1932_/Y
 _1933_/X
 _1934_/Y
 _1935_/X
 _1936_/Y
 _1937_/X
 _1938_/Y
 _1939_/X
 _1940_/Y
 _1941_/X
 _1942_/X
 _1943_/Y
 _1944_/X
 _1945_/X
 _1946_/Y
 _1947_/X
 _1948_/X
 _1949_/Y
 _1950_/Y
 _1951_/X
 _1952_/Y
 _1953_/X
 _1954_/X
 _1955_/Y
 _1956_/Y
 _1957_/X
 _1958_/Y
 _1959_/X
 _1960_/X
 _1961_/Y
 _1962_/X
 _1963_/Y
 _1964_/X
 _1965_/X
 _1966_/Y
 _1967_/X
 _1968_/X
 _1969_/Y
 _1970_/Y
 _1971_/X
 _1972_/X
 _1973_/Y
 _1974_/Y
 _1975_/Y
 _1976_/X
 _1977_/Y
 _1978_/X
 _1979_/Y
 _1980_/X
 _1981_/X
 _1982_/Y
 _1983_/X
 _1984_/X
 _1985_/Y
 _1986_/X
 _1987_/X
 _1988_/Y
 _1989_/X
 _1990_/X
 _1991_/Y
 _1992_/X
 _1993_/X
 _1994_/X
 _1995_/Y
 _1996_/Y
 _1997_/X
 _1998_/X
 _1999_/X
 _2000_/X
 _2001_/X
 _2002_/X
 _2003_/Y
 _2004_/X
 _2005_/X
 _2006_/Y
 _2007_/X
 _2008_/X
 _2009_/X
 _2010_/X
 _2011_/X
 _2012_/X
 _2013_/X
 _2014_/X
 _2015_/X
 _2016_/X
 _2017_/X
 _2018_/X
 _2019_/X
 _2020_/X
 _2021_/X
 _2022_/X
 _2023_/X
 _2024_/X
 _2025_/X
 _2026_/X
 _2027_/X
 _2028_/X
 _2029_/X
 _2030_/X
 _2031_/Q
 _2032_/Q
 _2033_/Q
 _2034_/Q
 _2035_/Q
 _2036_/Q
 _2037_/Q
 _2038_/Q
 _2039_/Q
 _2040_/Q
 _2041_/Q
 _2042_/Q
 _2043_/Q
 _2044_/Q
 _2045_/Q
 _2046_/Q
 _2047_/Q
 _2048_/Q
 _2049_/Q
 _2050_/Q
 _2051_/Q
 _2052_/Q
 _2053_/Q
 _2054_/Q
 _2055_/Q
 _2056_/Q
 _2057_/Q
 _2058_/Q
 _2059_/Q
 _2060_/Q
 _2061_/Q
 _2062_/Q
 _2063_/Q
 _2064_/Q
 _2065_/Q
 _2066_/Q
 _2067_/Q
 _2068_/Q
 _2069_/Q
 _2070_/Q
 _2071_/Q
 _2072_/Q
 _2073_/Q
 _2074_/Q
 _2075_/Q
 _2076_/Q
 _2077_/Q
 _2078_/Q
 _2079_/Q
 _2080_/Q
 _2081_/Q
 _2082_/Q
 _2083_/Q
 _2084_/Q
 _2085_/Q
 _2086_/Q
 _2087_/Q
 _2088_/Q
 _2089_/Q
 _2090_/Q
 _2091_/Q
 _2092_/Q
 _2093_/Q
 _2094_/Q
 _2095_/Q
 _2096_/Q
 _2097_/Q
 _2098_/Q
 _2099_/Q
 _2100_/Q
 _2101_/Q
 _2102_/Q
 _2103_/Q
 _2104_/Q
 _2105_/Q
 _2106_/Q
 _2107_/Q
 _2108_/Q
 _2109_/Q
 _2110_/Q
 _2111_/Q
 _2112_/Q
 _2113_/Q
 _2114_/Q
 _2115_/Q
 _2116_/Q
 _2117_/Q
 _2118_/Q
 _2119_/Q
 _2120_/Q
 _2121_/Q
 _2122_/Q
 _2123_/Q
 _2124_/Q
 _2125_/Q
 _2126_/Q
 _2127_/Q
 _2128_/Q
 _2129_/Q
 _2130_/Q
 _2131_/Q
 _2132_/Q
 _2133_/Q
 _2134_/Q
 _2135_/Q
 _2136_/Q
 _2137_/Q
 _2138_/Q
 _2139_/Q
 _2140_/Q
 _2141_/Q
 _2142_/Q
 _2143_/Q
 _2144_/Q
 _2145_/Q
 _2146_/Q
 _2147_/Q
 _2148_/Q
 _2149_/Q
 _2150_/Q
 _2151_/Q
 _2152_/Q
 _2153_/Q
 _2154_/Q
 _2155_/Q
 _2156_/Q
 _2157_/Q
 _2158_/Q
 _2159_/Q
 _2160_/Q
 _2161_/Q
 _2162_/Q
 _2163_/Q
 _2164_/Q
 _2165_/Q
 _2166_/Q
 _2167_/Q
 _2168_/Q
 _2169_/Q
 _2170_/Q
 _2171_/Q
 _2172_/Q
 _2173_/Q
 _2174_/Q
 _2175_/Q
 _2176_/Q
 _2177_/Q
 _2178_/Q
 _2179_/Q
 _2180_/Q
 _2181_/Q
 _2182_/Q
 _2183_/Q
 _2184_/Q
 _2185_/Q
 _2186_/Q
 _2187_/Q
 _2188_/Q
 _2189_/Q
 _2190_/Q
 _2191_/Q
 _2192_/Q
 _2193_/Q
 _2194_/Q
 _2195_/Q
 _2196_/Q
 _2197_/Q
 _2198_/Q
 _2199_/Q
 _2200_/Q
 _2201_/Q
 _2202_/Q
 _2203_/Q
 _2204_/Q
 _2205_/Q
 _2206_/Q
 _2207_/Q
 _2208_/Q
 _2209_/Q
 _2210_/Q
 _2211_/Q
 _2212_/Q
 _2213_/Q
 _2214_/Q
 _2215_/Q
 _2216_/Q
 _2217_/Q
 _2218_/Q
 _2219_/Q
 _2220_/Q
 _2221_/Q
 _2222_/Q
 _2223_/Q
 _2224_/Q
 _2225_/Q
 _2226_/Q
 _2227_/Q
 _2228_/Q
 _2229_/Q
 _2230_/Q
 _2231_/Q
 _2232_/Q
 _2233_/Q
 _2234_/Q
 _2235_/Q
 _2236_/Q
 _2237_/Q
 _2238_/Q
 _2239_/Q
 _2240_/Q
 _2241_/Q
 _2242_/Q
 _2243_/Q
 _2244_/Q
 _2245_/Q
 _2246_/Q
 _2247_/Q
 _2248_/Q
 _2249_/Q
 _2250_/Q
 _2251_/Q
 _2252_/Q
 _2253_/Q
 _2254_/Q
 _2255_/Q
 _2256_/Q
 _2257_/Q
 _2258_/Q
 _2259_/Q
 _2260_/Q
 _2261_/Q
 _2262_/Q
 _2263_/Q
 _2264_/Q
 _2265_/Q
 _2266_/Q
 _2267_/Q
 _2268_/Q
 _2269_/Q
 _2270_/Q
 _2271_/Q
 _2272_/Q
 _2273_/Q
 _2274_/Q
 _2275_/Q
 _2276_/Q
 _2277_/Q
 _2278_/Q
 _2279_/Q
 _2280_/Q
 _2281_/Q
 _2282_/Q
 _2283_/Q
 _2284_/Q
 _2285_/Q
 _2286_/Q
 _2287_/Q
 _2288_/Q
 _2289_/Q
 _2290_/Q
 _2291_/Q
 _2292_/Q
 _2293_/Q
 _2294_/Q
 _2295_/Q
 _2296_/Q
 _2297_/Q
 _2298_/Q
 _2299_/Q
 clkbuf_0_clk/X
 clkbuf_2_0__f_clk/X
 clkbuf_2_1__f_clk/X
 clkbuf_2_2__f_clk/X
 clkbuf_2_3__f_clk/X
 clkbuf_leaf_0_clk/X
 clkbuf_leaf_10_clk/X
 clkbuf_leaf_11_clk/X
 clkbuf_leaf_12_clk/X
 clkbuf_leaf_13_clk/X
 clkbuf_leaf_14_clk/X
 clkbuf_leaf_15_clk/X
 clkbuf_leaf_16_clk/X
 clkbuf_leaf_17_clk/X
 clkbuf_leaf_18_clk/X
 clkbuf_leaf_19_clk/X
 clkbuf_leaf_1_clk/X
 clkbuf_leaf_20_clk/X
 clkbuf_leaf_21_clk/X
 clkbuf_leaf_22_clk/X
 clkbuf_leaf_23_clk/X
 clkbuf_leaf_24_clk/X
 clkbuf_leaf_25_clk/X
 clkbuf_leaf_26_clk/X
 clkbuf_leaf_27_clk/X
 clkbuf_leaf_28_clk/X
 clkbuf_leaf_29_clk/X
 clkbuf_leaf_2_clk/X
 clkbuf_leaf_30_clk/X
 clkbuf_leaf_3_clk/X
 clkbuf_leaf_4_clk/X
 clkbuf_leaf_5_clk/X
 clkbuf_leaf_6_clk/X
 clkbuf_leaf_7_clk/X
 clkbuf_leaf_8_clk/X
 clkbuf_leaf_9_clk/X
 fanout10/X
 fanout11/X
 fanout12/X
 fanout13/X
 fanout14/X
 fanout7/X
 fanout8/X
 fanout9/X
 input1/X
 input2/X
 input3/X
 output4/X
 output5/X
 output6/X
Found 0 partially unannotated drivers.

===========================================================================
max slew violation count 0
max fanout violation count 6
max cap violation count 0
============================================================================

===========================================================================
check_setup -verbose -unconstrained_endpoints -multiple_clock -no_clock -no_input_delay -loops -generated_clocks
===========================================================================
