
===========================================================================
report_checks -unconstrained
===========================================================================
======================= Fastest Corner ===================================

Startpoint: heartbeat_fc (input port clocked by clk)
Endpoint: _2149_ (recovery check against rising-edge clock clk)
Path Group: asynchronous
Path Type: max
Corner: Fastest

Fanout     Cap    Slew   Delay    Time   Description
-----------------------------------------------------------------------------
                          0.00    0.00   clock clk (rise edge)
                          0.00    0.00   clock network delay (propagated)
                          1.60    1.60 v input external delay
                  0.00    0.00    1.60 v heartbeat_fc (in)
     1    0.00                           heartbeat_fc (net)
                  0.00    0.00    1.60 v input1/A (sky130_fd_sc_hd__dlymetal6s2s_1)
                  0.08    0.13    1.73 v input1/X (sky130_fd_sc_hd__dlymetal6s2s_1)
     2    0.02                           net1 (net)
                  0.08    0.00    1.74 v fanout14/A (sky130_fd_sc_hd__clkbuf_2)
                  0.07    0.14    1.87 v fanout14/X (sky130_fd_sc_hd__clkbuf_2)
     6    0.02                           net14 (net)
                  0.07    0.00    1.87 v fanout12/A (sky130_fd_sc_hd__clkbuf_4)
                  0.08    0.16    2.04 v fanout12/X (sky130_fd_sc_hd__clkbuf_4)
    10    0.05                           net12 (net)
                  0.08    0.01    2.04 v _1746_/A (sky130_fd_sc_hd__buf_4)
                  0.07    0.16    2.20 v _1746_/X (sky130_fd_sc_hd__buf_4)
    10    0.06                           _0558_ (net)
                  0.07    0.00    2.20 v _1747_/A (sky130_fd_sc_hd__buf_4)
                  0.07    0.15    2.35 v _1747_/X (sky130_fd_sc_hd__buf_4)
    10    0.06                           _0559_ (net)
                  0.07    0.01    2.36 v _1750_/A (sky130_fd_sc_hd__inv_2)
                  0.03    0.04    2.40 ^ _1750_/Y (sky130_fd_sc_hd__inv_2)
     1    0.00                           _0059_ (net)
                  0.03    0.00    2.40 ^ _2149_/SET_B (sky130_fd_sc_hd__dfstp_1)
                                  2.40   data arrival time

                          8.00    8.00   clock clk (rise edge)
                          0.00    8.00   clock source latency
                  0.11    0.07    8.07 ^ clk (in)
     1    0.03                           clk (net)
                  0.11    0.00    8.07 ^ clkbuf_0_clk/A (sky130_fd_sc_hd__clkbuf_16)
                  0.05    0.12    8.19 ^ clkbuf_0_clk/X (sky130_fd_sc_hd__clkbuf_16)
     4    0.05                           clknet_0_clk (net)
                  0.05    0.00    8.19 ^ clkbuf_2_0__f_clk/A (sky130_fd_sc_hd__clkbuf_16)
                  0.09    0.13    8.32 ^ clkbuf_2_0__f_clk/X (sky130_fd_sc_hd__clkbuf_16)
     8    0.10                           clknet_2_0__leaf_clk (net)
                  0.09    0.01    8.32 ^ clkbuf_leaf_30_clk/A (sky130_fd_sc_hd__clkbuf_16)
                  0.03    0.09    8.41 ^ clkbuf_leaf_30_clk/X (sky130_fd_sc_hd__clkbuf_16)
     3    0.01                           clknet_leaf_30_clk (net)
                  0.03    0.00    8.41 ^ _2149_/CLK (sky130_fd_sc_hd__dfstp_1)
                         -0.25    8.16   clock uncertainty
                          0.00    8.16   clock reconvergence pessimism
                          0.08    8.25   library recovery time
                                  8.25   data required time
-----------------------------------------------------------------------------
                                  8.25   data required time
                                 -2.40   data arrival time
-----------------------------------------------------------------------------
                                  5.85   slack (MET)


Startpoint: _2134_ (rising edge-triggered flip-flop clocked by clk)
Endpoint: _2145_ (rising edge-triggered flip-flop clocked by clk)
Path Group: clk
Path Type: max
Corner: Fastest

Fanout     Cap    Slew   Delay    Time   Description
-----------------------------------------------------------------------------
                          0.00    0.00   clock clk (rise edge)
                          0.00    0.00   clock source latency
                  0.11    0.08    0.08 ^ clk (in)
     1    0.03                           clk (net)
                  0.11    0.00    0.08 ^ clkbuf_0_clk/A (sky130_fd_sc_hd__clkbuf_16)
                  0.05    0.13    0.21 ^ clkbuf_0_clk/X (sky130_fd_sc_hd__clkbuf_16)
     4    0.05                           clknet_0_clk (net)
                  0.05    0.00    0.21 ^ clkbuf_2_2__f_clk/A (sky130_fd_sc_hd__clkbuf_16)
                  0.08    0.13    0.34 ^ clkbuf_2_2__f_clk/X (sky130_fd_sc_hd__clkbuf_16)
     7    0.08                           clknet_2_2__leaf_clk (net)
                  0.08    0.01    0.35 ^ clkbuf_leaf_20_clk/A (sky130_fd_sc_hd__clkbuf_16)
                  0.04    0.11    0.46 ^ clkbuf_leaf_20_clk/X (sky130_fd_sc_hd__clkbuf_16)
     9    0.03                           clknet_leaf_20_clk (net)
                  0.04    0.00    0.46 ^ _2134_/CLK (sky130_fd_sc_hd__dfxtp_1)
                  0.02    0.19    0.65 v _2134_/Q (sky130_fd_sc_hd__dfxtp_1)
     1    0.00                           uart_rx_jetson_inst.prescale_reg[6] (net)
                  0.02    0.00    0.65 v hold14/A (sky130_fd_sc_hd__dlygate4sd3_1)
                  0.05    0.39    1.04 v hold14/X (sky130_fd_sc_hd__dlygate4sd3_1)
     2    0.01                           net28 (net)
                  0.05    0.00    1.04 v _1627_/A (sky130_fd_sc_hd__or4_4)
                  0.07    0.35    1.39 v _1627_/X (sky130_fd_sc_hd__or4_4)
     4    0.01                           _0470_ (net)
                  0.07    0.00    1.40 v _1630_/C (sky130_fd_sc_hd__or4_4)
                  0.08    0.34    1.73 v _1630_/X (sky130_fd_sc_hd__or4_4)
     5    0.02                           _0473_ (net)
                  0.08    0.00    1.73 v _1631_/C (sky130_fd_sc_hd__or3_4)
                  0.06    0.23    1.97 v _1631_/X (sky130_fd_sc_hd__or3_4)
     4    0.01                           _0474_ (net)
                  0.06    0.00    1.97 v _1632_/B (sky130_fd_sc_hd__nor2_1)
                  0.20    0.18    2.15 ^ _1632_/Y (sky130_fd_sc_hd__nor2_1)
     4    0.02                           _0475_ (net)
                  0.20    0.00    2.15 ^ _1669_/A (sky130_fd_sc_hd__buf_2)
                  0.14    0.18    2.33 ^ _1669_/X (sky130_fd_sc_hd__buf_2)
    10    0.04                           _0504_ (net)
                  0.14    0.01    2.34 ^ _1710_/B (sky130_fd_sc_hd__or2_1)
                  0.03    0.08    2.42 ^ _1710_/X (sky130_fd_sc_hd__or2_1)
     1    0.00                           _0535_ (net)
                  0.03    0.00    2.42 ^ _1711_/A (sky130_fd_sc_hd__buf_2)
                  0.14    0.15    2.57 ^ _1711_/X (sky130_fd_sc_hd__buf_2)
    10    0.04                           _0536_ (net)
                  0.14    0.00    2.57 ^ _1743_/B1 (sky130_fd_sc_hd__a21oi_1)
                  0.04    0.03    2.60 v _1743_/Y (sky130_fd_sc_hd__a21oi_1)
     1    0.00                           _0225_ (net)
                  0.04    0.00    2.60 v hold34/A (sky130_fd_sc_hd__dlygate4sd3_1)
                  0.04    0.38    2.97 v hold34/X (sky130_fd_sc_hd__dlygate4sd3_1)
     1    0.00                           net48 (net)
                  0.04    0.00    2.97 v _2145_/D (sky130_fd_sc_hd__dfxtp_1)
                                  2.97   data arrival time

                          8.00    8.00   clock clk (rise edge)
                          0.00    8.00   clock source latency
                  0.11    0.07    8.07 ^ clk (in)
     1    0.03                           clk (net)
                  0.11    0.00    8.07 ^ clkbuf_0_clk/A (sky130_fd_sc_hd__clkbuf_16)
                  0.05    0.12    8.19 ^ clkbuf_0_clk/X (sky130_fd_sc_hd__clkbuf_16)
     4    0.05                           clknet_0_clk (net)
                  0.05    0.00    8.19 ^ clkbuf_2_2__f_clk/A (sky130_fd_sc_hd__clkbuf_16)
                  0.08    0.12    8.31 ^ clkbuf_2_2__f_clk/X (sky130_fd_sc_hd__clkbuf_16)
     7    0.08                           clknet_2_2__leaf_clk (net)
                  0.08    0.00    8.31 ^ clkbuf_leaf_19_clk/A (sky130_fd_sc_hd__clkbuf_16)
                  0.04    0.10    8.41 ^ clkbuf_leaf_19_clk/X (sky130_fd_sc_hd__clkbuf_16)
    11    0.04                           clknet_leaf_19_clk (net)
                  0.04    0.00    8.42 ^ _2145_/CLK (sky130_fd_sc_hd__dfxtp_1)
                         -0.25    8.17   clock uncertainty
                          0.03    8.20   clock reconvergence pessimism
                         -0.07    8.13   library setup time
                                  8.13   data required time
-----------------------------------------------------------------------------
                                  8.13   data required time
                                 -2.97   data arrival time
-----------------------------------------------------------------------------
                                  5.15   slack (MET)



======================= Slowest Corner ===================================

Startpoint: heartbeat_fc (input port clocked by clk)
Endpoint: _2149_ (recovery check against rising-edge clock clk)
Path Group: asynchronous
Path Type: max
Corner: Slowest

Fanout     Cap    Slew   Delay    Time   Description
-----------------------------------------------------------------------------
                          0.00    0.00   clock clk (rise edge)
                          0.00    0.00   clock network delay (propagated)
                          1.60    1.60 v input external delay
                  0.02    0.01    1.61 v heartbeat_fc (in)
     1    0.00                           heartbeat_fc (net)
                  0.02    0.00    1.61 v input1/A (sky130_fd_sc_hd__dlymetal6s2s_1)
                  0.23    0.41    2.02 v input1/X (sky130_fd_sc_hd__dlymetal6s2s_1)
     2    0.02                           net1 (net)
                  0.23    0.00    2.02 v fanout14/A (sky130_fd_sc_hd__clkbuf_2)
                  0.17    0.38    2.40 v fanout14/X (sky130_fd_sc_hd__clkbuf_2)
     6    0.02                           net14 (net)
                  0.17    0.00    2.40 v fanout12/A (sky130_fd_sc_hd__clkbuf_4)
                  0.18    0.42    2.83 v fanout12/X (sky130_fd_sc_hd__clkbuf_4)
    10    0.05                           net12 (net)
                  0.18    0.01    2.83 v _1746_/A (sky130_fd_sc_hd__buf_4)
                  0.16    0.42    3.26 v _1746_/X (sky130_fd_sc_hd__buf_4)
    10    0.06                           _0558_ (net)
                  0.16    0.00    3.26 v _1747_/A (sky130_fd_sc_hd__buf_4)
                  0.16    0.41    3.66 v _1747_/X (sky130_fd_sc_hd__buf_4)
    10    0.06                           _0559_ (net)
                  0.16    0.01    3.67 v _1750_/A (sky130_fd_sc_hd__inv_2)
                  0.06    0.11    3.78 ^ _1750_/Y (sky130_fd_sc_hd__inv_2)
     1    0.00                           _0059_ (net)
                  0.06    0.00    3.78 ^ _2149_/SET_B (sky130_fd_sc_hd__dfstp_1)
                                  3.78   data arrival time

                          8.00    8.00   clock clk (rise edge)
                          0.00    8.00   clock source latency
                  0.22    0.15    8.15 ^ clk (in)
     1    0.03                           clk (net)
                  0.22    0.00    8.15 ^ clkbuf_0_clk/A (sky130_fd_sc_hd__clkbuf_16)
                  0.11    0.32    8.46 ^ clkbuf_0_clk/X (sky130_fd_sc_hd__clkbuf_16)
     4    0.05                           clknet_0_clk (net)
                  0.11    0.00    8.47 ^ clkbuf_2_0__f_clk/A (sky130_fd_sc_hd__clkbuf_16)
                  0.18    0.31    8.78 ^ clkbuf_2_0__f_clk/X (sky130_fd_sc_hd__clkbuf_16)
     8    0.10                           clknet_2_0__leaf_clk (net)
                  0.18    0.01    8.79 ^ clkbuf_leaf_30_clk/A (sky130_fd_sc_hd__clkbuf_16)
                  0.05    0.24    9.03 ^ clkbuf_leaf_30_clk/X (sky130_fd_sc_hd__clkbuf_16)
     3    0.01                           clknet_leaf_30_clk (net)
                  0.05    0.00    9.03 ^ _2149_/CLK (sky130_fd_sc_hd__dfstp_1)
                         -0.25    8.78   clock uncertainty
                          0.00    8.78   clock reconvergence pessimism
                          0.27    9.05   library recovery time
                                  9.05   data required time
-----------------------------------------------------------------------------
                                  9.05   data required time
                                 -3.78   data arrival time
-----------------------------------------------------------------------------
                                  5.27   slack (MET)


Startpoint: _2187_ (rising edge-triggered flip-flop clocked by clk)
Endpoint: _2033_ (rising edge-triggered flip-flop clocked by clk)
Path Group: clk
Path Type: max
Corner: Slowest

Fanout     Cap    Slew   Delay    Time   Description
-----------------------------------------------------------------------------
                          0.00    0.00   clock clk (rise edge)
                          0.00    0.00   clock source latency
                  0.22    0.16    0.16 ^ clk (in)
     1    0.03                           clk (net)
                  0.22    0.00    0.16 ^ clkbuf_0_clk/A (sky130_fd_sc_hd__clkbuf_16)
                  0.11    0.35    0.51 ^ clkbuf_0_clk/X (sky130_fd_sc_hd__clkbuf_16)
     4    0.05                           clknet_0_clk (net)
                  0.11    0.00    0.52 ^ clkbuf_2_3__f_clk/A (sky130_fd_sc_hd__clkbuf_16)
                  0.17    0.34    0.86 ^ clkbuf_2_3__f_clk/X (sky130_fd_sc_hd__clkbuf_16)
     8    0.10                           clknet_2_3__leaf_clk (net)
                  0.18    0.01    0.87 ^ clkbuf_leaf_16_clk/A (sky130_fd_sc_hd__clkbuf_16)
                  0.09    0.31    1.18 ^ clkbuf_leaf_16_clk/X (sky130_fd_sc_hd__clkbuf_16)
    13    0.04                           clknet_leaf_16_clk (net)
                  0.09    0.00    1.18 ^ _2187_/CLK (sky130_fd_sc_hd__dfxtp_2)
                  0.07    0.67    1.85 v _2187_/Q (sky130_fd_sc_hd__dfxtp_2)
     4    0.01                           uart_tx_raspi_inst.prescale_reg[1] (net)
                  0.07    0.00    1.85 v _1314_/C (sky130_fd_sc_hd__or4_4)
                  0.15    1.00    2.85 v _1314_/X (sky130_fd_sc_hd__or4_4)
     1    0.00                           _0932_ (net)
                  0.15    0.00    2.85 v _1315_/A (sky130_fd_sc_hd__buf_6)
                  0.07    0.29    3.14 v _1315_/X (sky130_fd_sc_hd__buf_6)
     8    0.03                           _0933_ (net)
                  0.07    0.00    3.14 v _1318_/B (sky130_fd_sc_hd__or4_4)
                  0.19    1.13    4.27 v _1318_/X (sky130_fd_sc_hd__or4_4)
     5    0.01                           _0936_ (net)
                  0.19    0.00    4.27 v _1320_/C (sky130_fd_sc_hd__or4_4)
                  0.20    1.13    5.40 v _1320_/X (sky130_fd_sc_hd__or4_4)
     6    0.02                           _0938_ (net)
                  0.20    0.00    5.40 v _1321_/D (sky130_fd_sc_hd__or4_4)
                  0.20    1.01    6.41 v _1321_/X (sky130_fd_sc_hd__or4_4)
     2    0.02                           _0939_ (net)
                  0.20    0.00    6.41 v _1322_/A (sky130_fd_sc_hd__buf_6)
                  0.06    0.31    6.72 v _1322_/X (sky130_fd_sc_hd__buf_6)
     6    0.02                           _0940_ (net)
                  0.06    0.00    6.72 v _1326_/B (sky130_fd_sc_hd__or4b_4)
                  0.15    1.06    7.78 v _1326_/X (sky130_fd_sc_hd__or4b_4)
     1    0.00                           _0944_ (net)
                  0.15    0.00    7.78 v _1327_/A (sky130_fd_sc_hd__buf_6)
                  0.07    0.30    8.08 v _1327_/X (sky130_fd_sc_hd__buf_6)
     6    0.03                           _0945_ (net)
                  0.07    0.00    8.08 v split1/A (sky130_fd_sc_hd__buf_6)
                  0.07    0.25    8.33 v split1/X (sky130_fd_sc_hd__buf_6)
     4    0.03                           net15 (net)
                  0.07    0.00    8.34 v _1331_/S (sky130_fd_sc_hd__mux2_4)
                  0.08    0.56    8.89 v _1331_/X (sky130_fd_sc_hd__mux2_4)
     1    0.00                           _0948_ (net)
                  0.08    0.00    8.89 v _1332_/A (sky130_fd_sc_hd__clkbuf_1)
                  0.04    0.17    9.06 v _1332_/X (sky130_fd_sc_hd__clkbuf_1)
     1    0.00                           _0113_ (net)
                  0.04    0.00    9.06 v _2033_/D (sky130_fd_sc_hd__dfxtp_1)
                                  9.06   data arrival time

                          8.00    8.00   clock clk (rise edge)
                          0.00    8.00   clock source latency
                  0.22    0.15    8.15 ^ clk (in)
     1    0.03                           clk (net)
                  0.22    0.00    8.15 ^ clkbuf_0_clk/A (sky130_fd_sc_hd__clkbuf_16)
                  0.11    0.32    8.46 ^ clkbuf_0_clk/X (sky130_fd_sc_hd__clkbuf_16)
     4    0.05                           clknet_0_clk (net)
                  0.11    0.00    8.47 ^ clkbuf_2_2__f_clk/A (sky130_fd_sc_hd__clkbuf_16)
                  0.15    0.30    8.76 ^ clkbuf_2_2__f_clk/X (sky130_fd_sc_hd__clkbuf_16)
     7    0.08                           clknet_2_2__leaf_clk (net)
                  0.15    0.00    8.77 ^ clkbuf_leaf_17_clk/A (sky130_fd_sc_hd__clkbuf_16)
                  0.08    0.26    9.02 ^ clkbuf_leaf_17_clk/X (sky130_fd_sc_hd__clkbuf_16)
    10    0.03                           clknet_leaf_17_clk (net)
                  0.08    0.00    9.03 ^ _2033_/CLK (sky130_fd_sc_hd__dfxtp_1)
                         -0.25    8.78   clock uncertainty
                          0.05    8.82   clock reconvergence pessimism
                         -0.26    8.57   library setup time
                                  8.57   data required time
-----------------------------------------------------------------------------
                                  8.57   data required time
                                 -9.06   data arrival time
-----------------------------------------------------------------------------
                                 -0.49   slack (VIOLATED)



======================= Typical Corner ===================================

Startpoint: heartbeat_fc (input port clocked by clk)
Endpoint: _2149_ (recovery check against rising-edge clock clk)
Path Group: asynchronous
Path Type: max
Corner: Typical

Fanout     Cap    Slew   Delay    Time   Description
-----------------------------------------------------------------------------
                          0.00    0.00   clock clk (rise edge)
                          0.00    0.00   clock network delay (propagated)
                          1.60    1.60 v input external delay
                  0.01    0.00    1.60 v heartbeat_fc (in)
     1    0.00                           heartbeat_fc (net)
                  0.01    0.00    1.60 v input1/A (sky130_fd_sc_hd__dlymetal6s2s_1)
                  0.12    0.20    1.81 v input1/X (sky130_fd_sc_hd__dlymetal6s2s_1)
     2    0.02                           net1 (net)
                  0.12    0.00    1.81 v fanout14/A (sky130_fd_sc_hd__clkbuf_2)
                  0.10    0.20    2.01 v fanout14/X (sky130_fd_sc_hd__clkbuf_2)
     6    0.02                           net14 (net)
                  0.10    0.00    2.01 v fanout12/A (sky130_fd_sc_hd__clkbuf_4)
                  0.11    0.24    2.25 v fanout12/X (sky130_fd_sc_hd__clkbuf_4)
    10    0.05                           net12 (net)
                  0.11    0.01    2.26 v _1746_/A (sky130_fd_sc_hd__buf_4)
                  0.09    0.23    2.49 v _1746_/X (sky130_fd_sc_hd__buf_4)
    10    0.06                           _0558_ (net)
                  0.09    0.00    2.50 v _1747_/A (sky130_fd_sc_hd__buf_4)
                  0.09    0.22    2.72 v _1747_/X (sky130_fd_sc_hd__buf_4)
    10    0.06                           _0559_ (net)
                  0.09    0.01    2.72 v _1750_/A (sky130_fd_sc_hd__inv_2)
                  0.03    0.06    2.78 ^ _1750_/Y (sky130_fd_sc_hd__inv_2)
     1    0.00                           _0059_ (net)
                  0.03    0.00    2.78 ^ _2149_/SET_B (sky130_fd_sc_hd__dfstp_1)
                                  2.78   data arrival time

                          8.00    8.00   clock clk (rise edge)
                          0.00    8.00   clock source latency
                  0.14    0.10    8.10 ^ clk (in)
     1    0.03                           clk (net)
                  0.14    0.00    8.10 ^ clkbuf_0_clk/A (sky130_fd_sc_hd__clkbuf_16)
                  0.07    0.18    8.27 ^ clkbuf_0_clk/X (sky130_fd_sc_hd__clkbuf_16)
     4    0.05                           clknet_0_clk (net)
                  0.07    0.00    8.27 ^ clkbuf_2_0__f_clk/A (sky130_fd_sc_hd__clkbuf_16)
                  0.12    0.18    8.46 ^ clkbuf_2_0__f_clk/X (sky130_fd_sc_hd__clkbuf_16)
     8    0.10                           clknet_2_0__leaf_clk (net)
                  0.12    0.01    8.46 ^ clkbuf_leaf_30_clk/A (sky130_fd_sc_hd__clkbuf_16)
                  0.03    0.13    8.60 ^ clkbuf_leaf_30_clk/X (sky130_fd_sc_hd__clkbuf_16)
     3    0.01                           clknet_leaf_30_clk (net)
                  0.03    0.00    8.60 ^ _2149_/CLK (sky130_fd_sc_hd__dfstp_1)
                         -0.25    8.35   clock uncertainty
                          0.00    8.35   clock reconvergence pessimism
                          0.14    8.48   library recovery time
                                  8.48   data required time
-----------------------------------------------------------------------------
                                  8.48   data required time
                                 -2.78   data arrival time
-----------------------------------------------------------------------------
                                  5.70   slack (MET)


Startpoint: _2187_ (rising edge-triggered flip-flop clocked by clk)
Endpoint: _2033_ (rising edge-triggered flip-flop clocked by clk)
Path Group: clk
Path Type: max
Corner: Typical

Fanout     Cap    Slew   Delay    Time   Description
-----------------------------------------------------------------------------
                          0.00    0.00   clock clk (rise edge)
                          0.00    0.00   clock source latency
                  0.14    0.11    0.11 ^ clk (in)
     1    0.03                           clk (net)
                  0.14    0.00    0.11 ^ clkbuf_0_clk/A (sky130_fd_sc_hd__clkbuf_16)
                  0.07    0.19    0.30 ^ clkbuf_0_clk/X (sky130_fd_sc_hd__clkbuf_16)
     4    0.05                           clknet_0_clk (net)
                  0.07    0.00    0.30 ^ clkbuf_2_3__f_clk/A (sky130_fd_sc_hd__clkbuf_16)
                  0.12    0.20    0.50 ^ clkbuf_2_3__f_clk/X (sky130_fd_sc_hd__clkbuf_16)
     8    0.10                           clknet_2_3__leaf_clk (net)
                  0.12    0.01    0.51 ^ clkbuf_leaf_16_clk/A (sky130_fd_sc_hd__clkbuf_16)
                  0.06    0.18    0.68 ^ clkbuf_leaf_16_clk/X (sky130_fd_sc_hd__clkbuf_16)
    13    0.04                           clknet_leaf_16_clk (net)
                  0.06    0.00    0.69 ^ _2187_/CLK (sky130_fd_sc_hd__dfxtp_2)
                  0.04    0.34    1.03 v _2187_/Q (sky130_fd_sc_hd__dfxtp_2)
     4    0.01                           uart_tx_raspi_inst.prescale_reg[1] (net)
                  0.04    0.00    1.03 v _1314_/C (sky130_fd_sc_hd__or4_4)
                  0.08    0.50    1.53 v _1314_/X (sky130_fd_sc_hd__or4_4)
     1    0.00                           _0932_ (net)
                  0.08    0.00    1.53 v _1315_/A (sky130_fd_sc_hd__buf_6)
                  0.04    0.16    1.68 v _1315_/X (sky130_fd_sc_hd__buf_6)
     8    0.03                           _0933_ (net)
                  0.04    0.00    1.68 v _1318_/B (sky130_fd_sc_hd__or4_4)
                  0.10    0.57    2.25 v _1318_/X (sky130_fd_sc_hd__or4_4)
     5    0.01                           _0936_ (net)
                  0.10    0.00    2.25 v _1320_/C (sky130_fd_sc_hd__or4_4)
                  0.11    0.56    2.81 v _1320_/X (sky130_fd_sc_hd__or4_4)
     6    0.02                           _0938_ (net)
                  0.11    0.00    2.82 v _1321_/D (sky130_fd_sc_hd__or4_4)
                  0.11    0.50    3.32 v _1321_/X (sky130_fd_sc_hd__or4_4)
     2    0.02                           _0939_ (net)
                  0.11    0.00    3.32 v _1322_/A (sky130_fd_sc_hd__buf_6)
                  0.04    0.17    3.48 v _1322_/X (sky130_fd_sc_hd__buf_6)
     6    0.02                           _0940_ (net)
                  0.04    0.00    3.48 v _1326_/B (sky130_fd_sc_hd__or4b_4)
                  0.08    0.53    4.02 v _1326_/X (sky130_fd_sc_hd__or4b_4)
     1    0.00                           _0944_ (net)
                  0.08    0.00    4.02 v _1327_/A (sky130_fd_sc_hd__buf_6)
                  0.04    0.16    4.18 v _1327_/X (sky130_fd_sc_hd__buf_6)
     6    0.03                           _0945_ (net)
                  0.04    0.00    4.18 v split1/A (sky130_fd_sc_hd__buf_6)
                  0.04    0.14    4.32 v split1/X (sky130_fd_sc_hd__buf_6)
     4    0.03                           net15 (net)
                  0.04    0.00    4.32 v _1331_/S (sky130_fd_sc_hd__mux2_4)
                  0.05    0.30    4.62 v _1331_/X (sky130_fd_sc_hd__mux2_4)
     1    0.00                           _0948_ (net)
                  0.05    0.00    4.62 v _1332_/A (sky130_fd_sc_hd__clkbuf_1)
                  0.02    0.09    4.71 v _1332_/X (sky130_fd_sc_hd__clkbuf_1)
     1    0.00                           _0113_ (net)
                  0.02    0.00    4.71 v _2033_/D (sky130_fd_sc_hd__dfxtp_1)
                                  4.71   data arrival time

                          8.00    8.00   clock clk (rise edge)
                          0.00    8.00   clock source latency
                  0.14    0.10    8.10 ^ clk (in)
     1    0.03                           clk (net)
                  0.14    0.00    8.10 ^ clkbuf_0_clk/A (sky130_fd_sc_hd__clkbuf_16)
                  0.07    0.18    8.27 ^ clkbuf_0_clk/X (sky130_fd_sc_hd__clkbuf_16)
     4    0.05                           clknet_0_clk (net)
                  0.07    0.00    8.27 ^ clkbuf_2_2__f_clk/A (sky130_fd_sc_hd__clkbuf_16)
                  0.10    0.17    8.44 ^ clkbuf_2_2__f_clk/X (sky130_fd_sc_hd__clkbuf_16)
     7    0.08                           clknet_2_2__leaf_clk (net)
                  0.10    0.00    8.45 ^ clkbuf_leaf_17_clk/A (sky130_fd_sc_hd__clkbuf_16)
                  0.05    0.15    8.59 ^ clkbuf_leaf_17_clk/X (sky130_fd_sc_hd__clkbuf_16)
    10    0.03                           clknet_leaf_17_clk (net)
                  0.05    0.00    8.60 ^ _2033_/CLK (sky130_fd_sc_hd__dfxtp_1)
                         -0.25    8.35   clock uncertainty
                          0.03    8.37   clock reconvergence pessimism
                         -0.10    8.27   library setup time
                                  8.27   data required time
-----------------------------------------------------------------------------
                                  8.27   data required time
                                 -4.71   data arrival time
-----------------------------------------------------------------------------
                                  3.56   slack (MET)




===========================================================================
report_checks --slack_max -0.01
============================================================================
======================= Fastest Corner ===================================

No paths found.

======================= Slowest Corner ===================================

Startpoint: _2187_ (rising edge-triggered flip-flop clocked by clk)
Endpoint: _2033_ (rising edge-triggered flip-flop clocked by clk)
Path Group: clk
Path Type: max
Corner: Slowest

Fanout     Cap    Slew   Delay    Time   Description
-----------------------------------------------------------------------------
                          0.00    0.00   clock clk (rise edge)
                          0.00    0.00   clock source latency
                  0.22    0.16    0.16 ^ clk (in)
     1    0.03                           clk (net)
                  0.22    0.00    0.16 ^ clkbuf_0_clk/A (sky130_fd_sc_hd__clkbuf_16)
                  0.11    0.35    0.51 ^ clkbuf_0_clk/X (sky130_fd_sc_hd__clkbuf_16)
     4    0.05                           clknet_0_clk (net)
                  0.11    0.00    0.52 ^ clkbuf_2_3__f_clk/A (sky130_fd_sc_hd__clkbuf_16)
                  0.17    0.34    0.86 ^ clkbuf_2_3__f_clk/X (sky130_fd_sc_hd__clkbuf_16)
     8    0.10                           clknet_2_3__leaf_clk (net)
                  0.18    0.01    0.87 ^ clkbuf_leaf_16_clk/A (sky130_fd_sc_hd__clkbuf_16)
                  0.09    0.31    1.18 ^ clkbuf_leaf_16_clk/X (sky130_fd_sc_hd__clkbuf_16)
    13    0.04                           clknet_leaf_16_clk (net)
                  0.09    0.00    1.18 ^ _2187_/CLK (sky130_fd_sc_hd__dfxtp_2)
                  0.07    0.67    1.85 v _2187_/Q (sky130_fd_sc_hd__dfxtp_2)
     4    0.01                           uart_tx_raspi_inst.prescale_reg[1] (net)
                  0.07    0.00    1.85 v _1314_/C (sky130_fd_sc_hd__or4_4)
                  0.15    1.00    2.85 v _1314_/X (sky130_fd_sc_hd__or4_4)
     1    0.00                           _0932_ (net)
                  0.15    0.00    2.85 v _1315_/A (sky130_fd_sc_hd__buf_6)
                  0.07    0.29    3.14 v _1315_/X (sky130_fd_sc_hd__buf_6)
     8    0.03                           _0933_ (net)
                  0.07    0.00    3.14 v _1318_/B (sky130_fd_sc_hd__or4_4)
                  0.19    1.13    4.27 v _1318_/X (sky130_fd_sc_hd__or4_4)
     5    0.01                           _0936_ (net)
                  0.19    0.00    4.27 v _1320_/C (sky130_fd_sc_hd__or4_4)
                  0.20    1.13    5.40 v _1320_/X (sky130_fd_sc_hd__or4_4)
     6    0.02                           _0938_ (net)
                  0.20    0.00    5.40 v _1321_/D (sky130_fd_sc_hd__or4_4)
                  0.20    1.01    6.41 v _1321_/X (sky130_fd_sc_hd__or4_4)
     2    0.02                           _0939_ (net)
                  0.20    0.00    6.41 v _1322_/A (sky130_fd_sc_hd__buf_6)
                  0.06    0.31    6.72 v _1322_/X (sky130_fd_sc_hd__buf_6)
     6    0.02                           _0940_ (net)
                  0.06    0.00    6.72 v _1326_/B (sky130_fd_sc_hd__or4b_4)
                  0.15    1.06    7.78 v _1326_/X (sky130_fd_sc_hd__or4b_4)
     1    0.00                           _0944_ (net)
                  0.15    0.00    7.78 v _1327_/A (sky130_fd_sc_hd__buf_6)
                  0.07    0.30    8.08 v _1327_/X (sky130_fd_sc_hd__buf_6)
     6    0.03                           _0945_ (net)
                  0.07    0.00    8.08 v split1/A (sky130_fd_sc_hd__buf_6)
                  0.07    0.25    8.33 v split1/X (sky130_fd_sc_hd__buf_6)
     4    0.03                           net15 (net)
                  0.07    0.00    8.34 v _1331_/S (sky130_fd_sc_hd__mux2_4)
                  0.08    0.56    8.89 v _1331_/X (sky130_fd_sc_hd__mux2_4)
     1    0.00                           _0948_ (net)
                  0.08    0.00    8.89 v _1332_/A (sky130_fd_sc_hd__clkbuf_1)
                  0.04    0.17    9.06 v _1332_/X (sky130_fd_sc_hd__clkbuf_1)
     1    0.00                           _0113_ (net)
                  0.04    0.00    9.06 v _2033_/D (sky130_fd_sc_hd__dfxtp_1)
                                  9.06   data arrival time

                          8.00    8.00   clock clk (rise edge)
                          0.00    8.00   clock source latency
                  0.22    0.15    8.15 ^ clk (in)
     1    0.03                           clk (net)
                  0.22    0.00    8.15 ^ clkbuf_0_clk/A (sky130_fd_sc_hd__clkbuf_16)
                  0.11    0.32    8.46 ^ clkbuf_0_clk/X (sky130_fd_sc_hd__clkbuf_16)
     4    0.05                           clknet_0_clk (net)
                  0.11    0.00    8.47 ^ clkbuf_2_2__f_clk/A (sky130_fd_sc_hd__clkbuf_16)
                  0.15    0.30    8.76 ^ clkbuf_2_2__f_clk/X (sky130_fd_sc_hd__clkbuf_16)
     7    0.08                           clknet_2_2__leaf_clk (net)
                  0.15    0.00    8.77 ^ clkbuf_leaf_17_clk/A (sky130_fd_sc_hd__clkbuf_16)
                  0.08    0.26    9.02 ^ clkbuf_leaf_17_clk/X (sky130_fd_sc_hd__clkbuf_16)
    10    0.03                           clknet_leaf_17_clk (net)
                  0.08    0.00    9.03 ^ _2033_/CLK (sky130_fd_sc_hd__dfxtp_1)
                         -0.25    8.78   clock uncertainty
                          0.05    8.82   clock reconvergence pessimism
                         -0.26    8.57   library setup time
                                  8.57   data required time
-----------------------------------------------------------------------------
                                  8.57   data required time
                                 -9.06   data arrival time
-----------------------------------------------------------------------------
                                 -0.49   slack (VIOLATED)



======================= Typical Corner ===================================

No paths found.


===========================================================================
 report_check_types -max_slew -max_cap -max_fanout -violators
============================================================================
======================= Fastest Corner ===================================

max fanout

Pin                                   Limit Fanout  Slack
---------------------------------------------------------
clkbuf_leaf_23_clk/X                     10     16     -6 (VIOLATED)
clkbuf_leaf_0_clk/X                      10     15     -5 (VIOLATED)
clkbuf_leaf_22_clk/X                     10     14     -4 (VIOLATED)
clkbuf_leaf_16_clk/X                     10     13     -3 (VIOLATED)
clkbuf_leaf_19_clk/X                     10     11        (VIOLATED)
clkbuf_leaf_8_clk/X                      10     11        (VIOLATED)


======================= Slowest Corner ===================================

max fanout

Pin                                   Limit Fanout  Slack
---------------------------------------------------------
clkbuf_leaf_23_clk/X                     10     16     -6 (VIOLATED)
clkbuf_leaf_0_clk/X                      10     15     -5 (VIOLATED)
clkbuf_leaf_22_clk/X                     10     14     -4 (VIOLATED)
clkbuf_leaf_16_clk/X                     10     13     -3 (VIOLATED)
clkbuf_leaf_19_clk/X                     10     11        (VIOLATED)
clkbuf_leaf_8_clk/X                      10     11        (VIOLATED)


======================= Typical Corner ===================================

max fanout

Pin                                   Limit Fanout  Slack
---------------------------------------------------------
clkbuf_leaf_23_clk/X                     10     16     -6 (VIOLATED)
clkbuf_leaf_0_clk/X                      10     15     -5 (VIOLATED)
clkbuf_leaf_22_clk/X                     10     14     -4 (VIOLATED)
clkbuf_leaf_16_clk/X                     10     13     -3 (VIOLATED)
clkbuf_leaf_19_clk/X                     10     11        (VIOLATED)
clkbuf_leaf_8_clk/X                      10     11        (VIOLATED)



===========================================================================
report_parasitic_annotation -report_unannotated
============================================================================
Found 2 unannotated drivers.
 heartbeat_jetson
 initialize
Found 0 partially unannotated drivers.

===========================================================================
max slew violation count 0
max fanout violation count 6
max cap violation count 0
============================================================================

===========================================================================
check_setup -verbose -unconstrained_endpoints -multiple_clock -no_clock -no_input_delay -loops -generated_clocks
===========================================================================
