
===========================================================================
 report_power
============================================================================
======================= Fastest Corner ===================================

Group                  Internal  Switching    Leakage      Total
                          Power      Power      Power      Power (Watts)
----------------------------------------------------------------
Sequential             2.00e-03   3.22e-04   5.26e-07   2.32e-03  37.1%
Combinational          2.31e-03   1.63e-03   1.49e-08   3.93e-03  62.9%
Macro                  0.00e+00   0.00e+00   0.00e+00   0.00e+00   0.0%
Pad                    0.00e+00   0.00e+00   0.00e+00   0.00e+00   0.0%
----------------------------------------------------------------
Total                  4.31e-03   1.95e-03   5.41e-07   6.26e-03 100.0%
                          68.8%      31.2%       0.0%

======================= Slowest Corner ===================================

Group                  Internal  Switching    Leakage      Total
                          Power      Power      Power      Power (Watts)
----------------------------------------------------------------
Sequential             1.35e-03   2.07e-04   4.42e-06   1.56e-03  36.6%
Combinational          1.64e-03   1.06e-03   6.23e-06   2.71e-03  63.4%
Macro                  0.00e+00   0.00e+00   0.00e+00   0.00e+00   0.0%
Pad                    0.00e+00   0.00e+00   0.00e+00   0.00e+00   0.0%
----------------------------------------------------------------
Total                  3.00e-03   1.27e-03   1.07e-05   4.27e-03 100.0%
                          70.1%      29.6%       0.2%

======================= Typical Corner ===================================

Group                  Internal  Switching    Leakage      Total
                          Power      Power      Power      Power (Watts)
----------------------------------------------------------------
Sequential             1.73e-03   2.68e-04   5.25e-07   2.00e-03  37.1%
Combinational          2.03e-03   1.37e-03   7.06e-09   3.39e-03  62.9%
Macro                  0.00e+00   0.00e+00   0.00e+00   0.00e+00   0.0%
Pad                    0.00e+00   0.00e+00   0.00e+00   0.00e+00   0.0%
----------------------------------------------------------------
Total                  3.76e-03   1.63e-03   5.32e-07   5.39e-03 100.0%
                          69.7%      30.3%       0.0%

