
===========================================================================
report_checks -unconstrained
===========================================================================
======================= Fastest Corner ===================================

Startpoint: heartbeat_fc (input port clocked by clk)
Endpoint: _2149_ (recovery check against rising-edge clock clk)
Path Group: asynchronous
Path Type: max
Corner: Fastest

Fanout     Cap    Slew   Delay    Time   Description
-----------------------------------------------------------------------------
                          0.00    0.00   clock clk (rise edge)
                          0.00    0.00   clock network delay (propagated)
                          1.60    1.60 v input external delay
                  0.00    0.00    1.60 v heartbeat_fc (in)
     1    0.00                           heartbeat_fc (net)
                  0.00    0.00    1.60 v input1/A (sky130_fd_sc_hd__dlymetal6s2s_1)
                  0.07    0.13    1.73 v input1/X (sky130_fd_sc_hd__dlymetal6s2s_1)
     2    0.02                           net1 (net)
                  0.07    0.00    1.73 v fanout14/A (sky130_fd_sc_hd__clkbuf_2)
                  0.07    0.13    1.86 v fanout14/X (sky130_fd_sc_hd__clkbuf_2)
     6    0.02                           net14 (net)
                  0.07    0.00    1.86 v fanout12/A (sky130_fd_sc_hd__clkbuf_4)
                  0.07    0.16    2.02 v fanout12/X (sky130_fd_sc_hd__clkbuf_4)
    10    0.05                           net12 (net)
                  0.07    0.00    2.02 v _1746_/A (sky130_fd_sc_hd__buf_4)
                  0.06    0.15    2.17 v _1746_/X (sky130_fd_sc_hd__buf_4)
    10    0.06                           _0558_ (net)
                  0.06    0.00    2.17 v _1747_/A (sky130_fd_sc_hd__buf_4)
                  0.06    0.15    2.32 v _1747_/X (sky130_fd_sc_hd__buf_4)
    10    0.06                           _0559_ (net)
                  0.06    0.00    2.32 v _1750_/A (sky130_fd_sc_hd__inv_2)
                  0.03    0.04    2.37 ^ _1750_/Y (sky130_fd_sc_hd__inv_2)
     1    0.00                           _0059_ (net)
                  0.03    0.00    2.37 ^ _2149_/SET_B (sky130_fd_sc_hd__dfstp_1)
                                  2.37   data arrival time

                          8.00    8.00   clock clk (rise edge)
                          0.00    8.00   clock source latency
                  0.10    0.06    8.06 ^ clk (in)
     1    0.03                           clk (net)
                  0.10    0.00    8.06 ^ clkbuf_0_clk/A (sky130_fd_sc_hd__clkbuf_16)
                  0.05    0.11    8.18 ^ clkbuf_0_clk/X (sky130_fd_sc_hd__clkbuf_16)
     4    0.05                           clknet_0_clk (net)
                  0.05    0.00    8.18 ^ clkbuf_2_0__f_clk/A (sky130_fd_sc_hd__clkbuf_16)
                  0.09    0.13    8.30 ^ clkbuf_2_0__f_clk/X (sky130_fd_sc_hd__clkbuf_16)
     8    0.10                           clknet_2_0__leaf_clk (net)
                  0.09    0.00    8.31 ^ clkbuf_leaf_30_clk/A (sky130_fd_sc_hd__clkbuf_16)
                  0.02    0.09    8.39 ^ clkbuf_leaf_30_clk/X (sky130_fd_sc_hd__clkbuf_16)
     3    0.01                           clknet_leaf_30_clk (net)
                  0.02    0.00    8.39 ^ _2149_/CLK (sky130_fd_sc_hd__dfstp_1)
                         -0.25    8.14   clock uncertainty
                          0.00    8.14   clock reconvergence pessimism
                          0.08    8.23   library recovery time
                                  8.23   data required time
-----------------------------------------------------------------------------
                                  8.23   data required time
                                 -2.37   data arrival time
-----------------------------------------------------------------------------
                                  5.86   slack (MET)


Startpoint: _2187_ (rising edge-triggered flip-flop clocked by clk)
Endpoint: _2033_ (rising edge-triggered flip-flop clocked by clk)
Path Group: clk
Path Type: max
Corner: Fastest

Fanout     Cap    Slew   Delay    Time   Description
-----------------------------------------------------------------------------
                          0.00    0.00   clock clk (rise edge)
                          0.00    0.00   clock source latency
                  0.10    0.07    0.07 ^ clk (in)
     1    0.03                           clk (net)
                  0.10    0.00    0.07 ^ clkbuf_0_clk/A (sky130_fd_sc_hd__clkbuf_16)
                  0.05    0.13    0.20 ^ clkbuf_0_clk/X (sky130_fd_sc_hd__clkbuf_16)
     4    0.05                           clknet_0_clk (net)
                  0.05    0.00    0.20 ^ clkbuf_2_3__f_clk/A (sky130_fd_sc_hd__clkbuf_16)
                  0.08    0.14    0.33 ^ clkbuf_2_3__f_clk/X (sky130_fd_sc_hd__clkbuf_16)
     8    0.09                           clknet_2_3__leaf_clk (net)
                  0.08    0.00    0.34 ^ clkbuf_leaf_16_clk/A (sky130_fd_sc_hd__clkbuf_16)
                  0.04    0.12    0.45 ^ clkbuf_leaf_16_clk/X (sky130_fd_sc_hd__clkbuf_16)
    13    0.04                           clknet_leaf_16_clk (net)
                  0.04    0.00    0.45 ^ _2187_/CLK (sky130_fd_sc_hd__dfxtp_2)
                  0.03    0.22    0.67 v _2187_/Q (sky130_fd_sc_hd__dfxtp_2)
     4    0.01                           uart_tx_raspi_inst.prescale_reg[1] (net)
                  0.03    0.00    0.67 v _1314_/C (sky130_fd_sc_hd__or4_4)
                  0.06    0.29    0.97 v _1314_/X (sky130_fd_sc_hd__or4_4)
     1    0.00                           _0932_ (net)
                  0.06    0.00    0.97 v _1315_/A (sky130_fd_sc_hd__buf_6)
                  0.03    0.10    1.07 v _1315_/X (sky130_fd_sc_hd__buf_6)
     8    0.03                           _0933_ (net)
                  0.03    0.00    1.07 v _1318_/B (sky130_fd_sc_hd__or4_4)
                  0.07    0.34    1.41 v _1318_/X (sky130_fd_sc_hd__or4_4)
     5    0.01                           _0936_ (net)
                  0.07    0.00    1.41 v _1320_/C (sky130_fd_sc_hd__or4_4)
                  0.07    0.33    1.74 v _1320_/X (sky130_fd_sc_hd__or4_4)
     6    0.02                           _0938_ (net)
                  0.07    0.00    1.74 v _1321_/D (sky130_fd_sc_hd__or4_4)
                  0.07    0.29    2.03 v _1321_/X (sky130_fd_sc_hd__or4_4)
     2    0.02                           _0939_ (net)
                  0.07    0.00    2.03 v _1322_/A (sky130_fd_sc_hd__buf_6)
                  0.03    0.11    2.14 v _1322_/X (sky130_fd_sc_hd__buf_6)
     6    0.02                           _0940_ (net)
                  0.03    0.00    2.14 v _1326_/B (sky130_fd_sc_hd__or4b_4)
                  0.06    0.32    2.46 v _1326_/X (sky130_fd_sc_hd__or4b_4)
     1    0.00                           _0944_ (net)
                  0.06    0.00    2.46 v _1327_/A (sky130_fd_sc_hd__buf_6)
                  0.03    0.11    2.56 v _1327_/X (sky130_fd_sc_hd__buf_6)
     6    0.03                           _0945_ (net)
                  0.03    0.00    2.56 v split1/A (sky130_fd_sc_hd__buf_6)
                  0.03    0.09    2.66 v split1/X (sky130_fd_sc_hd__buf_6)
     4    0.03                           net15 (net)
                  0.03    0.00    2.66 v _1331_/S (sky130_fd_sc_hd__mux2_4)
                  0.04    0.19    2.85 v _1331_/X (sky130_fd_sc_hd__mux2_4)
     1    0.00                           _0948_ (net)
                  0.04    0.00    2.85 v _1332_/A (sky130_fd_sc_hd__clkbuf_1)
                  0.02    0.06    2.91 v _1332_/X (sky130_fd_sc_hd__clkbuf_1)
     1    0.00                           _0113_ (net)
                  0.02    0.00    2.91 v _2033_/D (sky130_fd_sc_hd__dfxtp_1)
                                  2.91   data arrival time

                          8.00    8.00   clock clk (rise edge)
                          0.00    8.00   clock source latency
                  0.10    0.06    8.06 ^ clk (in)
     1    0.03                           clk (net)
                  0.10    0.00    8.06 ^ clkbuf_0_clk/A (sky130_fd_sc_hd__clkbuf_16)
                  0.05    0.11    8.18 ^ clkbuf_0_clk/X (sky130_fd_sc_hd__clkbuf_16)
     4    0.05                           clknet_0_clk (net)
                  0.05    0.00    8.18 ^ clkbuf_2_2__f_clk/A (sky130_fd_sc_hd__clkbuf_16)
                  0.07    0.12    8.30 ^ clkbuf_2_2__f_clk/X (sky130_fd_sc_hd__clkbuf_16)
     7    0.08                           clknet_2_2__leaf_clk (net)
                  0.07    0.00    8.30 ^ clkbuf_leaf_17_clk/A (sky130_fd_sc_hd__clkbuf_16)
                  0.04    0.10    8.39 ^ clkbuf_leaf_17_clk/X (sky130_fd_sc_hd__clkbuf_16)
    10    0.03                           clknet_leaf_17_clk (net)
                  0.04    0.00    8.39 ^ _2033_/CLK (sky130_fd_sc_hd__dfxtp_1)
                         -0.25    8.14   clock uncertainty
                          0.02    8.16   clock reconvergence pessimism
                         -0.06    8.10   library setup time
                                  8.10   data required time
-----------------------------------------------------------------------------
                                  8.10   data required time
                                 -2.91   data arrival time
-----------------------------------------------------------------------------
                                  5.19   slack (MET)



======================= Slowest Corner ===================================

Startpoint: heartbeat_fc (input port clocked by clk)
Endpoint: _2149_ (recovery check against rising-edge clock clk)
Path Group: asynchronous
Path Type: max
Corner: Slowest

Fanout     Cap    Slew   Delay    Time   Description
-----------------------------------------------------------------------------
                          0.00    0.00   clock clk (rise edge)
                          0.00    0.00   clock network delay (propagated)
                          1.60    1.60 v input external delay
                  0.02    0.01    1.61 v heartbeat_fc (in)
     1    0.00                           heartbeat_fc (net)
                  0.02    0.00    1.61 v input1/A (sky130_fd_sc_hd__dlymetal6s2s_1)
                  0.20    0.39    2.00 v input1/X (sky130_fd_sc_hd__dlymetal6s2s_1)
     2    0.02                           net1 (net)
                  0.20    0.00    2.00 v fanout14/A (sky130_fd_sc_hd__clkbuf_2)
                  0.16    0.36    2.36 v fanout14/X (sky130_fd_sc_hd__clkbuf_2)
     6    0.02                           net14 (net)
                  0.16    0.00    2.36 v fanout12/A (sky130_fd_sc_hd__clkbuf_4)
                  0.17    0.41    2.78 v fanout12/X (sky130_fd_sc_hd__clkbuf_4)
    10    0.04                           net12 (net)
                  0.17    0.00    2.78 v _1746_/A (sky130_fd_sc_hd__buf_4)
                  0.15    0.41    3.19 v _1746_/X (sky130_fd_sc_hd__buf_4)
    10    0.06                           _0558_ (net)
                  0.15    0.00    3.19 v _1747_/A (sky130_fd_sc_hd__buf_4)
                  0.15    0.40    3.59 v _1747_/X (sky130_fd_sc_hd__buf_4)
    10    0.06                           _0559_ (net)
                  0.15    0.00    3.59 v _1750_/A (sky130_fd_sc_hd__inv_2)
                  0.05    0.10    3.70 ^ _1750_/Y (sky130_fd_sc_hd__inv_2)
     1    0.00                           _0059_ (net)
                  0.05    0.00    3.70 ^ _2149_/SET_B (sky130_fd_sc_hd__dfstp_1)
                                  3.70   data arrival time

                          8.00    8.00   clock clk (rise edge)
                          0.00    8.00   clock source latency
                  0.20    0.13    8.13 ^ clk (in)
     1    0.03                           clk (net)
                  0.20    0.00    8.13 ^ clkbuf_0_clk/A (sky130_fd_sc_hd__clkbuf_16)
                  0.11    0.30    8.44 ^ clkbuf_0_clk/X (sky130_fd_sc_hd__clkbuf_16)
     4    0.05                           clknet_0_clk (net)
                  0.11    0.00    8.44 ^ clkbuf_2_0__f_clk/A (sky130_fd_sc_hd__clkbuf_16)
                  0.17    0.31    8.75 ^ clkbuf_2_0__f_clk/X (sky130_fd_sc_hd__clkbuf_16)
     8    0.09                           clknet_2_0__leaf_clk (net)
                  0.17    0.00    8.75 ^ clkbuf_leaf_30_clk/A (sky130_fd_sc_hd__clkbuf_16)
                  0.05    0.24    8.98 ^ clkbuf_leaf_30_clk/X (sky130_fd_sc_hd__clkbuf_16)
     3    0.01                           clknet_leaf_30_clk (net)
                  0.05    0.00    8.98 ^ _2149_/CLK (sky130_fd_sc_hd__dfstp_1)
                         -0.25    8.73   clock uncertainty
                          0.00    8.73   clock reconvergence pessimism
                          0.27    9.00   library recovery time
                                  9.00   data required time
-----------------------------------------------------------------------------
                                  9.00   data required time
                                 -3.70   data arrival time
-----------------------------------------------------------------------------
                                  5.30   slack (MET)


Startpoint: _2187_ (rising edge-triggered flip-flop clocked by clk)
Endpoint: _2033_ (rising edge-triggered flip-flop clocked by clk)
Path Group: clk
Path Type: max
Corner: Slowest

Fanout     Cap    Slew   Delay    Time   Description
-----------------------------------------------------------------------------
                          0.00    0.00   clock clk (rise edge)
                          0.00    0.00   clock source latency
                  0.20    0.14    0.14 ^ clk (in)
     1    0.03                           clk (net)
                  0.20    0.00    0.14 ^ clkbuf_0_clk/A (sky130_fd_sc_hd__clkbuf_16)
                  0.11    0.34    0.48 ^ clkbuf_0_clk/X (sky130_fd_sc_hd__clkbuf_16)
     4    0.05                           clknet_0_clk (net)
                  0.11    0.00    0.48 ^ clkbuf_2_3__f_clk/A (sky130_fd_sc_hd__clkbuf_16)
                  0.17    0.34    0.82 ^ clkbuf_2_3__f_clk/X (sky130_fd_sc_hd__clkbuf_16)
     8    0.09                           clknet_2_3__leaf_clk (net)
                  0.17    0.00    0.82 ^ clkbuf_leaf_16_clk/A (sky130_fd_sc_hd__clkbuf_16)
                  0.09    0.30    1.13 ^ clkbuf_leaf_16_clk/X (sky130_fd_sc_hd__clkbuf_16)
    13    0.04                           clknet_leaf_16_clk (net)
                  0.09    0.00    1.13 ^ _2187_/CLK (sky130_fd_sc_hd__dfxtp_2)
                  0.07    0.67    1.80 v _2187_/Q (sky130_fd_sc_hd__dfxtp_2)
     4    0.01                           uart_tx_raspi_inst.prescale_reg[1] (net)
                  0.07    0.00    1.80 v _1314_/C (sky130_fd_sc_hd__or4_4)
                  0.15    1.00    2.79 v _1314_/X (sky130_fd_sc_hd__or4_4)
     1    0.00                           _0932_ (net)
                  0.15    0.00    2.79 v _1315_/A (sky130_fd_sc_hd__buf_6)
                  0.07    0.29    3.08 v _1315_/X (sky130_fd_sc_hd__buf_6)
     8    0.03                           _0933_ (net)
                  0.07    0.00    3.08 v _1318_/B (sky130_fd_sc_hd__or4_4)
                  0.18    1.12    4.20 v _1318_/X (sky130_fd_sc_hd__or4_4)
     5    0.01                           _0936_ (net)
                  0.18    0.00    4.20 v _1320_/C (sky130_fd_sc_hd__or4_4)
                  0.19    1.12    5.32 v _1320_/X (sky130_fd_sc_hd__or4_4)
     6    0.02                           _0938_ (net)
                  0.19    0.00    5.32 v _1321_/D (sky130_fd_sc_hd__or4_4)
                  0.20    1.00    6.32 v _1321_/X (sky130_fd_sc_hd__or4_4)
     2    0.02                           _0939_ (net)
                  0.20    0.00    6.32 v _1322_/A (sky130_fd_sc_hd__buf_6)
                  0.06    0.30    6.63 v _1322_/X (sky130_fd_sc_hd__buf_6)
     6    0.02                           _0940_ (net)
                  0.06    0.00    6.63 v _1326_/B (sky130_fd_sc_hd__or4b_4)
                  0.15    1.06    7.68 v _1326_/X (sky130_fd_sc_hd__or4b_4)
     1    0.00                           _0944_ (net)
                  0.15    0.00    7.68 v _1327_/A (sky130_fd_sc_hd__buf_6)
                  0.07    0.30    7.98 v _1327_/X (sky130_fd_sc_hd__buf_6)
     6    0.03                           _0945_ (net)
                  0.07    0.00    7.98 v split1/A (sky130_fd_sc_hd__buf_6)
                  0.07    0.25    8.23 v split1/X (sky130_fd_sc_hd__buf_6)
     4    0.03                           net15 (net)
                  0.07    0.00    8.23 v _1331_/S (sky130_fd_sc_hd__mux2_4)
                  0.08    0.56    8.79 v _1331_/X (sky130_fd_sc_hd__mux2_4)
     1    0.00                           _0948_ (net)
                  0.08    0.00    8.79 v _1332_/A (sky130_fd_sc_hd__clkbuf_1)
                  0.04    0.16    8.95 v _1332_/X (sky130_fd_sc_hd__clkbuf_1)
     1    0.00                           _0113_ (net)
                  0.04    0.00    8.95 v _2033_/D (sky130_fd_sc_hd__dfxtp_1)
                                  8.95   data arrival time

                          8.00    8.00   clock clk (rise edge)
                          0.00    8.00   clock source latency
                  0.20    0.13    8.13 ^ clk (in)
     1    0.03                           clk (net)
                  0.20    0.00    8.13 ^ clkbuf_0_clk/A (sky130_fd_sc_hd__clkbuf_16)
                  0.11    0.30    8.44 ^ clkbuf_0_clk/X (sky130_fd_sc_hd__clkbuf_16)
     4    0.05                           clknet_0_clk (net)
                  0.11    0.00    8.44 ^ clkbuf_2_2__f_clk/A (sky130_fd_sc_hd__clkbuf_16)
                  0.15    0.29    8.73 ^ clkbuf_2_2__f_clk/X (sky130_fd_sc_hd__clkbuf_16)
     7    0.08                           clknet_2_2__leaf_clk (net)
                  0.15    0.00    8.73 ^ clkbuf_leaf_17_clk/A (sky130_fd_sc_hd__clkbuf_16)
                  0.08    0.25    8.98 ^ clkbuf_leaf_17_clk/X (sky130_fd_sc_hd__clkbuf_16)
    10    0.03                           clknet_leaf_17_clk (net)
                  0.08    0.00    8.98 ^ _2033_/CLK (sky130_fd_sc_hd__dfxtp_1)
                         -0.25    8.73   clock uncertainty
                          0.05    8.78   clock reconvergence pessimism
                         -0.26    8.52   library setup time
                                  8.52   data required time
-----------------------------------------------------------------------------
                                  8.52   data required time
                                 -8.95   data arrival time
-----------------------------------------------------------------------------
                                 -0.43   slack (VIOLATED)



======================= Typical Corner ===================================

Startpoint: heartbeat_fc (input port clocked by clk)
Endpoint: _2149_ (recovery check against rising-edge clock clk)
Path Group: asynchronous
Path Type: max
Corner: Typical

Fanout     Cap    Slew   Delay    Time   Description
-----------------------------------------------------------------------------
                          0.00    0.00   clock clk (rise edge)
                          0.00    0.00   clock network delay (propagated)
                          1.60    1.60 v input external delay
                  0.01    0.00    1.60 v heartbeat_fc (in)
     1    0.00                           heartbeat_fc (net)
                  0.01    0.00    1.60 v input1/A (sky130_fd_sc_hd__dlymetal6s2s_1)
                  0.11    0.19    1.80 v input1/X (sky130_fd_sc_hd__dlymetal6s2s_1)
     2    0.02                           net1 (net)
                  0.11    0.00    1.80 v fanout14/A (sky130_fd_sc_hd__clkbuf_2)
                  0.09    0.19    1.99 v fanout14/X (sky130_fd_sc_hd__clkbuf_2)
     6    0.02                           net14 (net)
                  0.09    0.00    1.99 v fanout12/A (sky130_fd_sc_hd__clkbuf_4)
                  0.10    0.24    2.23 v fanout12/X (sky130_fd_sc_hd__clkbuf_4)
    10    0.05                           net12 (net)
                  0.10    0.00    2.23 v _1746_/A (sky130_fd_sc_hd__buf_4)
                  0.08    0.23    2.46 v _1746_/X (sky130_fd_sc_hd__buf_4)
    10    0.06                           _0558_ (net)
                  0.08    0.00    2.46 v _1747_/A (sky130_fd_sc_hd__buf_4)
                  0.08    0.22    2.68 v _1747_/X (sky130_fd_sc_hd__buf_4)
    10    0.06                           _0559_ (net)
                  0.08    0.00    2.68 v _1750_/A (sky130_fd_sc_hd__inv_2)
                  0.03    0.06    2.74 ^ _1750_/Y (sky130_fd_sc_hd__inv_2)
     1    0.00                           _0059_ (net)
                  0.03    0.00    2.74 ^ _2149_/SET_B (sky130_fd_sc_hd__dfstp_1)
                                  2.74   data arrival time

                          8.00    8.00   clock clk (rise edge)
                          0.00    8.00   clock source latency
                  0.13    0.08    8.08 ^ clk (in)
     1    0.03                           clk (net)
                  0.13    0.00    8.08 ^ clkbuf_0_clk/A (sky130_fd_sc_hd__clkbuf_16)
                  0.07    0.17    8.25 ^ clkbuf_0_clk/X (sky130_fd_sc_hd__clkbuf_16)
     4    0.05                           clknet_0_clk (net)
                  0.07    0.00    8.25 ^ clkbuf_2_0__f_clk/A (sky130_fd_sc_hd__clkbuf_16)
                  0.11    0.18    8.44 ^ clkbuf_2_0__f_clk/X (sky130_fd_sc_hd__clkbuf_16)
     8    0.09                           clknet_2_0__leaf_clk (net)
                  0.11    0.00    8.44 ^ clkbuf_leaf_30_clk/A (sky130_fd_sc_hd__clkbuf_16)
                  0.03    0.13    8.57 ^ clkbuf_leaf_30_clk/X (sky130_fd_sc_hd__clkbuf_16)
     3    0.01                           clknet_leaf_30_clk (net)
                  0.03    0.00    8.57 ^ _2149_/CLK (sky130_fd_sc_hd__dfstp_1)
                         -0.25    8.32   clock uncertainty
                          0.00    8.32   clock reconvergence pessimism
                          0.14    8.45   library recovery time
                                  8.45   data required time
-----------------------------------------------------------------------------
                                  8.45   data required time
                                 -2.74   data arrival time
-----------------------------------------------------------------------------
                                  5.72   slack (MET)


Startpoint: _2187_ (rising edge-triggered flip-flop clocked by clk)
Endpoint: _2033_ (rising edge-triggered flip-flop clocked by clk)
Path Group: clk
Path Type: max
Corner: Typical

Fanout     Cap    Slew   Delay    Time   Description
-----------------------------------------------------------------------------
                          0.00    0.00   clock clk (rise edge)
                          0.00    0.00   clock source latency
                  0.13    0.09    0.09 ^ clk (in)
     1    0.03                           clk (net)
                  0.13    0.00    0.09 ^ clkbuf_0_clk/A (sky130_fd_sc_hd__clkbuf_16)
                  0.07    0.19    0.28 ^ clkbuf_0_clk/X (sky130_fd_sc_hd__clkbuf_16)
     4    0.05                           clknet_0_clk (net)
                  0.07    0.00    0.28 ^ clkbuf_2_3__f_clk/A (sky130_fd_sc_hd__clkbuf_16)
                  0.11    0.20    0.48 ^ clkbuf_2_3__f_clk/X (sky130_fd_sc_hd__clkbuf_16)
     8    0.09                           clknet_2_3__leaf_clk (net)
                  0.11    0.00    0.48 ^ clkbuf_leaf_16_clk/A (sky130_fd_sc_hd__clkbuf_16)
                  0.06    0.17    0.65 ^ clkbuf_leaf_16_clk/X (sky130_fd_sc_hd__clkbuf_16)
    13    0.04                           clknet_leaf_16_clk (net)
                  0.06    0.00    0.65 ^ _2187_/CLK (sky130_fd_sc_hd__dfxtp_2)
                  0.04    0.34    1.00 v _2187_/Q (sky130_fd_sc_hd__dfxtp_2)
     4    0.01                           uart_tx_raspi_inst.prescale_reg[1] (net)
                  0.04    0.00    1.00 v _1314_/C (sky130_fd_sc_hd__or4_4)
                  0.08    0.49    1.49 v _1314_/X (sky130_fd_sc_hd__or4_4)
     1    0.00                           _0932_ (net)
                  0.08    0.00    1.49 v _1315_/A (sky130_fd_sc_hd__buf_6)
                  0.04    0.16    1.65 v _1315_/X (sky130_fd_sc_hd__buf_6)
     8    0.03                           _0933_ (net)
                  0.04    0.00    1.65 v _1318_/B (sky130_fd_sc_hd__or4_4)
                  0.10    0.56    2.21 v _1318_/X (sky130_fd_sc_hd__or4_4)
     5    0.01                           _0936_ (net)
                  0.10    0.00    2.21 v _1320_/C (sky130_fd_sc_hd__or4_4)
                  0.11    0.56    2.77 v _1320_/X (sky130_fd_sc_hd__or4_4)
     6    0.02                           _0938_ (net)
                  0.11    0.00    2.77 v _1321_/D (sky130_fd_sc_hd__or4_4)
                  0.11    0.50    3.27 v _1321_/X (sky130_fd_sc_hd__or4_4)
     2    0.02                           _0939_ (net)
                  0.11    0.00    3.27 v _1322_/A (sky130_fd_sc_hd__buf_6)
                  0.03    0.16    3.43 v _1322_/X (sky130_fd_sc_hd__buf_6)
     6    0.02                           _0940_ (net)
                  0.03    0.00    3.43 v _1326_/B (sky130_fd_sc_hd__or4b_4)
                  0.08    0.53    3.96 v _1326_/X (sky130_fd_sc_hd__or4b_4)
     1    0.00                           _0944_ (net)
                  0.08    0.00    3.96 v _1327_/A (sky130_fd_sc_hd__buf_6)
                  0.04    0.16    4.12 v _1327_/X (sky130_fd_sc_hd__buf_6)
     6    0.03                           _0945_ (net)
                  0.04    0.00    4.12 v split1/A (sky130_fd_sc_hd__buf_6)
                  0.04    0.14    4.26 v split1/X (sky130_fd_sc_hd__buf_6)
     4    0.03                           net15 (net)
                  0.04    0.00    4.26 v _1331_/S (sky130_fd_sc_hd__mux2_4)
                  0.05    0.30    4.56 v _1331_/X (sky130_fd_sc_hd__mux2_4)
     1    0.00                           _0948_ (net)
                  0.05    0.00    4.56 v _1332_/A (sky130_fd_sc_hd__clkbuf_1)
                  0.02    0.09    4.65 v _1332_/X (sky130_fd_sc_hd__clkbuf_1)
     1    0.00                           _0113_ (net)
                  0.02    0.00    4.65 v _2033_/D (sky130_fd_sc_hd__dfxtp_1)
                                  4.65   data arrival time

                          8.00    8.00   clock clk (rise edge)
                          0.00    8.00   clock source latency
                  0.13    0.08    8.08 ^ clk (in)
     1    0.03                           clk (net)
                  0.13    0.00    8.08 ^ clkbuf_0_clk/A (sky130_fd_sc_hd__clkbuf_16)
                  0.07    0.17    8.25 ^ clkbuf_0_clk/X (sky130_fd_sc_hd__clkbuf_16)
     4    0.05                           clknet_0_clk (net)
                  0.07    0.00    8.25 ^ clkbuf_2_2__f_clk/A (sky130_fd_sc_hd__clkbuf_16)
                  0.10    0.17    8.42 ^ clkbuf_2_2__f_clk/X (sky130_fd_sc_hd__clkbuf_16)
     7    0.08                           clknet_2_2__leaf_clk (net)
                  0.10    0.00    8.42 ^ clkbuf_leaf_17_clk/A (sky130_fd_sc_hd__clkbuf_16)
                  0.05    0.14    8.57 ^ clkbuf_leaf_17_clk/X (sky130_fd_sc_hd__clkbuf_16)
    10    0.03                           clknet_leaf_17_clk (net)
                  0.05    0.00    8.57 ^ _2033_/CLK (sky130_fd_sc_hd__dfxtp_1)
                         -0.25    8.32   clock uncertainty
                          0.03    8.35   clock reconvergence pessimism
                         -0.10    8.25   library setup time
                                  8.25   data required time
-----------------------------------------------------------------------------
                                  8.25   data required time
                                 -4.65   data arrival time
-----------------------------------------------------------------------------
                                  3.60   slack (MET)




===========================================================================
report_checks --slack_max -0.01
============================================================================
======================= Fastest Corner ===================================

No paths found.

======================= Slowest Corner ===================================

Startpoint: _2187_ (rising edge-triggered flip-flop clocked by clk)
Endpoint: _2033_ (rising edge-triggered flip-flop clocked by clk)
Path Group: clk
Path Type: max
Corner: Slowest

Fanout     Cap    Slew   Delay    Time   Description
-----------------------------------------------------------------------------
                          0.00    0.00   clock clk (rise edge)
                          0.00    0.00   clock source latency
                  0.20    0.14    0.14 ^ clk (in)
     1    0.03                           clk (net)
                  0.20    0.00    0.14 ^ clkbuf_0_clk/A (sky130_fd_sc_hd__clkbuf_16)
                  0.11    0.34    0.48 ^ clkbuf_0_clk/X (sky130_fd_sc_hd__clkbuf_16)
     4    0.05                           clknet_0_clk (net)
                  0.11    0.00    0.48 ^ clkbuf_2_3__f_clk/A (sky130_fd_sc_hd__clkbuf_16)
                  0.17    0.34    0.82 ^ clkbuf_2_3__f_clk/X (sky130_fd_sc_hd__clkbuf_16)
     8    0.09                           clknet_2_3__leaf_clk (net)
                  0.17    0.00    0.82 ^ clkbuf_leaf_16_clk/A (sky130_fd_sc_hd__clkbuf_16)
                  0.09    0.30    1.13 ^ clkbuf_leaf_16_clk/X (sky130_fd_sc_hd__clkbuf_16)
    13    0.04                           clknet_leaf_16_clk (net)
                  0.09    0.00    1.13 ^ _2187_/CLK (sky130_fd_sc_hd__dfxtp_2)
                  0.07    0.67    1.80 v _2187_/Q (sky130_fd_sc_hd__dfxtp_2)
     4    0.01                           uart_tx_raspi_inst.prescale_reg[1] (net)
                  0.07    0.00    1.80 v _1314_/C (sky130_fd_sc_hd__or4_4)
                  0.15    1.00    2.79 v _1314_/X (sky130_fd_sc_hd__or4_4)
     1    0.00                           _0932_ (net)
                  0.15    0.00    2.79 v _1315_/A (sky130_fd_sc_hd__buf_6)
                  0.07    0.29    3.08 v _1315_/X (sky130_fd_sc_hd__buf_6)
     8    0.03                           _0933_ (net)
                  0.07    0.00    3.08 v _1318_/B (sky130_fd_sc_hd__or4_4)
                  0.18    1.12    4.20 v _1318_/X (sky130_fd_sc_hd__or4_4)
     5    0.01                           _0936_ (net)
                  0.18    0.00    4.20 v _1320_/C (sky130_fd_sc_hd__or4_4)
                  0.19    1.12    5.32 v _1320_/X (sky130_fd_sc_hd__or4_4)
     6    0.02                           _0938_ (net)
                  0.19    0.00    5.32 v _1321_/D (sky130_fd_sc_hd__or4_4)
                  0.20    1.00    6.32 v _1321_/X (sky130_fd_sc_hd__or4_4)
     2    0.02                           _0939_ (net)
                  0.20    0.00    6.32 v _1322_/A (sky130_fd_sc_hd__buf_6)
                  0.06    0.30    6.63 v _1322_/X (sky130_fd_sc_hd__buf_6)
     6    0.02                           _0940_ (net)
                  0.06    0.00    6.63 v _1326_/B (sky130_fd_sc_hd__or4b_4)
                  0.15    1.06    7.68 v _1326_/X (sky130_fd_sc_hd__or4b_4)
     1    0.00                           _0944_ (net)
                  0.15    0.00    7.68 v _1327_/A (sky130_fd_sc_hd__buf_6)
                  0.07    0.30    7.98 v _1327_/X (sky130_fd_sc_hd__buf_6)
     6    0.03                           _0945_ (net)
                  0.07    0.00    7.98 v split1/A (sky130_fd_sc_hd__buf_6)
                  0.07    0.25    8.23 v split1/X (sky130_fd_sc_hd__buf_6)
     4    0.03                           net15 (net)
                  0.07    0.00    8.23 v _1331_/S (sky130_fd_sc_hd__mux2_4)
                  0.08    0.56    8.79 v _1331_/X (sky130_fd_sc_hd__mux2_4)
     1    0.00                           _0948_ (net)
                  0.08    0.00    8.79 v _1332_/A (sky130_fd_sc_hd__clkbuf_1)
                  0.04    0.16    8.95 v _1332_/X (sky130_fd_sc_hd__clkbuf_1)
     1    0.00                           _0113_ (net)
                  0.04    0.00    8.95 v _2033_/D (sky130_fd_sc_hd__dfxtp_1)
                                  8.95   data arrival time

                          8.00    8.00   clock clk (rise edge)
                          0.00    8.00   clock source latency
                  0.20    0.13    8.13 ^ clk (in)
     1    0.03                           clk (net)
                  0.20    0.00    8.13 ^ clkbuf_0_clk/A (sky130_fd_sc_hd__clkbuf_16)
                  0.11    0.30    8.44 ^ clkbuf_0_clk/X (sky130_fd_sc_hd__clkbuf_16)
     4    0.05                           clknet_0_clk (net)
                  0.11    0.00    8.44 ^ clkbuf_2_2__f_clk/A (sky130_fd_sc_hd__clkbuf_16)
                  0.15    0.29    8.73 ^ clkbuf_2_2__f_clk/X (sky130_fd_sc_hd__clkbuf_16)
     7    0.08                           clknet_2_2__leaf_clk (net)
                  0.15    0.00    8.73 ^ clkbuf_leaf_17_clk/A (sky130_fd_sc_hd__clkbuf_16)
                  0.08    0.25    8.98 ^ clkbuf_leaf_17_clk/X (sky130_fd_sc_hd__clkbuf_16)
    10    0.03                           clknet_leaf_17_clk (net)
                  0.08    0.00    8.98 ^ _2033_/CLK (sky130_fd_sc_hd__dfxtp_1)
                         -0.25    8.73   clock uncertainty
                          0.05    8.78   clock reconvergence pessimism
                         -0.26    8.52   library setup time
                                  8.52   data required time
-----------------------------------------------------------------------------
                                  8.52   data required time
                                 -8.95   data arrival time
-----------------------------------------------------------------------------
                                 -0.43   slack (VIOLATED)



======================= Typical Corner ===================================

No paths found.


===========================================================================
 report_check_types -max_slew -max_cap -max_fanout -violators
============================================================================
======================= Fastest Corner ===================================

max fanout

Pin                                   Limit Fanout  Slack
---------------------------------------------------------
clkbuf_leaf_23_clk/X                     10     16     -6 (VIOLATED)
clkbuf_leaf_0_clk/X                      10     15     -5 (VIOLATED)
clkbuf_leaf_22_clk/X                     10     14     -4 (VIOLATED)
clkbuf_leaf_16_clk/X                     10     13     -3 (VIOLATED)
clkbuf_leaf_19_clk/X                     10     11        (VIOLATED)
clkbuf_leaf_8_clk/X                      10     11        (VIOLATED)


======================= Slowest Corner ===================================

max fanout

Pin                                   Limit Fanout  Slack
---------------------------------------------------------
clkbuf_leaf_23_clk/X                     10     16     -6 (VIOLATED)
clkbuf_leaf_0_clk/X                      10     15     -5 (VIOLATED)
clkbuf_leaf_22_clk/X                     10     14     -4 (VIOLATED)
clkbuf_leaf_16_clk/X                     10     13     -3 (VIOLATED)
clkbuf_leaf_19_clk/X                     10     11        (VIOLATED)
clkbuf_leaf_8_clk/X                      10     11        (VIOLATED)


======================= Typical Corner ===================================

max fanout

Pin                                   Limit Fanout  Slack
---------------------------------------------------------
clkbuf_leaf_23_clk/X                     10     16     -6 (VIOLATED)
clkbuf_leaf_0_clk/X                      10     15     -5 (VIOLATED)
clkbuf_leaf_22_clk/X                     10     14     -4 (VIOLATED)
clkbuf_leaf_16_clk/X                     10     13     -3 (VIOLATED)
clkbuf_leaf_19_clk/X                     10     11        (VIOLATED)
clkbuf_leaf_8_clk/X                      10     11        (VIOLATED)



===========================================================================
report_parasitic_annotation -report_unannotated
============================================================================
Found 2 unannotated drivers.
 heartbeat_jetson
 initialize
Found 0 partially unannotated drivers.

===========================================================================
max slew violation count 0
max fanout violation count 6
max cap violation count 0
============================================================================

===========================================================================
check_setup -verbose -unconstrained_endpoints -multiple_clock -no_clock -no_input_delay -loops -generated_clocks
===========================================================================
