
===========================================================================
 report_power
============================================================================
======================= Fastest Corner ===================================

Group                  Internal  Switching    Leakage      Total
                          Power      Power      Power      Power (Watts)
----------------------------------------------------------------
Sequential             2.00e-03   3.04e-04   5.26e-07   2.31e-03  37.6%
Combinational          2.30e-03   1.53e-03   1.49e-08   3.83e-03  62.4%
Macro                  0.00e+00   0.00e+00   0.00e+00   0.00e+00   0.0%
Pad                    0.00e+00   0.00e+00   0.00e+00   0.00e+00   0.0%
----------------------------------------------------------------
Total                  4.31e-03   1.84e-03   5.41e-07   6.14e-03 100.0%
                          70.1%      29.9%       0.0%

======================= Slowest Corner ===================================

Group                  Internal  Switching    Leakage      Total
                          Power      Power      Power      Power (Watts)
----------------------------------------------------------------
Sequential             1.35e-03   1.95e-04   4.42e-06   1.55e-03  37.0%
Combinational          1.64e-03   9.94e-04   6.23e-06   2.64e-03  63.0%
Macro                  0.00e+00   0.00e+00   0.00e+00   0.00e+00   0.0%
Pad                    0.00e+00   0.00e+00   0.00e+00   0.00e+00   0.0%
----------------------------------------------------------------
Total                  2.99e-03   1.19e-03   1.07e-05   4.19e-03 100.0%
                          71.4%      28.4%       0.3%

======================= Typical Corner ===================================

Group                  Internal  Switching    Leakage      Total
                          Power      Power      Power      Power (Watts)
----------------------------------------------------------------
Sequential             1.73e-03   2.52e-04   5.25e-07   1.98e-03  37.5%
Combinational          2.02e-03   1.28e-03   7.06e-09   3.31e-03  62.5%
Macro                  0.00e+00   0.00e+00   0.00e+00   0.00e+00   0.0%
Pad                    0.00e+00   0.00e+00   0.00e+00   0.00e+00   0.0%
----------------------------------------------------------------
Total                  3.76e-03   1.54e-03   5.32e-07   5.29e-03 100.0%
                          71.0%      29.0%       0.0%

