
===========================================================================
report_checks -unconstrained
===========================================================================
======================= Typical Corner ===================================

Startpoint: heartbeat_fc (input port clocked by clk)
Endpoint: _2149_ (recovery check against rising-edge clock clk)
Path Group: asynchronous
Path Type: max

Fanout     Cap    Slew   Delay    Time   Description
-----------------------------------------------------------------------------
                          0.00    0.00   clock clk (rise edge)
                          0.00    0.00   clock network delay (propagated)
                          1.60    1.60 v input external delay
                  0.01    0.00    1.60 v heartbeat_fc (in)
     1    0.00                           heartbeat_fc (net)
                  0.01    0.00    1.60 v input1/A (sky130_fd_sc_hd__dlymetal6s2s_1)
                  0.11    0.20    1.80 v input1/X (sky130_fd_sc_hd__dlymetal6s2s_1)
     2    0.02                           net1 (net)
                  0.11    0.00    1.80 v fanout14/A (sky130_fd_sc_hd__clkbuf_2)
                  0.10    0.20    2.00 v fanout14/X (sky130_fd_sc_hd__clkbuf_2)
     6    0.02                           net14 (net)
                  0.10    0.00    2.00 v fanout12/A (sky130_fd_sc_hd__clkbuf_4)
                  0.11    0.24    2.24 v fanout12/X (sky130_fd_sc_hd__clkbuf_4)
    10    0.05                           net12 (net)
                  0.11    0.00    2.25 v _1746_/A (sky130_fd_sc_hd__buf_4)
                  0.08    0.23    2.48 v _1746_/X (sky130_fd_sc_hd__buf_4)
    10    0.06                           _0558_ (net)
                  0.08    0.00    2.48 v _1747_/A (sky130_fd_sc_hd__buf_4)
                  0.08    0.22    2.70 v _1747_/X (sky130_fd_sc_hd__buf_4)
    10    0.06                           _0559_ (net)
                  0.08    0.00    2.70 v _1750_/A (sky130_fd_sc_hd__inv_2)
                  0.03    0.06    2.76 ^ _1750_/Y (sky130_fd_sc_hd__inv_2)
     1    0.00                           _0059_ (net)
                  0.03    0.00    2.76 ^ _2149_/SET_B (sky130_fd_sc_hd__dfstp_1)
                                  2.76   data arrival time

                          8.00    8.00   clock clk (rise edge)
                          0.00    8.00   clock source latency
                  0.13    0.09    8.09 ^ clk (in)
     1    0.03                           clk (net)
                  0.13    0.00    8.09 ^ clkbuf_0_clk/A (sky130_fd_sc_hd__clkbuf_16)
                  0.07    0.17    8.26 ^ clkbuf_0_clk/X (sky130_fd_sc_hd__clkbuf_16)
     4    0.05                           clknet_0_clk (net)
                  0.07    0.00    8.26 ^ clkbuf_2_0__f_clk/A (sky130_fd_sc_hd__clkbuf_16)
                  0.11    0.18    8.45 ^ clkbuf_2_0__f_clk/X (sky130_fd_sc_hd__clkbuf_16)
     8    0.10                           clknet_2_0__leaf_clk (net)
                  0.11    0.00    8.45 ^ clkbuf_leaf_30_clk/A (sky130_fd_sc_hd__clkbuf_16)
                  0.03    0.13    8.58 ^ clkbuf_leaf_30_clk/X (sky130_fd_sc_hd__clkbuf_16)
     3    0.01                           clknet_leaf_30_clk (net)
                  0.03    0.00    8.58 ^ _2149_/CLK (sky130_fd_sc_hd__dfstp_1)
                         -0.25    8.33   clock uncertainty
                          0.00    8.33   clock reconvergence pessimism
                          0.14    8.47   library recovery time
                                  8.47   data required time
-----------------------------------------------------------------------------
                                  8.47   data required time
                                 -2.76   data arrival time
-----------------------------------------------------------------------------
                                  5.71   slack (MET)


Startpoint: _2187_ (rising edge-triggered flip-flop clocked by clk)
Endpoint: _2033_ (rising edge-triggered flip-flop clocked by clk)
Path Group: clk
Path Type: max

Fanout     Cap    Slew   Delay    Time   Description
-----------------------------------------------------------------------------
                          0.00    0.00   clock clk (rise edge)
                          0.00    0.00   clock source latency
                  0.13    0.10    0.10 ^ clk (in)
     1    0.03                           clk (net)
                  0.13    0.00    0.10 ^ clkbuf_0_clk/A (sky130_fd_sc_hd__clkbuf_16)
                  0.07    0.19    0.29 ^ clkbuf_0_clk/X (sky130_fd_sc_hd__clkbuf_16)
     4    0.05                           clknet_0_clk (net)
                  0.07    0.00    0.29 ^ clkbuf_2_3__f_clk/A (sky130_fd_sc_hd__clkbuf_16)
                  0.11    0.20    0.49 ^ clkbuf_2_3__f_clk/X (sky130_fd_sc_hd__clkbuf_16)
     8    0.10                           clknet_2_3__leaf_clk (net)
                  0.11    0.00    0.49 ^ clkbuf_leaf_16_clk/A (sky130_fd_sc_hd__clkbuf_16)
                  0.06    0.17    0.67 ^ clkbuf_leaf_16_clk/X (sky130_fd_sc_hd__clkbuf_16)
    13    0.04                           clknet_leaf_16_clk (net)
                  0.06    0.00    0.67 ^ _2187_/CLK (sky130_fd_sc_hd__dfxtp_2)
                  0.04    0.34    1.01 v _2187_/Q (sky130_fd_sc_hd__dfxtp_2)
     4    0.01                           uart_tx_raspi_inst.prescale_reg[1] (net)
                  0.04    0.00    1.01 v _1314_/C (sky130_fd_sc_hd__or4_4)
                  0.08    0.50    1.51 v _1314_/X (sky130_fd_sc_hd__or4_4)
     1    0.00                           _0932_ (net)
                  0.08    0.00    1.51 v _1315_/A (sky130_fd_sc_hd__buf_6)
                  0.04    0.16    1.66 v _1315_/X (sky130_fd_sc_hd__buf_6)
     8    0.03                           _0933_ (net)
                  0.04    0.00    1.66 v _1318_/B (sky130_fd_sc_hd__or4_4)
                  0.10    0.56    2.23 v _1318_/X (sky130_fd_sc_hd__or4_4)
     5    0.01                           _0936_ (net)
                  0.10    0.00    2.23 v _1320_/C (sky130_fd_sc_hd__or4_4)
                  0.11    0.56    2.79 v _1320_/X (sky130_fd_sc_hd__or4_4)
     6    0.02                           _0938_ (net)
                  0.11    0.00    2.79 v _1321_/D (sky130_fd_sc_hd__or4_4)
                  0.11    0.50    3.29 v _1321_/X (sky130_fd_sc_hd__or4_4)
     2    0.02                           _0939_ (net)
                  0.11    0.00    3.29 v _1322_/A (sky130_fd_sc_hd__buf_6)
                  0.03    0.16    3.46 v _1322_/X (sky130_fd_sc_hd__buf_6)
     6    0.02                           _0940_ (net)
                  0.03    0.00    3.46 v _1326_/B (sky130_fd_sc_hd__or4b_4)
                  0.08    0.53    3.99 v _1326_/X (sky130_fd_sc_hd__or4b_4)
     1    0.00                           _0944_ (net)
                  0.08    0.00    3.99 v _1327_/A (sky130_fd_sc_hd__buf_6)
                  0.04    0.16    4.15 v _1327_/X (sky130_fd_sc_hd__buf_6)
     6    0.03                           _0945_ (net)
                  0.04    0.00    4.15 v split1/A (sky130_fd_sc_hd__buf_6)
                  0.04    0.14    4.29 v split1/X (sky130_fd_sc_hd__buf_6)
     4    0.03                           net15 (net)
                  0.04    0.00    4.29 v _1331_/S (sky130_fd_sc_hd__mux2_4)
                  0.05    0.30    4.59 v _1331_/X (sky130_fd_sc_hd__mux2_4)
     1    0.00                           _0948_ (net)
                  0.05    0.00    4.59 v _1332_/A (sky130_fd_sc_hd__clkbuf_1)
                  0.02    0.09    4.68 v _1332_/X (sky130_fd_sc_hd__clkbuf_1)
     1    0.00                           _0113_ (net)
                  0.02    0.00    4.68 v _2033_/D (sky130_fd_sc_hd__dfxtp_1)
                                  4.68   data arrival time

                          8.00    8.00   clock clk (rise edge)
                          0.00    8.00   clock source latency
                  0.13    0.09    8.09 ^ clk (in)
     1    0.03                           clk (net)
                  0.13    0.00    8.09 ^ clkbuf_0_clk/A (sky130_fd_sc_hd__clkbuf_16)
                  0.07    0.17    8.26 ^ clkbuf_0_clk/X (sky130_fd_sc_hd__clkbuf_16)
     4    0.05                           clknet_0_clk (net)
                  0.07    0.00    8.26 ^ clkbuf_2_2__f_clk/A (sky130_fd_sc_hd__clkbuf_16)
                  0.10    0.17    8.43 ^ clkbuf_2_2__f_clk/X (sky130_fd_sc_hd__clkbuf_16)
     7    0.08                           clknet_2_2__leaf_clk (net)
                  0.10    0.00    8.44 ^ clkbuf_leaf_17_clk/A (sky130_fd_sc_hd__clkbuf_16)
                  0.05    0.15    8.58 ^ clkbuf_leaf_17_clk/X (sky130_fd_sc_hd__clkbuf_16)
    10    0.03                           clknet_leaf_17_clk (net)
                  0.05    0.00    8.58 ^ _2033_/CLK (sky130_fd_sc_hd__dfxtp_1)
                         -0.25    8.33   clock uncertainty
                          0.03    8.36   clock reconvergence pessimism
                         -0.10    8.26   library setup time
                                  8.26   data required time
-----------------------------------------------------------------------------
                                  8.26   data required time
                                 -4.68   data arrival time
-----------------------------------------------------------------------------
                                  3.58   slack (MET)




===========================================================================
report_checks --slack_max -0.01
============================================================================
======================= Typical Corner ===================================

No paths found.


===========================================================================
 report_check_types -max_slew -max_cap -max_fanout -violators
============================================================================
======================= Typical Corner ===================================

max fanout

Pin                                   Limit Fanout  Slack
---------------------------------------------------------
clkbuf_leaf_23_clk/X                     10     16     -6 (VIOLATED)
clkbuf_leaf_0_clk/X                      10     15     -5 (VIOLATED)
clkbuf_leaf_22_clk/X                     10     14     -4 (VIOLATED)
clkbuf_leaf_16_clk/X                     10     13     -3 (VIOLATED)
clkbuf_leaf_19_clk/X                     10     11        (VIOLATED)
clkbuf_leaf_8_clk/X                      10     11        (VIOLATED)



===========================================================================
report_parasitic_annotation -report_unannotated
============================================================================
Found 2 unannotated drivers.
 heartbeat_jetson
 initialize
Found 0 partially unannotated drivers.

===========================================================================
max slew violation count 0
max fanout violation count 6
max cap violation count 0
============================================================================

===========================================================================
check_setup -verbose -unconstrained_endpoints -multiple_clock -no_clock -no_input_delay -loops -generated_clocks
===========================================================================
