Instance name,  X location,  Y location,  Voltage 
FILLER_0_60_333, 155.715, 174.08, 0.00270222
FILLER_0_59_329, 155.715, 168.64, 0.00269165
_2091_, 155.715, 163.2, 0.00274589
FILLER_0_57_329, 155.715, 163.2, 0.00274589
_1560_, 155.715, 157.76, 0.0027623
_1562_, 155.715, 157.76, 0.0027623
FILLER_0_53_323, 155.715, 157.76, 0.0027623
_1487_, 155.715, 152.32, 0.00284468
_1558_, 155.715, 152.32, 0.00284468
_1561_, 155.715, 152.32, 0.00284468
_1563_, 155.715, 152.32, 0.00284468
FILLER_0_52_323, 155.715, 152.32, 0.00284468
FILLER_0_53_332, 155.715, 152.32, 0.00284468
_1541_, 155.715, 146.88, 0.00284556
_1559_, 155.715, 146.88, 0.00284556
clkbuf_leaf_13_clk, 155.715, 146.88, 0.00284556
hold19, 155.715, 146.88, 0.00284556
hold20, 155.715, 146.88, 0.00284556
FILLER_0_50_328, 155.715, 146.88, 0.00284556
_1542_, 155.715, 141.44, 0.00280996
_1544_, 155.715, 141.44, 0.00280996
_1546_, 155.715, 141.44, 0.00280996
_1556_, 155.715, 141.44, 0.00280996
hold62, 155.715, 141.44, 0.00280996
FILLER_0_48_326, 155.715, 141.44, 0.00280996
FILLER_0_49_328, 155.715, 141.44, 0.00280996
_1490_, 155.715, 136, 0.00273118
_1545_, 155.715, 136, 0.00273118
FILLER_0_46_321, 155.715, 136, 0.00273118
_1547_, 155.715, 130.56, 0.00272584
_1552_, 155.715, 130.56, 0.00272584
_2088_, 155.715, 130.56, 0.00272584
hold69, 155.715, 130.56, 0.00272584
FILLER_0_43_322, 155.715, 130.56, 0.00272584
FILLER_0_44_325, 155.715, 130.56, 0.00272584
_1551_, 155.715, 125.12, 0.0027007
_1864_, 155.715, 125.12, 0.0027007
clkbuf_leaf_14_clk, 155.715, 125.12, 0.0027007
hold13, 155.715, 125.12, 0.0027007
FILLER_0_41_319, 155.715, 125.12, 0.0027007
_1868_, 155.715, 119.68, 0.00269593
_2201_, 155.715, 119.68, 0.00269593
hold86, 155.715, 119.68, 0.00269593
_1780_, 155.715, 114.24, 0.00263727
_1859_, 155.715, 114.24, 0.00263727
_1862_, 155.715, 114.24, 0.00263727
_1865_, 155.715, 114.24, 0.00263727
_1866_, 155.715, 114.24, 0.00263727
hold79, 155.715, 114.24, 0.00263727
FILLER_0_38_329, 155.715, 114.24, 0.00263727
_1848_, 155.715, 108.8, 0.0026017
_2197_, 155.715, 108.8, 0.0026017
FILLER_0_35_325, 155.715, 108.8, 0.0026017
FILLER_0_36_320, 155.715, 108.8, 0.0026017
FILLER_0_37_333, 155.715, 108.8, 0.0026017
_1849_, 155.715, 103.36, 0.00251444
_1855_, 155.715, 103.36, 0.00251444
hold200, 155.715, 103.36, 0.00251444
FILLER_0_33_323, 155.715, 103.36, 0.00251444
_1317_, 155.715, 97.92, 0.00238721
FILLER_0_31_323, 155.715, 97.92, 0.00238721
_1828_, 155.715, 92.48, 0.00240946
_1835_, 155.715, 92.48, 0.00240946
_1836_, 155.715, 92.48, 0.00240946
_2191_, 155.715, 92.48, 0.00240946
FILLER_0_29_324, 155.715, 92.48, 0.00240946
_1830_, 155.715, 87.04, 0.00232984
_1832_, 155.715, 87.04, 0.00232984
_1833_, 155.715, 87.04, 0.00232984
_1837_, 155.715, 87.04, 0.00232984
_2190_, 155.715, 87.04, 0.00232984
_1322_, 155.715, 81.6, 0.0022446
_1784_, 155.715, 81.6, 0.0022446
_1831_, 155.715, 81.6, 0.0022446
split5, 155.715, 81.6, 0.0022446
_1783_, 155.715, 76.16, 0.00216039
_1875_, 155.715, 76.16, 0.00216039
split1, 155.715, 76.16, 0.00216039
hold177, 155.715, 76.16, 0.00216039
_1324_, 155.715, 70.72, 0.00205254
_1351_, 155.715, 70.72, 0.00205254
_1874_, 155.715, 70.72, 0.00205254
_1877_, 155.715, 70.72, 0.00205254
_1878_, 155.715, 70.72, 0.00205254
_1880_, 155.715, 70.72, 0.00205254
FILLER_0_21_318, 155.715, 70.72, 0.00205254
_1311_, 155.715, 65.28, 0.00206883
_1886_, 155.715, 65.28, 0.00206883
hold92, 155.715, 65.28, 0.00206883
hold99, 155.715, 65.28, 0.00206883
FILLER_0_20_318, 155.715, 65.28, 0.00206883
_1881_, 155.715, 59.84, 0.00213376
_2145_, 155.715, 59.84, 0.00213376
hold32, 155.715, 59.84, 0.00213376
FILLER_0_18_321, 155.715, 59.84, 0.00213376
FILLER_0_18_329, 155.715, 59.84, 0.00213376
FILLER_0_19_333, 155.715, 59.84, 0.00213376
_1631_, 155.715, 54.4, 0.00215381
_1742_, 155.715, 54.4, 0.00215381
hold34, 155.715, 54.4, 0.00215381
FILLER_0_15_325, 155.715, 54.4, 0.00215381
FILLER_0_16_317, 155.715, 54.4, 0.00215381
FILLER_0_16_328, 155.715, 54.4, 0.00215381
_1729_, 155.715, 48.96, 0.00222718
_1730_, 155.715, 48.96, 0.00222718
_1743_, 155.715, 48.96, 0.00222718
hold33, 155.715, 48.96, 0.00222718
hold108, 155.715, 48.96, 0.00222718
FILLER_0_13_326, 155.715, 48.96, 0.00222718
FILLER_0_14_316, 155.715, 48.96, 0.00222718
FILLER_0_14_333, 155.715, 48.96, 0.00222718
clkbuf_leaf_20_clk, 155.715, 43.52, 0.00230438
hold197, 155.715, 43.52, 0.00230438
_1727_, 155.715, 38.08, 0.00225462
_1728_, 155.715, 38.08, 0.00225462
hold198, 155.715, 38.08, 0.00225462
_1630_, 155.715, 32.64, 0.00231734
_1715_, 155.715, 32.64, 0.00231734
hold15, 155.715, 32.64, 0.00231734
_1712_, 155.715, 27.2, 0.00223961
_2135_, 155.715, 27.2, 0.00223961
FILLER_0_5_324, 155.715, 27.2, 0.00223961
_1714_, 155.715, 21.76, 0.00214166
FILLER_0_5_330, 155.715, 21.76, 0.00214166
FILLER_0_3_329, 155.715, 16.32, 0.00210233
input1, 155.715, 10.88, 0.00209561
FILLER_0_0_321, 155.715, 10.88, 0.00209561
FILLER_0_1_329, 155.715, 10.88, 0.00209561
_1373_, 113.745, 174.08, 0.00268818
_1374_, 113.745, 174.08, 0.00268818
_2042_, 113.745, 174.08, 0.00268818
FILLER_0_59_225, 113.745, 174.08, 0.00268818
FILLER_0_60_225, 113.745, 174.08, 0.00268818
_1372_, 113.745, 168.64, 0.00267647
_1379_, 113.745, 168.64, 0.00267647
_1370_, 113.745, 163.2, 0.00276423
_2044_, 113.745, 163.2, 0.00276423
clkbuf_leaf_11_clk, 113.745, 163.2, 0.00276423
_1369_, 113.745, 157.76, 0.00273062
_1787_, 113.745, 157.76, 0.00273062
_2041_, 113.745, 157.76, 0.00273062
FILLER_0_53_234, 113.745, 157.76, 0.00273062
_1801_, 113.745, 152.32, 0.00275498
_1804_, 113.745, 152.32, 0.00275498
_1805_, 113.745, 152.32, 0.00275498
_2182_, 113.745, 152.32, 0.00275498
FILLER_0_52_245, 113.745, 152.32, 0.00275498
_1807_, 113.745, 146.88, 0.00271102
_1808_, 113.745, 146.88, 0.00271102
hold110, 113.745, 146.88, 0.00271102
FILLER_0_49_234, 113.745, 146.88, 0.00271102
_1790_, 113.745, 141.44, 0.00273687
_1811_, 113.745, 141.44, 0.00273687
_2177_, 113.745, 141.44, 0.00273687
hold126, 113.745, 141.44, 0.00273687
_1791_, 113.745, 136, 0.00264487
_1810_, 113.745, 136, 0.00264487
_2075_, 113.745, 136, 0.00264487
FILLER_0_46_243, 113.745, 136, 0.00264487
_1483_, 113.745, 130.56, 0.00261558
_1813_, 113.745, 130.56, 0.00261558
_2073_, 113.745, 130.56, 0.00261558
hold101, 113.745, 130.56, 0.00261558
FILLER_0_45_246, 113.745, 130.56, 0.00261558
_2074_, 113.745, 125.12, 0.00254968
FILLER_0_42_237, 113.745, 125.12, 0.00254968
FILLER_0_43_242, 113.745, 125.12, 0.00254968
_1485_, 113.745, 119.68, 0.00257922
_1496_, 113.745, 119.68, 0.00257922
_1497_, 113.745, 119.68, 0.00257922
_1574_, 113.745, 119.68, 0.00257922
_2096_, 113.745, 119.68, 0.00257922
hold94, 113.745, 119.68, 0.00257922
FILLER_0_40_240, 113.745, 119.68, 0.00257922
_1512_, 113.745, 114.24, 0.00244446
_1575_, 113.745, 114.24, 0.00244446
FILLER_0_38_236, 113.745, 114.24, 0.00244446
FILLER_0_38_242, 113.745, 114.24, 0.00244446
_1585_, 113.745, 108.8, 0.00238907
_2099_, 113.745, 108.8, 0.00238907
FILLER_0_35_225, 113.745, 108.8, 0.00238907
FILLER_0_35_234, 113.745, 108.8, 0.00238907
FILLER_0_36_243, 113.745, 108.8, 0.00238907
_1355_, 113.745, 103.36, 0.00232158
_1401_, 113.745, 103.36, 0.00232158
_2098_, 113.745, 103.36, 0.00232158
hold59, 113.745, 103.36, 0.00232158
hold60, 113.745, 103.36, 0.00232158
_1578_, 113.745, 97.92, 0.00233586
_1580_, 113.745, 97.92, 0.00233586
_1642_, 113.745, 97.92, 0.00233586
_2117_, 113.745, 97.92, 0.00233586
clkbuf_2_3__f_clk, 113.745, 97.92, 0.00233586
FILLER_0_32_242, 113.745, 97.92, 0.00233586
_1640_, 113.745, 92.48, 0.00210357
_2292_, 113.745, 92.48, 0.00210357
FILLER_0_30_245, 113.745, 92.48, 0.00210357
FILLER_0_31_243, 113.745, 92.48, 0.00210357
_1334_, 113.745, 87.04, 0.00204495
_2009_, 113.745, 87.04, 0.00204495
_2034_, 113.745, 87.04, 0.00204495
_2293_, 113.745, 87.04, 0.00204495
hold141, 113.745, 87.04, 0.00204495
_1335_, 113.745, 81.6, 0.00195725
_1337_, 113.745, 81.6, 0.00195725
_2007_, 113.745, 81.6, 0.00195725
_2119_, 113.745, 81.6, 0.00195725
clkbuf_leaf_17_clk, 113.745, 81.6, 0.00195725
FILLER_0_26_226, 113.745, 81.6, 0.00195725
FILLER_0_26_234, 113.745, 81.6, 0.00195725
_2036_, 113.745, 76.16, 0.00190508
clkbuf_2_2__f_clk, 113.745, 76.16, 0.00190508
FILLER_0_23_225, 113.745, 76.16, 0.00190508
FILLER_0_23_233, 113.745, 76.16, 0.00190508
_1340_, 113.745, 70.72, 0.00175301
_1341_, 113.745, 70.72, 0.00175301
hold179, 113.745, 70.72, 0.00175301
FILLER_0_23_239, 113.745, 70.72, 0.00175301
_1343_, 113.745, 65.28, 0.00183056
_1344_, 113.745, 65.28, 0.00183056
_1657_, 113.745, 65.28, 0.00183056
_2030_, 113.745, 65.28, 0.00183056
_2037_, 113.745, 65.28, 0.00183056
FILLER_0_19_231, 113.745, 65.28, 0.00183056
FILLER_0_20_226, 113.745, 65.28, 0.00183056
_1342_, 113.745, 59.84, 0.00188281
_1656_, 113.745, 59.84, 0.00188281
_2023_, 113.745, 59.84, 0.00188281
_2125_, 113.745, 59.84, 0.00188281
FILLER_0_19_238, 113.745, 59.84, 0.00188281
_1671_, 113.745, 54.4, 0.00197637
_1674_, 113.745, 54.4, 0.00197637
_1676_, 113.745, 54.4, 0.00197637
_2029_, 113.745, 54.4, 0.00197637
hold218, 113.745, 54.4, 0.00197637
_1662_, 113.745, 48.96, 0.00198764
_2008_, 113.745, 48.96, 0.00198764
FILLER_0_14_231, 113.745, 48.96, 0.00198764
FILLER_0_14_239, 113.745, 48.96, 0.00198764
_1633_, 113.745, 43.52, 0.00202087
_1684_, 113.745, 43.52, 0.00202087
_1685_, 113.745, 43.52, 0.00202087
hold38, 113.745, 43.52, 0.00202087
FILLER_0_12_238, 113.745, 43.52, 0.00202087
FILLER_0_13_237, 113.745, 43.52, 0.00202087
_1599_, 113.745, 38.08, 0.00203737
_1681_, 113.745, 38.08, 0.00203737
_1682_, 113.745, 38.08, 0.00203737
_2031_, 113.745, 38.08, 0.00203737
_2126_, 113.745, 38.08, 0.00203737
FILLER_0_11_239, 113.745, 38.08, 0.00203737
clkbuf_leaf_22_clk, 113.745, 32.64, 0.00214438
hold29, 113.745, 32.64, 0.00214438
FILLER_0_8_245, 113.745, 32.64, 0.00214438
_2102_, 113.745, 27.2, 0.00205542
FILLER_0_6_242, 113.745, 27.2, 0.00205542
FILLER_0_7_245, 113.745, 27.2, 0.00205542
_1589_, 113.745, 21.76, 0.0020309
hold5, 113.745, 21.76, 0.0020309
hold6, 113.745, 21.76, 0.0020309
hold7, 113.745, 21.76, 0.0020309
hold8, 113.745, 21.76, 0.0020309
FILLER_0_5_241, 113.745, 21.76, 0.0020309
_1586_, 113.745, 16.32, 0.00199974
_1587_, 113.745, 16.32, 0.00199974
_2100_, 113.745, 16.32, 0.00199974
hold219, 113.745, 16.32, 0.00199974
FILLER_0_2_242, 113.745, 16.32, 0.00199974
FILLER_0_60_133, 71.775, 174.08, 0.00258816
_1909_, 71.775, 168.64, 0.00260436
_1910_, 71.775, 163.2, 0.00262189
_1911_, 71.775, 157.76, 0.00262138
FILLER_0_54_134, 71.775, 157.76, 0.00262138
FILLER_0_52_134, 71.775, 152.32, 0.00261802
_1293_, 71.775, 146.88, 0.00254947
_1912_, 71.775, 146.88, 0.00254947
_1913_, 71.775, 141.44, 0.00255124
FILLER_0_48_137, 71.775, 141.44, 0.00255124
_1915_, 71.775, 136, 0.00249094
_2055_, 71.775, 136, 0.00249094
FILLER_0_45_136, 71.775, 136, 0.00249094
_1431_, 71.775, 130.56, 0.00243535
FILLER_0_44_136, 71.775, 130.56, 0.00243535
_1427_, 71.775, 125.12, 0.00246599
_1428_, 71.775, 125.12, 0.00246599
_1430_, 71.775, 125.12, 0.00246599
_2054_, 71.775, 125.12, 0.00246599
clkbuf_leaf_8_clk, 71.775, 125.12, 0.00246599
FILLER_0_41_135, 71.775, 125.12, 0.00246599
_1424_, 71.775, 119.68, 0.00234081
_1426_, 71.775, 119.68, 0.00234081
_2053_, 71.775, 119.68, 0.00234081
FILLER_0_40_134, 71.775, 119.68, 0.00234081
FILLER_0_40_141, 71.775, 119.68, 0.00234081
_1420_, 71.775, 114.24, 0.00223657
_1423_, 71.775, 114.24, 0.00223657
_2062_, 71.775, 114.24, 0.00223657
FILLER_0_38_137, 71.775, 114.24, 0.00223657
FILLER_0_38_141, 71.775, 114.24, 0.00223657
_1454_, 71.775, 108.8, 0.0020811
_1455_, 71.775, 108.8, 0.0020811
FILLER_0_35_141, 71.775, 108.8, 0.0020811
_1459_, 71.775, 103.36, 0.00214574
_2058_, 71.775, 103.36, 0.00214574
clkbuf_leaf_1_clk, 71.775, 103.36, 0.00214574
FILLER_0_34_136, 71.775, 103.36, 0.00214574
FILLER_0_34_147, 71.775, 103.36, 0.00214574
FILLER_0_35_149, 71.775, 103.36, 0.00214574
_1456_, 71.775, 97.92, 0.00195277
_1457_, 71.775, 97.92, 0.00195277
_1458_, 71.775, 97.92, 0.00195277
_1461_, 71.775, 97.92, 0.00195277
hold18, 71.775, 97.92, 0.00195277
hold206, 71.775, 97.92, 0.00195277
_1358_, 71.775, 92.48, 0.0017477
_1462_, 71.775, 92.48, 0.0017477
_2064_, 71.775, 92.48, 0.0017477
hold114, 71.775, 92.48, 0.0017477
_1359_, 71.775, 87.04, 0.00164612
_1463_, 71.775, 87.04, 0.00164612
_1467_, 71.775, 87.04, 0.00164612
_1468_, 71.775, 87.04, 0.00164612
hold213, 71.775, 87.04, 0.00164612
FILLER_0_28_149, 71.775, 87.04, 0.00164612
_1450_, 71.775, 81.6, 0.00143863
_1452_, 71.775, 81.6, 0.00143863
_1453_, 71.775, 81.6, 0.00143863
_1466_, 71.775, 81.6, 0.00143863
_2061_, 71.775, 81.6, 0.00143863
hold35, 71.775, 81.6, 0.00143863
FILLER_0_25_135, 71.775, 81.6, 0.00143863
hold129, 71.775, 76.16, 0.00128849
FILLER_0_24_136, 71.775, 76.16, 0.00128849
_1211_, 71.775, 70.72, 0.00127109
_1216_, 71.775, 70.72, 0.00127109
_2231_, 71.775, 70.72, 0.00127109
FILLER_0_21_134, 71.775, 70.72, 0.00127109
_1128_, 71.775, 65.28, 0.00140665
_1208_, 71.775, 65.28, 0.00140665
_1210_, 71.775, 65.28, 0.00140665
_2232_, 71.775, 65.28, 0.00140665
FILLER_0_19_136, 71.775, 65.28, 0.00140665
_1202_, 71.775, 59.84, 0.00154972
_1212_, 71.775, 59.84, 0.00154972
_1213_, 71.775, 59.84, 0.00154972
_1214_, 71.775, 59.84, 0.00154972
_1215_, 71.775, 59.84, 0.00154972
hold48, 71.775, 59.84, 0.00154972
hold102, 71.775, 59.84, 0.00154972
FILLER_0_17_139, 71.775, 59.84, 0.00154972
FILLER_0_18_136, 71.775, 59.84, 0.00154972
FILLER_0_18_141, 71.775, 59.84, 0.00154972
_1203_, 71.775, 54.4, 0.00162371
_2228_, 71.775, 54.4, 0.00162371
hold82, 71.775, 54.4, 0.00162371
_1147_, 71.775, 48.96, 0.00173321
_1197_, 71.775, 48.96, 0.00173321
_1199_, 71.775, 48.96, 0.00173321
_1201_, 71.775, 48.96, 0.00173321
_2226_, 71.775, 48.96, 0.00173321
FILLER_0_13_133, 71.775, 48.96, 0.00173321
FILLER_0_14_137, 71.775, 48.96, 0.00173321
FILLER_0_14_145, 71.775, 48.96, 0.00173321
FILLER_0_14_155, 71.775, 48.96, 0.00173321
_1130_, 71.775, 43.52, 0.00171765
_1194_, 71.775, 43.52, 0.00171765
FILLER_0_12_134, 71.775, 43.52, 0.00171765
FILLER_0_12_149, 71.775, 43.52, 0.00171765
_1127_, 71.775, 38.08, 0.00181372
_1180_, 71.775, 38.08, 0.00181372
_2221_, 71.775, 38.08, 0.00181372
FILLER_0_9_135, 71.775, 38.08, 0.00181372
FILLER_0_10_137, 71.775, 38.08, 0.00181372
_1179_, 71.775, 32.64, 0.00183156
_1181_, 71.775, 32.64, 0.00183156
FILLER_0_8_134, 71.775, 32.64, 0.00183156
_1177_, 71.775, 27.2, 0.0018292
_2220_, 71.775, 27.2, 0.0018292
hold182, 71.775, 27.2, 0.0018292
FILLER_0_6_134, 71.775, 27.2, 0.0018292
FILLER_0_7_147, 71.775, 27.2, 0.0018292
_1126_, 71.775, 21.76, 0.00187757
_1168_, 71.775, 21.76, 0.00187757
_1171_, 71.775, 21.76, 0.00187757
_1172_, 71.775, 21.76, 0.00187757
_1182_, 71.775, 21.76, 0.00187757
FILLER_0_4_133, 71.775, 21.76, 0.00187757
FILLER_0_5_150, 71.775, 21.76, 0.00187757
_1173_, 71.775, 16.32, 0.0018545
_1174_, 71.775, 16.32, 0.0018545
_1175_, 71.775, 16.32, 0.0018545
_1176_, 71.775, 16.32, 0.0018545
_2218_, 71.775, 16.32, 0.0018545
_2219_, 71.775, 16.32, 0.0018545
hold153, 71.775, 16.32, 0.0018545
FILLER_0_0_137, 71.775, 10.88, 0.00178935
FILLER_0_0_153, 71.775, 10.88, 0.00178935
_1260_, 29.805, 174.08, 0.00254684
FILLER_0_60_53, 29.805, 174.08, 0.00254684
_1256_, 29.805, 168.64, 0.002556
_2250_, 29.805, 168.64, 0.002556
hold76, 29.805, 168.64, 0.002556
FILLER_0_59_57, 29.805, 168.64, 0.002556
_1254_, 29.805, 163.2, 0.00263223
_1257_, 29.805, 163.2, 0.00263223
_1258_, 29.805, 163.2, 0.00263223
_1263_, 29.805, 163.2, 0.00263223
_1900_, 29.805, 163.2, 0.00263223
_1901_, 29.805, 163.2, 0.00263223
_2251_, 29.805, 163.2, 0.00263223
clkbuf_leaf_5_clk, 29.805, 163.2, 0.00263223
_1027_, 29.805, 157.76, 0.00259788
_1250_, 29.805, 157.76, 0.00259788
_1255_, 29.805, 157.76, 0.00259788
_1262_, 29.805, 157.76, 0.00259788
hold137, 29.805, 157.76, 0.00259788
FILLER_0_55_64, 29.805, 157.76, 0.00259788
_1251_, 29.805, 152.32, 0.00256196
_1252_, 29.805, 152.32, 0.00256196
_1253_, 29.805, 152.32, 0.00256196
_1261_, 29.805, 152.32, 0.00256196
hold57, 29.805, 152.32, 0.00256196
FILLER_0_51_43, 29.805, 152.32, 0.00256196
_2247_, 29.805, 146.88, 0.00251737
hold117, 29.805, 146.88, 0.00251737
_1891_, 29.805, 141.44, 0.00257746
_1892_, 29.805, 141.44, 0.00257746
_1894_, 29.805, 141.44, 0.00257746
_2240_, 29.805, 141.44, 0.00257746
FILLER_0_47_44, 29.805, 141.44, 0.00257746
_1233_, 29.805, 136, 0.00246106
_1893_, 29.805, 136, 0.00246106
hold83, 29.805, 136, 0.00246106
FILLER_0_45_52, 29.805, 136, 0.00246106
FILLER_0_47_53, 29.805, 136, 0.00246106
FILLER_0_47_57, 29.805, 136, 0.00246106
_2239_, 29.805, 130.56, 0.0023905
hold166, 29.805, 130.56, 0.0023905
FILLER_0_45_57, 29.805, 130.56, 0.0023905
_1049_, 29.805, 125.12, 0.00231849
_1054_, 29.805, 125.12, 0.00231849
_1060_, 29.805, 125.12, 0.00231849
_1769_, 29.805, 125.12, 0.00231849
_1775_, 29.805, 125.12, 0.00231849
_1890_, 29.805, 125.12, 0.00231849
FILLER_0_42_64, 29.805, 125.12, 0.00231849
_1051_, 29.805, 119.68, 0.00230999
_1052_, 29.805, 119.68, 0.00230999
_1053_, 29.805, 119.68, 0.00230999
_2173_, 29.805, 119.68, 0.00230999
FILLER_0_41_53, 29.805, 119.68, 0.00230999
FILLER_0_41_57, 29.805, 119.68, 0.00230999
_1069_, 29.805, 114.24, 0.00216823
_1073_, 29.805, 114.24, 0.00216823
_1771_, 29.805, 114.24, 0.00216823
hold199, 29.805, 114.24, 0.00216823
FILLER_0_37_43, 29.805, 114.24, 0.00216823
FILLER_0_38_48, 29.805, 114.24, 0.00216823
_1070_, 29.805, 108.8, 0.00213888
_1074_, 29.805, 108.8, 0.00213888
_2167_, 29.805, 108.8, 0.00213888
clkbuf_leaf_2_clk, 29.805, 108.8, 0.00213888
FILLER_0_37_57, 29.805, 108.8, 0.00213888
_1749_, 29.805, 103.36, 0.00209089
_1770_, 29.805, 103.36, 0.00209089
_2166_, 29.805, 103.36, 0.00209089
FILLER_0_33_51, 29.805, 103.36, 0.00209089
FILLER_0_35_57, 29.805, 103.36, 0.00209089
_1015_, 29.805, 97.92, 0.00191486
_1023_, 29.805, 97.92, 0.00191486
_1038_, 29.805, 97.92, 0.00191486
_1114_, 29.805, 97.92, 0.00191486
_1115_, 29.805, 97.92, 0.00191486
_2150_, 29.805, 97.92, 0.00191486
FILLER_0_33_57, 29.805, 97.92, 0.00191486
_1018_, 29.805, 92.48, 0.00175509
_1106_, 29.805, 92.48, 0.00175509
FILLER_0_29_45, 29.805, 92.48, 0.00175509
FILLER_0_30_54, 29.805, 92.48, 0.00175509
FILLER_0_31_57, 29.805, 92.48, 0.00175509
_1016_, 29.805, 87.04, 0.00168016
_1039_, 29.805, 87.04, 0.00168016
_1107_, 29.805, 87.04, 0.00168016
_1110_, 29.805, 87.04, 0.00168016
hold208, 29.805, 87.04, 0.00168016
FILLER_0_28_60, 29.805, 87.04, 0.00168016
FILLER_0_29_53, 29.805, 87.04, 0.00168016
FILLER_0_29_57, 29.805, 87.04, 0.00168016
_2006_, 29.805, 81.6, 0.001524
_2152_, 29.805, 81.6, 0.001524
_2153_, 29.805, 81.6, 0.001524
hold163, 29.805, 81.6, 0.001524
FILLER_0_25_46, 29.805, 81.6, 0.001524
FILLER_0_27_53, 29.805, 81.6, 0.001524
_1753_, 29.805, 76.16, 0.00139978
_1990_, 29.805, 76.16, 0.00139978
FILLER_0_23_51, 29.805, 76.16, 0.00139978
FILLER_0_24_63, 29.805, 76.16, 0.00139978
_1987_, 29.805, 70.72, 0.0014555
_1989_, 29.805, 70.72, 0.0014555
_2286_, 29.805, 70.72, 0.0014555
_2287_, 29.805, 70.72, 0.0014555
hold144, 29.805, 70.72, 0.0014555
_1984_, 29.805, 65.28, 0.00157225
_1985_, 29.805, 65.28, 0.00157225
_1986_, 29.805, 65.28, 0.00157225
_1992_, 29.805, 65.28, 0.00157225
hold138, 29.805, 65.28, 0.00157225
_1981_, 29.805, 59.84, 0.00168443
_1982_, 29.805, 59.84, 0.00168443
_1983_, 29.805, 59.84, 0.00168443
_2284_, 29.805, 59.84, 0.00168443
_1979_, 29.805, 54.4, 0.00164171
hold93, 29.805, 54.4, 0.00164171
FILLER_0_15_46, 29.805, 54.4, 0.00164171
_1975_, 29.805, 48.96, 0.00173366
_1976_, 29.805, 48.96, 0.00173366
_1977_, 29.805, 48.96, 0.00173366
_1978_, 29.805, 48.96, 0.00173366
hold97, 29.805, 48.96, 0.00173366
FILLER_0_14_41, 29.805, 48.96, 0.00173366
FILLER_0_14_52, 29.805, 48.96, 0.00173366
_2282_, 29.805, 43.52, 0.00173239
hold204, 29.805, 43.52, 0.00173239
FILLER_0_12_64, 29.805, 43.52, 0.00173239
FILLER_0_13_57, 29.805, 43.52, 0.00173239
_1142_, 29.805, 38.08, 0.00188248
_1940_, 29.805, 38.08, 0.00188248
_2279_, 29.805, 38.08, 0.00188248
FILLER_0_9_49, 29.805, 38.08, 0.00188248
FILLER_0_11_57, 29.805, 38.08, 0.00188248
_1951_, 29.805, 32.64, 0.00178529
_1954_, 29.805, 32.64, 0.00178529
_1960_, 29.805, 32.64, 0.00178529
_1969_, 29.805, 32.64, 0.00178529
hold121, 29.805, 32.64, 0.00178529
_1948_, 29.805, 27.2, 0.00181327
_1950_, 29.805, 27.2, 0.00181327
_1955_, 29.805, 27.2, 0.00181327
_2274_, 29.805, 27.2, 0.00181327
hold139, 29.805, 27.2, 0.00181327
hold146, 29.805, 27.2, 0.00181327
_1946_, 29.805, 21.76, 0.00185615
_1952_, 29.805, 21.76, 0.00185615
_2275_, 29.805, 21.76, 0.00185615
_2276_, 29.805, 21.76, 0.00185615
FILLER_0_3_51, 29.805, 21.76, 0.00185615
FILLER_0_5_60, 29.805, 21.76, 0.00185615
FILLER_0_1_51, 29.805, 16.32, 0.00177954
FILLER_0_0_53, 29.805, 10.88, 0.0017576
PHY_118, 5.52, 174.08, 0.00254684
PHY_120, 5.52, 174.08, 0.00254684
PHY_119, 173.42, 174.08, 0.00270222
PHY_121, 173.42, 174.08, 0.00270222
_1269_, 40.297, 174.08, 0.0025803
_1903_, 40.297, 174.08, 0.0025803
_2252_, 40.297, 174.08, 0.0025803
FILLER_0_60_72, 40.297, 174.08, 0.0025803
_2255_, 50.79, 174.08, 0.00259748
FILLER_0_60_109, 50.79, 174.08, 0.00259748
_1908_, 61.282, 174.08, 0.00259405
output5, 61.282, 174.08, 0.00259405
FILLER_0_59_164, 82.267, 174.08, 0.00262859
FILLER_0_60_165, 82.267, 174.08, 0.00262859
_2110_, 92.76, 174.08, 0.00266903
FILLER_0_60_193, 92.76, 174.08, 0.00266903
_1376_, 103.252, 174.08, 0.00268402
hold178, 103.252, 174.08, 0.00268402
FILLER_0_60_209, 103.252, 174.08, 0.00268402
FILLER_0_60_219, 103.252, 174.08, 0.00268402
_1797_, 124.237, 174.08, 0.0027179
_2179_, 124.237, 174.08, 0.0027179
FILLER_0_60_249, 124.237, 174.08, 0.0027179
hold118, 134.73, 174.08, 0.00271933
FILLER_0_60_277, 134.73, 174.08, 0.00271933
FILLER_0_60_305, 145.222, 174.08, 0.00271077
PHY_114, 5.52, 168.64, 0.002556
PHY_116, 5.52, 168.64, 0.002556
PHY_115, 173.42, 168.64, 0.00269165
PHY_117, 173.42, 168.64, 0.00269165
FILLER_0_58_357, 173.42, 168.64, 0.00269165
FILLER_0_59_39, 17.662, 168.64, 0.002556
_1266_, 40.297, 168.64, 0.00258362
_1904_, 40.297, 168.64, 0.00258362
_1905_, 40.297, 168.64, 0.00258362
hold203, 40.297, 168.64, 0.00258362
FILLER_0_57_70, 40.297, 168.64, 0.00258362
FILLER_0_58_73, 40.297, 168.64, 0.00258362
_1276_, 50.79, 168.64, 0.00260878
_1277_, 50.79, 168.64, 0.00260878
_1280_, 50.79, 168.64, 0.00260878
hold98, 50.79, 168.64, 0.00260878
_1281_, 61.282, 168.64, 0.00262396
_2256_, 61.282, 168.64, 0.00262396
FILLER_0_57_164, 82.267, 168.64, 0.00265055
FILLER_0_58_177, 82.267, 168.64, 0.00265055
FILLER_0_59_169, 82.267, 168.64, 0.00265055
FILLER_0_59_177, 82.267, 168.64, 0.00265055
_1610_, 92.76, 168.64, 0.00269675
_1611_, 92.76, 168.64, 0.00269675
_2109_, 92.76, 168.64, 0.00269675
hold161, 92.76, 168.64, 0.00269675
FILLER_0_57_180, 92.76, 168.64, 0.00269675
FILLER_0_58_189, 92.76, 168.64, 0.00269675
_1377_, 103.252, 168.64, 0.00269647
_1606_, 103.252, 168.64, 0.00269647
_1608_, 103.252, 168.64, 0.00269647
_2043_, 103.252, 168.64, 0.00269647
FILLER_0_58_208, 103.252, 168.64, 0.00269647
_1792_, 124.237, 168.64, 0.00268562
_1796_, 124.237, 168.64, 0.00268562
FILLER_0_57_255, 124.237, 168.64, 0.00268562
FILLER_0_57_277, 134.73, 168.64, 0.00268763
PHY_110, 5.52, 163.2, 0.0026558
PHY_112, 5.52, 163.2, 0.0026558
input3, 5.52, 163.2, 0.0026558
PHY_111, 173.42, 163.2, 0.00275389
PHY_113, 173.42, 163.2, 0.00275389
FILLER_0_55_357, 173.42, 163.2, 0.00275389
FILLER_0_56_357, 173.42, 163.2, 0.00275389
_1259_, 17.662, 163.2, 0.0026542
_1898_, 17.662, 163.2, 0.0026542
_2249_, 17.662, 163.2, 0.0026542
FILLER_0_56_15, 17.662, 163.2, 0.0026542
FILLER_0_56_23, 17.662, 163.2, 0.0026542
FILLER_0_56_29, 17.662, 163.2, 0.0026542
_1264_, 40.297, 163.2, 0.00263823
_1265_, 40.297, 163.2, 0.00263823
hold91, 40.297, 163.2, 0.00263823
FILLER_0_56_85, 40.297, 163.2, 0.00263823
_1026_, 50.79, 163.2, 0.00264364
_1270_, 50.79, 163.2, 0.00264364
_1271_, 50.79, 163.2, 0.00264364
_1278_, 50.79, 163.2, 0.00264364
_1279_, 50.79, 163.2, 0.00264364
_1282_, 50.79, 163.2, 0.00264364
_2257_, 61.282, 163.2, 0.00264072
hold212, 61.282, 163.2, 0.00264072
FILLER_0_55_113, 61.282, 163.2, 0.00264072
FILLER_0_56_112, 61.282, 163.2, 0.00264072
FILLER_0_56_130, 61.282, 163.2, 0.00264072
_1614_, 82.267, 163.2, 0.00269413
_2111_, 82.267, 163.2, 0.00269413
FILLER_0_55_165, 82.267, 163.2, 0.00269413
FILLER_0_56_165, 82.267, 163.2, 0.00269413
FILLER_0_57_169, 82.267, 163.2, 0.00269413
_1607_, 92.76, 163.2, 0.00273671
_1609_, 92.76, 163.2, 0.00273671
_1613_, 92.76, 163.2, 0.00273671
hold175, 92.76, 163.2, 0.00273671
FILLER_0_56_197, 92.76, 163.2, 0.00273671
FILLER_0_57_196, 92.76, 163.2, 0.00273671
_1375_, 103.252, 163.2, 0.00275675
_1378_, 103.252, 163.2, 0.00275675
_1380_, 103.252, 163.2, 0.00275675
_1601_, 103.252, 163.2, 0.00275675
_1604_, 103.252, 163.2, 0.00275675
_1605_, 103.252, 163.2, 0.00275675
FILLER_0_56_211, 103.252, 163.2, 0.00275675
_1794_, 124.237, 163.2, 0.00279396
_1795_, 124.237, 163.2, 0.00279396
_1798_, 124.237, 163.2, 0.00279396
_2178_, 124.237, 163.2, 0.00279396
hold122, 124.237, 163.2, 0.00279396
FILLER_0_56_256, 124.237, 163.2, 0.00279396
FILLER_0_57_269, 124.237, 163.2, 0.00279396
_1800_, 134.73, 163.2, 0.00278204
_1569_, 145.222, 163.2, 0.00276601
FILLER_0_56_303, 145.222, 163.2, 0.00276601
hold221, 164.567, 163.2, 0.00275389
_2246_, 5.52, 157.76, 0.00269656
PHY_106, 5.52, 157.76, 0.00269656
PHY_108, 5.52, 157.76, 0.00269656
FILLER_0_55_3, 5.52, 157.76, 0.00269656
PHY_107, 173.42, 157.76, 0.0027623
PHY_109, 173.42, 157.76, 0.0027623
_1244_, 17.662, 157.76, 0.00266948
_1248_, 17.662, 157.76, 0.00266948
_2248_, 17.662, 157.76, 0.00266948
hold30, 17.662, 157.76, 0.00266948
FILLER_0_54_15, 17.662, 157.76, 0.00266948
FILLER_0_54_29, 17.662, 157.76, 0.00266948
FILLER_0_55_38, 17.662, 157.76, 0.00266948
_1267_, 40.297, 157.76, 0.00263931
_1268_, 40.297, 157.76, 0.00263931
_2253_, 40.297, 157.76, 0.00263931
FILLER_0_55_86, 40.297, 157.76, 0.00263931
_1273_, 50.79, 157.76, 0.00266253
_1283_, 50.79, 157.76, 0.00266253
_1906_, 50.79, 157.76, 0.00266253
hold135, 50.79, 157.76, 0.00266253
FILLER_0_53_91, 50.79, 157.76, 0.00266253
FILLER_0_53_98, 50.79, 157.76, 0.00266253
_1287_, 61.282, 157.76, 0.00268243
clkbuf_leaf_6_clk, 61.282, 157.76, 0.00268243
_1617_, 82.267, 157.76, 0.00266615
FILLER_0_53_157, 82.267, 157.76, 0.00266615
FILLER_0_53_165, 82.267, 157.76, 0.00266615
FILLER_0_54_165, 82.267, 157.76, 0.00266615
FILLER_0_54_176, 82.267, 157.76, 0.00266615
FILLER_0_55_169, 82.267, 157.76, 0.00266615
_1384_, 92.76, 157.76, 0.00270686
_1612_, 92.76, 157.76, 0.00270686
hold171, 92.76, 157.76, 0.00270686
FILLER_0_53_185, 92.76, 157.76, 0.00270686
FILLER_0_54_197, 92.76, 157.76, 0.00270686
FILLER_0_55_196, 92.76, 157.76, 0.00270686
_1371_, 103.252, 157.76, 0.00273564
_2108_, 103.252, 157.76, 0.00273564
hold116, 103.252, 157.76, 0.00273564
_1793_, 124.237, 157.76, 0.00281122
_1799_, 124.237, 157.76, 0.00281122
_1803_, 124.237, 157.76, 0.00281122
_2180_, 124.237, 157.76, 0.00281122
hold127, 124.237, 157.76, 0.00281122
_1568_, 134.73, 157.76, 0.00284064
_1570_, 134.73, 157.76, 0.00284064
_2094_, 134.73, 157.76, 0.00284064
hold125, 134.73, 157.76, 0.00284064
_1567_, 145.222, 157.76, 0.00282254
_2093_, 145.222, 157.76, 0.00282254
hold46, 145.222, 157.76, 0.00282254
FILLER_0_54_305, 145.222, 157.76, 0.00282254
FILLER_0_55_310, 145.222, 157.76, 0.00282254
_1247_, 5.52, 152.32, 0.00265668
_1897_, 5.52, 152.32, 0.00265668
_2245_, 5.52, 152.32, 0.00265668
PHY_102, 5.52, 152.32, 0.00265668
PHY_104, 5.52, 152.32, 0.00265668
FILLER_0_52_3, 5.52, 152.32, 0.00265668
PHY_103, 173.42, 152.32, 0.00287779
PHY_105, 173.42, 152.32, 0.00287779
_1032_, 17.662, 152.32, 0.00262326
_1245_, 17.662, 152.32, 0.00262326
_1246_, 17.662, 152.32, 0.00262326
_1249_, 17.662, 152.32, 0.00262326
FILLER_0_51_15, 17.662, 152.32, 0.00262326
FILLER_0_52_16, 17.662, 152.32, 0.00262326
FILLER_0_52_34, 17.662, 152.32, 0.00262326
FILLER_0_53_34, 17.662, 152.32, 0.00262326
_1272_, 40.297, 152.32, 0.00260227
_1899_, 40.297, 152.32, 0.00260227
_2254_, 40.297, 152.32, 0.00260227
FILLER_0_52_73, 40.297, 152.32, 0.00260227
FILLER_0_52_81, 40.297, 152.32, 0.00260227
FILLER_0_53_81, 40.297, 152.32, 0.00260227
_1028_, 50.79, 152.32, 0.00262098
_1030_, 50.79, 152.32, 0.00262098
_1068_, 50.79, 152.32, 0.00262098
_1274_, 50.79, 152.32, 0.00262098
_1286_, 50.79, 152.32, 0.00262098
FILLER_0_51_98, 50.79, 152.32, 0.00262098
FILLER_0_52_98, 50.79, 152.32, 0.00262098
_1025_, 61.282, 152.32, 0.00262921
_1284_, 61.282, 152.32, 0.00262921
_1288_, 61.282, 152.32, 0.00262921
_1289_, 61.282, 152.32, 0.00262921
_1294_, 61.282, 152.32, 0.00262921
_2258_, 61.282, 152.32, 0.00262921
FILLER_0_52_121, 61.282, 152.32, 0.00262921
_2112_, 82.267, 152.32, 0.00273779
clkbuf_leaf_7_clk, 82.267, 152.32, 0.00273779
FILLER_0_51_160, 82.267, 152.32, 0.00273779
FILLER_0_52_165, 82.267, 152.32, 0.00273779
_1382_, 92.76, 152.32, 0.00275421
_1615_, 92.76, 152.32, 0.00275421
_2045_, 92.76, 152.32, 0.00275421
FILLER_0_51_189, 92.76, 152.32, 0.00275421
FILLER_0_52_193, 92.76, 152.32, 0.00275421
_1383_, 103.252, 152.32, 0.00275474
FILLER_0_53_220, 103.252, 152.32, 0.00275474
_1802_, 124.237, 152.32, 0.00286167
_2181_, 124.237, 152.32, 0.00286167
hold140, 124.237, 152.32, 0.00286167
FILLER_0_51_250, 124.237, 152.32, 0.00286167
FILLER_0_53_261, 124.237, 152.32, 0.00286167
_1571_, 134.73, 152.32, 0.00292757
_1572_, 134.73, 152.32, 0.00292757
clkbuf_leaf_12_clk, 134.73, 152.32, 0.00292757
hold184, 134.73, 152.32, 0.00292757
FILLER_0_52_277, 134.73, 152.32, 0.00292757
FILLER_0_53_281, 134.73, 152.32, 0.00292757
_1493_, 145.222, 152.32, 0.00290831
_1565_, 145.222, 152.32, 0.00290831
_1566_, 145.222, 152.32, 0.00290831
hold65, 145.222, 152.32, 0.00290831
FILLER_0_52_314, 145.222, 152.32, 0.00290831
_1564_, 164.567, 152.32, 0.00287779
_2092_, 164.567, 152.32, 0.00287779
hold56, 164.567, 152.32, 0.00287779
FILLER_0_51_341, 164.567, 152.32, 0.00287779
FILLER_0_52_355, 164.567, 152.32, 0.00287779
_1896_, 5.52, 146.88, 0.00260433
_2244_, 5.52, 146.88, 0.00260433
PHY_98, 5.52, 146.88, 0.00260433
PHY_100, 5.52, 146.88, 0.00260433
FILLER_0_51_3, 5.52, 146.88, 0.00260433
PHY_99, 173.42, 146.88, 0.00286776
PHY_101, 173.42, 146.88, 0.00286776
_1236_, 17.662, 146.88, 0.00257631
_1237_, 17.662, 146.88, 0.00257631
hold25, 17.662, 146.88, 0.00257631
hold58, 17.662, 146.88, 0.00257631
FILLER_0_49_20, 17.662, 146.88, 0.00257631
FILLER_0_50_23, 17.662, 146.88, 0.00257631
FILLER_0_51_32, 17.662, 146.88, 0.00257631
_1231_, 40.297, 146.88, 0.00253798
_1275_, 40.297, 146.88, 0.00253798
_1902_, 40.297, 146.88, 0.00253798
_1907_, 40.297, 146.88, 0.00253798
FILLER_0_49_65, 40.297, 146.88, 0.00253798
FILLER_0_50_68, 40.297, 146.88, 0.00253798
FILLER_0_50_81, 40.297, 146.88, 0.00253798
_1031_, 50.79, 146.88, 0.00254917
_1035_, 50.79, 146.88, 0.00254917
_1058_, 50.79, 146.88, 0.00254917
_1285_, 50.79, 146.88, 0.00254917
FILLER_0_50_105, 50.79, 146.88, 0.00254917
FILLER_0_51_106, 50.79, 146.88, 0.00254917
_1024_, 61.282, 146.88, 0.00255871
_1029_, 61.282, 146.88, 0.00255871
_1290_, 61.282, 146.88, 0.00255871
_1291_, 61.282, 146.88, 0.00255871
_1292_, 61.282, 146.88, 0.00255871
_1295_, 61.282, 146.88, 0.00255871
_1296_, 61.282, 146.88, 0.00255871
_2259_, 61.282, 146.88, 0.00255871
hold123, 61.282, 146.88, 0.00255871
FILLER_0_50_120, 61.282, 146.88, 0.00255871
_1616_, 82.267, 146.88, 0.00263528
_1620_, 82.267, 146.88, 0.00263528
_2113_, 82.267, 146.88, 0.00263528
FILLER_0_49_157, 82.267, 146.88, 0.00263528
FILLER_0_49_165, 82.267, 146.88, 0.00263528
FILLER_0_50_163, 82.267, 146.88, 0.00263528
FILLER_0_51_169, 82.267, 146.88, 0.00263528
_1385_, 92.76, 146.88, 0.00268616
_1386_, 92.76, 146.88, 0.00268616
_1618_, 92.76, 146.88, 0.00268616
_2046_, 92.76, 146.88, 0.00268616
hold154, 92.76, 146.88, 0.00268616
_1387_, 103.252, 146.88, 0.00271072
_2183_, 103.252, 146.88, 0.00271072
FILLER_0_49_212, 103.252, 146.88, 0.00271072
FILLER_0_50_206, 103.252, 146.88, 0.00271072
FILLER_0_51_217, 103.252, 146.88, 0.00271072
_1534_, 124.237, 146.88, 0.00280756
_1806_, 124.237, 146.88, 0.00280756
_2083_, 124.237, 146.88, 0.00280756
hold149, 124.237, 146.88, 0.00280756
FILLER_0_50_253, 124.237, 146.88, 0.00280756
_1537_, 134.73, 146.88, 0.00285653
_2095_, 134.73, 146.88, 0.00285653
hold109, 134.73, 146.88, 0.00285653
FILLER_0_49_274, 134.73, 146.88, 0.00285653
FILLER_0_50_277, 134.73, 146.88, 0.00285653
_1491_, 145.222, 146.88, 0.00287426
_1492_, 145.222, 146.88, 0.00287426
_1536_, 145.222, 146.88, 0.00287426
_1557_, 145.222, 146.88, 0.00287426
_2090_, 145.222, 146.88, 0.00287426
FILLER_0_50_300, 145.222, 146.88, 0.00287426
FILLER_0_50_312, 145.222, 146.88, 0.00287426
_2085_, 164.567, 146.88, 0.00286776
FILLER_0_50_354, 164.567, 146.88, 0.00286776
FILLER_0_51_353, 164.567, 146.88, 0.00286776
_1242_, 5.52, 141.44, 0.0027336
PHY_94, 5.52, 141.44, 0.0027336
PHY_96, 5.52, 141.44, 0.0027336
FILLER_0_49_3, 5.52, 141.44, 0.0027336
PHY_95, 173.42, 141.44, 0.0028543
PHY_97, 173.42, 141.44, 0.0028543
_1238_, 17.662, 141.44, 0.0027266
_1239_, 17.662, 141.44, 0.0027266
_1240_, 17.662, 141.44, 0.0027266
_1243_, 17.662, 141.44, 0.0027266
_1895_, 17.662, 141.44, 0.0027266
_2242_, 17.662, 141.44, 0.0027266
clkbuf_leaf_4_clk, 17.662, 141.44, 0.0027266
FILLER_0_48_33, 17.662, 141.44, 0.0027266
_1033_, 40.297, 141.44, 0.00260733
_1034_, 40.297, 141.44, 0.00260733
_1071_, 40.297, 141.44, 0.00260733
_1232_, 40.297, 141.44, 0.00260733
hold71, 40.297, 141.44, 0.00260733
FILLER_0_49_80, 40.297, 141.44, 0.00260733
_1301_, 50.79, 141.44, 0.00262229
_1303_, 50.79, 141.44, 0.00262229
_1304_, 50.79, 141.44, 0.00262229
_2263_, 50.79, 141.44, 0.00262229
FILLER_0_48_98, 50.79, 141.44, 0.00262229
FILLER_0_49_102, 50.79, 141.44, 0.00262229
_1302_, 61.282, 141.44, 0.0025972
_2260_, 61.282, 141.44, 0.0025972
hold107, 61.282, 141.44, 0.0025972
FILLER_0_47_118, 61.282, 141.44, 0.0025972
FILLER_0_48_128, 61.282, 141.44, 0.0025972
_1619_, 82.267, 141.44, 0.00264446
FILLER_0_47_165, 82.267, 141.44, 0.00264446
FILLER_0_49_169, 82.267, 141.44, 0.00264446
_1389_, 92.76, 141.44, 0.0027319
_1390_, 92.76, 141.44, 0.0027319
_2047_, 92.76, 141.44, 0.0027319
hold150, 92.76, 141.44, 0.0027319
FILLER_0_49_190, 92.76, 141.44, 0.0027319
_1809_, 103.252, 141.44, 0.00279491
_2184_, 103.252, 141.44, 0.00279491
clkbuf_leaf_10_clk, 103.252, 141.44, 0.00279491
FILLER_0_47_203, 103.252, 141.44, 0.00279491
FILLER_0_49_220, 103.252, 141.44, 0.00279491
_1532_, 124.237, 141.44, 0.00279984
_1533_, 124.237, 141.44, 0.00279984
FILLER_0_48_249, 124.237, 141.44, 0.00279984
FILLER_0_48_253, 124.237, 141.44, 0.00279984
_1540_, 134.73, 141.44, 0.00284426
_2084_, 134.73, 141.44, 0.00284426
FILLER_0_47_274, 134.73, 141.44, 0.00284426
FILLER_0_48_274, 134.73, 141.44, 0.00284426
FILLER_0_48_292, 134.73, 141.44, 0.00284426
_1554_, 145.222, 141.44, 0.00285534
_1555_, 145.222, 141.44, 0.00285534
_2089_, 145.222, 141.44, 0.00285534
hold167, 145.222, 141.44, 0.00285534
FILLER_0_47_295, 145.222, 141.44, 0.00285534
FILLER_0_48_309, 145.222, 141.44, 0.00285534
FILLER_0_49_305, 145.222, 141.44, 0.00285534
FILLER_0_49_315, 145.222, 141.44, 0.00285534
_1543_, 164.567, 141.44, 0.0028543
_2086_, 164.567, 141.44, 0.0028543
hold61, 164.567, 141.44, 0.0028543
hold63, 164.567, 141.44, 0.0028543
_1241_, 5.52, 136, 0.00257468
_2243_, 5.52, 136, 0.00257468
PHY_90, 5.52, 136, 0.00257468
PHY_92, 5.52, 136, 0.00257468
FILLER_0_46_3, 5.52, 136, 0.00257468
PHY_91, 173.42, 136, 0.00273118
PHY_93, 173.42, 136, 0.00273118
_1235_, 17.662, 136, 0.00254003
_2241_, 17.662, 136, 0.00254003
FILLER_0_46_24, 17.662, 136, 0.00254003
FILLER_0_46_29, 17.662, 136, 0.00254003
_1227_, 40.297, 136, 0.00249287
_1228_, 40.297, 136, 0.00249287
_1230_, 40.297, 136, 0.00249287
hold95, 40.297, 136, 0.00249287
hold96, 40.297, 136, 0.00249287
FILLER_0_46_78, 40.297, 136, 0.00249287
FILLER_0_46_85, 40.297, 136, 0.00249287
FILLER_0_47_83, 40.297, 136, 0.00249287
_1916_, 50.79, 136, 0.00250533
hold81, 50.79, 136, 0.00250533
FILLER_0_46_103, 50.79, 136, 0.00250533
_1297_, 61.282, 136, 0.00251138
_1300_, 61.282, 136, 0.00251138
_1914_, 61.282, 136, 0.00251138
_2262_, 61.282, 136, 0.00251138
_1622_, 82.267, 136, 0.0025708
_1623_, 82.267, 136, 0.0025708
_2114_, 82.267, 136, 0.0025708
hold222, 82.267, 136, 0.0025708
FILLER_0_46_168, 82.267, 136, 0.0025708
_1388_, 92.76, 136, 0.00260551
_1391_, 92.76, 136, 0.00260551
_1621_, 92.76, 136, 0.00260551
hold142, 92.76, 136, 0.00260551
FILLER_0_46_193, 92.76, 136, 0.00260551
_1393_, 103.252, 136, 0.00262737
_1812_, 103.252, 136, 0.00262737
FILLER_0_46_205, 103.252, 136, 0.00262737
FILLER_0_46_213, 103.252, 136, 0.00262737
_1501_, 124.237, 136, 0.00274388
_1502_, 124.237, 136, 0.00274388
_1503_, 124.237, 136, 0.00274388
hold174, 124.237, 136, 0.00274388
FILLER_0_46_260, 124.237, 136, 0.00274388
_1489_, 134.73, 136, 0.00282949
_1494_, 134.73, 136, 0.00282949
_1528_, 134.73, 136, 0.00282949
_1530_, 134.73, 136, 0.00282949
_1531_, 134.73, 136, 0.00282949
_2082_, 134.73, 136, 0.00282949
FILLER_0_47_281, 134.73, 136, 0.00282949
_1535_, 145.222, 136, 0.00279279
FILLER_0_46_297, 145.222, 136, 0.00279279
FILLER_0_46_305, 145.222, 136, 0.00279279
FILLER_0_47_314, 145.222, 136, 0.00279279
FILLER_0_46_354, 164.567, 136, 0.00273118
FILLER_0_47_353, 164.567, 136, 0.00273118
_2171_, 5.52, 130.56, 0.00242836
PHY_86, 5.52, 130.56, 0.00242836
PHY_88, 5.52, 130.56, 0.00242836
FILLER_0_44_3, 5.52, 130.56, 0.00242836
PHY_87, 173.42, 130.56, 0.00272875
PHY_89, 173.42, 130.56, 0.00272875
_1055_, 17.662, 130.56, 0.00241225
_1061_, 17.662, 130.56, 0.00241225
_1234_, 17.662, 130.56, 0.00241225
_1774_, 17.662, 130.56, 0.00241225
FILLER_0_43_15, 17.662, 130.56, 0.00241225
FILLER_0_44_32, 17.662, 130.56, 0.00241225
FILLER_0_44_38, 17.662, 130.56, 0.00241225
FILLER_0_45_35, 17.662, 130.56, 0.00241225
_1225_, 40.297, 130.56, 0.00244694
_1226_, 40.297, 130.56, 0.00244694
_1229_, 40.297, 130.56, 0.00244694
_2237_, 40.297, 130.56, 0.00244694
_2238_, 40.297, 130.56, 0.00244694
hold47, 40.297, 130.56, 0.00244694
FILLER_0_43_66, 40.297, 130.56, 0.00244694
_1059_, 50.79, 130.56, 0.00246281
_1888_, 50.79, 130.56, 0.00246281
_1889_, 50.79, 130.56, 0.00246281
_2261_, 50.79, 130.56, 0.00246281
FILLER_0_44_102, 50.79, 130.56, 0.00246281
FILLER_0_45_103, 50.79, 130.56, 0.00246281
_1298_, 61.282, 130.56, 0.00245581
_1299_, 61.282, 130.56, 0.00245581
hold106, 61.282, 130.56, 0.00245581
hold191, 61.282, 130.56, 0.00245581
_1429_, 82.267, 130.56, 0.00253543
_1433_, 82.267, 130.56, 0.00253543
_1624_, 82.267, 130.56, 0.00253543
_1625_, 82.267, 130.56, 0.00253543
_2115_, 82.267, 130.56, 0.00253543
FILLER_0_44_165, 82.267, 130.56, 0.00253543
FILLER_0_45_169, 82.267, 130.56, 0.00253543
_1367_, 92.76, 130.56, 0.0025835
_1392_, 92.76, 130.56, 0.0025835
_2048_, 92.76, 130.56, 0.0025835
FILLER_0_43_182, 92.76, 130.56, 0.0025835
FILLER_0_44_187, 92.76, 130.56, 0.0025835
_1603_, 103.252, 130.56, 0.00261555
_2185_, 103.252, 130.56, 0.00261555
split3, 103.252, 130.56, 0.00261555
FILLER_0_45_213, 103.252, 130.56, 0.00261555
FILLER_0_45_221, 103.252, 130.56, 0.00261555
_1482_, 124.237, 130.56, 0.00270777
_1499_, 124.237, 130.56, 0.00270777
_1500_, 124.237, 130.56, 0.00270777
_1509_, 124.237, 130.56, 0.00270777
_1510_, 124.237, 130.56, 0.00270777
_1788_, 124.237, 130.56, 0.00270777
_1524_, 134.73, 130.56, 0.00277261
_1527_, 134.73, 130.56, 0.00277261
_1529_, 134.73, 130.56, 0.00277261
_1789_, 134.73, 130.56, 0.00277261
_2081_, 134.73, 130.56, 0.00277261
FILLER_0_43_272, 134.73, 130.56, 0.00277261
FILLER_0_44_279, 134.73, 130.56, 0.00277261
FILLER_0_45_281, 134.73, 130.56, 0.00277261
_1525_, 145.222, 130.56, 0.00278147
_1538_, 145.222, 130.56, 0.00278147
_1539_, 145.222, 130.56, 0.00278147
_1548_, 145.222, 130.56, 0.00278147
_1550_, 145.222, 130.56, 0.00278147
_2087_, 145.222, 130.56, 0.00278147
FILLER_0_43_302, 145.222, 130.56, 0.00278147
FILLER_0_44_305, 145.222, 130.56, 0.00278147
FILLER_0_45_307, 145.222, 130.56, 0.00278147
_1553_, 164.567, 130.56, 0.00272875
FILLER_0_44_352, 164.567, 130.56, 0.00272875
PHY_82, 5.52, 125.12, 0.00233674
PHY_84, 5.52, 125.12, 0.00233674
PHY_83, 173.42, 125.12, 0.0027338
PHY_85, 173.42, 125.12, 0.0027338
FILLER_0_42_356, 173.42, 125.12, 0.0027338
_1048_, 17.662, 125.12, 0.00233674
_1056_, 17.662, 125.12, 0.00233674
_1057_, 17.662, 125.12, 0.00233674
_2172_, 17.662, 125.12, 0.00233674
hold103, 17.662, 125.12, 0.00233674
FILLER_0_41_23, 17.662, 125.12, 0.00233674
FILLER_0_42_15, 17.662, 125.12, 0.00233674
_1077_, 40.297, 125.12, 0.0023825
_2164_, 40.297, 125.12, 0.0023825
hold165, 40.297, 125.12, 0.0023825
FILLER_0_42_75, 40.297, 125.12, 0.0023825
_1079_, 50.79, 125.12, 0.00242467
_1081_, 50.79, 125.12, 0.00242467
_1765_, 50.79, 125.12, 0.00242467
_2163_, 50.79, 125.12, 0.00242467
FILLER_0_43_108, 50.79, 125.12, 0.00242467
_2162_, 61.282, 125.12, 0.00245228
FILLER_0_43_131, 61.282, 125.12, 0.00245228
_1356_, 82.267, 125.12, 0.00255175
_1432_, 82.267, 125.12, 0.00255175
_2056_, 82.267, 125.12, 0.00255175
hold210, 82.267, 125.12, 0.00255175
FILLER_0_42_178, 82.267, 125.12, 0.00255175
_1366_, 92.76, 125.12, 0.00256958
_1368_, 92.76, 125.12, 0.00256958
_1602_, 92.76, 125.12, 0.00256958
FILLER_0_42_190, 92.76, 125.12, 0.00256958
_1397_, 103.252, 125.12, 0.00258044
_1814_, 103.252, 125.12, 0.00258044
_2052_, 103.252, 125.12, 0.00258044
FILLER_0_43_215, 103.252, 125.12, 0.00258044
_1486_, 124.237, 125.12, 0.00260921
_1495_, 124.237, 125.12, 0.00260921
_1520_, 124.237, 125.12, 0.00260921
_1573_, 124.237, 125.12, 0.00260921
FILLER_0_42_265, 124.237, 125.12, 0.00260921
_1519_, 134.73, 125.12, 0.00265762
_1526_, 134.73, 125.12, 0.00265762
FILLER_0_43_281, 134.73, 125.12, 0.00265762
_1521_, 145.222, 125.12, 0.00268383
_1549_, 145.222, 125.12, 0.00268383
FILLER_0_42_303, 145.222, 125.12, 0.00268383
_1861_, 164.567, 125.12, 0.0027338
_2200_, 164.567, 125.12, 0.0027338
hold224, 164.567, 125.12, 0.0027338
FILLER_0_43_352, 164.567, 125.12, 0.0027338
_1773_, 5.52, 119.68, 0.00245286
_2170_, 5.52, 119.68, 0.00245286
PHY_78, 5.52, 119.68, 0.00245286
PHY_80, 5.52, 119.68, 0.00245286
FILLER_0_40_3, 5.52, 119.68, 0.00245286
PHY_79, 173.42, 119.68, 0.00275849
PHY_81, 173.42, 119.68, 0.00275849
_1020_, 17.662, 119.68, 0.00243523
_1050_, 17.662, 119.68, 0.00243523
_1062_, 17.662, 119.68, 0.00243523
_1063_, 17.662, 119.68, 0.00243523
clkbuf_leaf_3_clk, 17.662, 119.68, 0.00243523
FILLER_0_39_16, 17.662, 119.68, 0.00243523
_1022_, 40.297, 119.68, 0.00232655
_1078_, 40.297, 119.68, 0.00232655
_1766_, 40.297, 119.68, 0.00232655
_1776_, 40.297, 119.68, 0.00232655
hold84, 40.297, 119.68, 0.00232655
FILLER_0_39_71, 40.297, 119.68, 0.00232655
FILLER_0_40_76, 40.297, 119.68, 0.00232655
_1044_, 50.79, 119.68, 0.0023372
_1045_, 50.79, 119.68, 0.0023372
_1080_, 50.79, 119.68, 0.0023372
hold85, 50.79, 119.68, 0.0023372
_1082_, 61.282, 119.68, 0.00233927
_1083_, 61.282, 119.68, 0.00233927
_1764_, 61.282, 119.68, 0.00233927
hold53, 61.282, 119.68, 0.00233927
FILLER_0_39_113, 61.282, 119.68, 0.00233927
FILLER_0_39_121, 61.282, 119.68, 0.00233927
_1425_, 82.267, 119.68, 0.00246446
_1434_, 82.267, 119.68, 0.00246446
_1438_, 82.267, 119.68, 0.00246446
_1504_, 82.267, 119.68, 0.00246446
_1505_, 82.267, 119.68, 0.00246446
_2076_, 82.267, 119.68, 0.00246446
hold195, 82.267, 119.68, 0.00246446
FILLER_0_40_171, 82.267, 119.68, 0.00246446
_1419_, 92.76, 119.68, 0.00254488
_1421_, 92.76, 119.68, 0.00254488
_1422_, 92.76, 119.68, 0.00254488
FILLER_0_39_185, 92.76, 119.68, 0.00254488
FILLER_0_40_191, 92.76, 119.68, 0.00254488
FILLER_0_41_198, 92.76, 119.68, 0.00254488
_1415_, 103.252, 119.68, 0.00260719
_1417_, 103.252, 119.68, 0.00260719
_1498_, 103.252, 119.68, 0.00260719
clkbuf_leaf_9_clk, 103.252, 119.68, 0.00260719
FILLER_0_40_213, 103.252, 119.68, 0.00260719
_1506_, 124.237, 119.68, 0.00272713
_1507_, 124.237, 119.68, 0.00272713
_1508_, 124.237, 119.68, 0.00272713
_1511_, 124.237, 119.68, 0.00272713
_2079_, 124.237, 119.68, 0.00272713
_1488_, 134.73, 119.68, 0.00278833
_1517_, 134.73, 119.68, 0.00278833
_1518_, 134.73, 119.68, 0.00278833
_1523_, 134.73, 119.68, 0.00278833
_2080_, 134.73, 119.68, 0.00278833
hold211, 134.73, 119.68, 0.00278833
FILLER_0_41_281, 134.73, 119.68, 0.00278833
_1869_, 145.222, 119.68, 0.00275908
_2202_, 145.222, 119.68, 0.00275908
FILLER_0_41_311, 145.222, 119.68, 0.00275908
_1319_, 164.567, 119.68, 0.00275849
_2199_, 164.567, 119.68, 0.00275849
hold12, 164.567, 119.68, 0.00275849
hold70, 164.567, 119.68, 0.00275849
hold128, 164.567, 119.68, 0.00275849
_1772_, 5.52, 114.24, 0.00220273
_2169_, 5.52, 114.24, 0.00220273
PHY_74, 5.52, 114.24, 0.00220273
PHY_76, 5.52, 114.24, 0.00220273
FILLER_0_39_3, 5.52, 114.24, 0.00220273
PHY_75, 173.42, 114.24, 0.00270692
PHY_77, 173.42, 114.24, 0.00270692
_1047_, 17.662, 114.24, 0.002186
_1064_, 17.662, 114.24, 0.002186
hold111, 17.662, 114.24, 0.002186
FILLER_0_37_15, 17.662, 114.24, 0.002186
FILLER_0_37_23, 17.662, 114.24, 0.002186
FILLER_0_38_23, 17.662, 114.24, 0.002186
FILLER_0_39_39, 17.662, 114.24, 0.002186
_1046_, 40.297, 114.24, 0.00221817
_1075_, 40.297, 114.24, 0.00221817
_1076_, 40.297, 114.24, 0.00221817
_2165_, 40.297, 114.24, 0.00221817
FILLER_0_38_65, 40.297, 114.24, 0.00221817
FILLER_0_39_84, 40.297, 114.24, 0.00221817
_1021_, 50.79, 114.24, 0.00223977
_1762_, 50.79, 114.24, 0.00223977
_2160_, 50.79, 114.24, 0.00223977
FILLER_0_38_108, 50.79, 114.24, 0.00223977
FILLER_0_39_99, 50.79, 114.24, 0.00223977
_1084_, 61.282, 114.24, 0.00224631
_1085_, 61.282, 114.24, 0.00224631
_2161_, 61.282, 114.24, 0.00224631
hold52, 61.282, 114.24, 0.00224631
hold157, 61.282, 114.24, 0.00224631
FILLER_0_39_132, 61.282, 114.24, 0.00224631
_1436_, 82.267, 114.24, 0.00235419
_1437_, 82.267, 114.24, 0.00235419
_2057_, 82.267, 114.24, 0.00235419
rebuffer1, 82.267, 114.24, 0.00235419
FILLER_0_38_177, 82.267, 114.24, 0.00235419
_1364_, 92.76, 114.24, 0.00241072
_1365_, 92.76, 114.24, 0.00241072
_1395_, 92.76, 114.24, 0.00241072
_1398_, 92.76, 114.24, 0.00241072
_1399_, 92.76, 114.24, 0.00241072
_1418_, 92.76, 114.24, 0.00241072
FILLER_0_37_182, 92.76, 114.24, 0.00241072
FILLER_0_38_193, 92.76, 114.24, 0.00241072
FILLER_0_38_197, 92.76, 114.24, 0.00241072
_1396_, 103.252, 114.24, 0.00243877
_1412_, 103.252, 114.24, 0.00243877
_1413_, 103.252, 114.24, 0.00243877
_1414_, 103.252, 114.24, 0.00243877
_2051_, 103.252, 114.24, 0.00243877
_1513_, 124.237, 114.24, 0.00256025
_1515_, 124.237, 114.24, 0.00256025
_2077_, 124.237, 114.24, 0.00256025
FILLER_0_37_249, 124.237, 114.24, 0.00256025
FILLER_0_37_257, 124.237, 114.24, 0.00256025
FILLER_0_39_266, 124.237, 114.24, 0.00256025
_1516_, 134.73, 114.24, 0.00263043
_1522_, 134.73, 114.24, 0.00263043
hold44, 134.73, 114.24, 0.00263043
_1867_, 145.222, 114.24, 0.002665
_1870_, 145.222, 114.24, 0.002665
_1871_, 145.222, 114.24, 0.002665
_2203_, 145.222, 114.24, 0.002665
hold80, 145.222, 114.24, 0.002665
hold87, 145.222, 114.24, 0.002665
FILLER_0_37_293, 145.222, 114.24, 0.002665
FILLER_0_38_296, 145.222, 114.24, 0.002665
_1320_, 164.567, 114.24, 0.00270692
_1857_, 164.567, 114.24, 0.00270692
_1860_, 164.567, 114.24, 0.00270692
_1863_, 164.567, 114.24, 0.00270692
hold78, 164.567, 114.24, 0.00270692
hold223, 164.567, 114.24, 0.00270692
_1065_, 5.52, 108.8, 0.00215737
PHY_70, 5.52, 108.8, 0.00215737
PHY_72, 5.52, 108.8, 0.00215737
FILLER_0_37_3, 5.52, 108.8, 0.00215737
_1854_, 173.42, 108.8, 0.00269912
PHY_71, 173.42, 108.8, 0.00269912
PHY_73, 173.42, 108.8, 0.00269912
FILLER_0_35_359, 173.42, 108.8, 0.00269912
_1066_, 17.662, 108.8, 0.00215722
_1067_, 17.662, 108.8, 0.00215722
_2168_, 17.662, 108.8, 0.00215722
hold112, 17.662, 108.8, 0.00215722
FILLER_0_35_15, 17.662, 108.8, 0.00215722
FILLER_0_36_15, 17.662, 108.8, 0.00215722
FILLER_0_36_29, 17.662, 108.8, 0.00215722
_1019_, 40.297, 108.8, 0.00213361
_1072_, 40.297, 108.8, 0.00213361
FILLER_0_36_65, 40.297, 108.8, 0.00213361
FILLER_0_36_75, 40.297, 108.8, 0.00213361
FILLER_0_36_85, 40.297, 108.8, 0.00213361
_1087_, 50.79, 108.8, 0.00211708
_1088_, 50.79, 108.8, 0.00211708
_1767_, 50.79, 108.8, 0.00211708
hold73, 50.79, 108.8, 0.00211708
FILLER_0_35_98, 50.79, 108.8, 0.00211708
FILLER_0_36_91, 50.79, 108.8, 0.00211708
_1043_, 61.282, 108.8, 0.00209927
_1763_, 61.282, 108.8, 0.00209927
FILLER_0_36_116, 61.282, 108.8, 0.00209927
_1435_, 82.267, 108.8, 0.00218231
_1440_, 82.267, 108.8, 0.00218231
FILLER_0_36_160, 82.267, 108.8, 0.00218231
FILLER_0_36_169, 82.267, 108.8, 0.00218231
FILLER_0_37_174, 82.267, 108.8, 0.00218231
_1394_, 92.76, 108.8, 0.00226959
_1402_, 92.76, 108.8, 0.00226959
_1403_, 92.76, 108.8, 0.00226959
_1411_, 92.76, 108.8, 0.00226959
_2049_, 92.76, 108.8, 0.00226959
hold136, 92.76, 108.8, 0.00226959
FILLER_0_37_191, 92.76, 108.8, 0.00226959
_1404_, 103.252, 108.8, 0.00233228
_1405_, 103.252, 108.8, 0.00233228
_1406_, 103.252, 108.8, 0.00233228
_1416_, 103.252, 108.8, 0.00233228
FILLER_0_36_219, 103.252, 108.8, 0.00233228
_1484_, 124.237, 108.8, 0.00255909
_1583_, 124.237, 108.8, 0.00255909
_1584_, 124.237, 108.8, 0.00255909
_2078_, 124.237, 108.8, 0.00255909
clkbuf_leaf_16_clk, 124.237, 108.8, 0.00255909
_1576_, 134.73, 108.8, 0.00259197
_2204_, 134.73, 108.8, 0.00259197
FILLER_0_36_280, 134.73, 108.8, 0.00259197
_1321_, 145.222, 108.8, 0.00261084
_1872_, 145.222, 108.8, 0.00261084
FILLER_0_35_293, 145.222, 108.8, 0.00261084
FILLER_0_35_301, 145.222, 108.8, 0.00261084
_1856_, 164.567, 108.8, 0.00269526
_2198_, 164.567, 108.8, 0.00269526
clkbuf_leaf_15_clk, 164.567, 108.8, 0.00269526
FILLER_0_35_337, 164.567, 108.8, 0.00269526
_2147_, 5.52, 103.36, 0.00213911
PHY_66, 5.52, 103.36, 0.00213911
PHY_68, 5.52, 103.36, 0.00213911
PHY_67, 173.42, 103.36, 0.00257872
PHY_69, 173.42, 103.36, 0.00257872
_1036_, 17.662, 103.36, 0.00212033
hold11, 17.662, 103.36, 0.00212033
hold209, 17.662, 103.36, 0.00212033
FILLER_0_34_24, 17.662, 103.36, 0.00212033
FILLER_0_34_29, 17.662, 103.36, 0.00212033
FILLER_0_35_39, 17.662, 103.36, 0.00212033
_1768_, 40.297, 103.36, 0.00222454
_2158_, 40.297, 103.36, 0.00222454
FILLER_0_33_67, 40.297, 103.36, 0.00222454
FILLER_0_34_80, 40.297, 103.36, 0.00222454
FILLER_0_34_85, 40.297, 103.36, 0.00222454
_1086_, 50.79, 103.36, 0.00232973
clkbuf_2_1__f_clk, 50.79, 103.36, 0.00232973
hold105, 50.79, 103.36, 0.00232973
FILLER_0_35_106, 50.79, 103.36, 0.00232973
_1091_, 61.282, 103.36, 0.0022549
_1758_, 61.282, 103.36, 0.0022549
_1761_, 61.282, 103.36, 0.0022549
_2159_, 61.282, 103.36, 0.0022549
FILLER_0_33_116, 61.282, 103.36, 0.0022549
_1357_, 82.267, 103.36, 0.00226658
_1439_, 82.267, 103.36, 0.00226658
_1441_, 82.267, 103.36, 0.00226658
_1442_, 82.267, 103.36, 0.00226658
_1446_, 82.267, 103.36, 0.00226658
FILLER_0_34_161, 82.267, 103.36, 0.00226658
_1362_, 92.76, 103.36, 0.00232155
_1410_, 92.76, 103.36, 0.00232155
_1479_, 92.76, 103.36, 0.00232155
split4, 92.76, 103.36, 0.00232155
FILLER_0_33_180, 92.76, 103.36, 0.00232155
FILLER_0_34_188, 92.76, 103.36, 0.00232155
_1354_, 103.252, 103.36, 0.00233622
_1381_, 103.252, 103.36, 0.00233622
_1407_, 103.252, 103.36, 0.00233622
_2050_, 103.252, 103.36, 0.00233622
hold90, 103.252, 103.36, 0.00233622
_1514_, 124.237, 103.36, 0.00241886
_1581_, 124.237, 103.36, 0.00241886
_1582_, 124.237, 103.36, 0.00241886
_2097_, 124.237, 103.36, 0.00241886
hold49, 124.237, 103.36, 0.00241886
_1873_, 134.73, 103.36, 0.00249182
_2196_, 134.73, 103.36, 0.00249182
FILLER_0_33_275, 134.73, 103.36, 0.00249182
FILLER_0_34_277, 134.73, 103.36, 0.00249182
FILLER_0_35_281, 134.73, 103.36, 0.00249182
_1781_, 145.222, 103.36, 0.00253981
_1843_, 145.222, 103.36, 0.00253981
_1852_, 145.222, 103.36, 0.00253981
_2195_, 145.222, 103.36, 0.00253981
hold54, 145.222, 103.36, 0.00253981
FILLER_0_34_305, 145.222, 103.36, 0.00253981
FILLER_0_35_307, 145.222, 103.36, 0.00253981
FILLER_0_35_314, 145.222, 103.36, 0.00253981
_1318_, 164.567, 103.36, 0.00257872
_1845_, 164.567, 103.36, 0.00257872
_1847_, 164.567, 103.36, 0.00257872
_1858_, 164.567, 103.36, 0.00257872
_2194_, 164.567, 103.36, 0.00257872
FILLER_0_33_337, 164.567, 103.36, 0.00257872
_1121_, 5.52, 97.92, 0.00195116
_1748_, 5.52, 97.92, 0.00195116
PHY_62, 5.52, 97.92, 0.00195116
PHY_64, 5.52, 97.92, 0.00195116
FILLER_0_33_3, 5.52, 97.92, 0.00195116
PHY_63, 173.42, 97.92, 0.00239874
PHY_65, 173.42, 97.92, 0.00239874
FILLER_0_31_357, 173.42, 97.92, 0.00239874
FILLER_0_32_357, 173.42, 97.92, 0.00239874
_1116_, 17.662, 97.92, 0.00195028
_1119_, 17.662, 97.92, 0.00195028
_1120_, 17.662, 97.92, 0.00195028
_2148_, 17.662, 97.92, 0.00195028
FILLER_0_32_15, 17.662, 97.92, 0.00195028
_1092_, 40.297, 97.92, 0.00195446
_1105_, 40.297, 97.92, 0.00195446
_1751_, 40.297, 97.92, 0.00195446
_1760_, 40.297, 97.92, 0.00195446
_2154_, 40.297, 97.92, 0.00195446
FILLER_0_31_69, 40.297, 97.92, 0.00195446
FILLER_0_32_72, 40.297, 97.92, 0.00195446
_1042_, 50.79, 97.92, 0.0019761
_1090_, 50.79, 97.92, 0.0019761
_1093_, 50.79, 97.92, 0.0019761
_1094_, 50.79, 97.92, 0.0019761
_1755_, 50.79, 97.92, 0.0019761
FILLER_0_33_106, 50.79, 97.92, 0.0019761
_1089_, 61.282, 97.92, 0.00198167
_1759_, 61.282, 97.92, 0.00198167
_2063_, 61.282, 97.92, 0.00198167
FILLER_0_32_132, 61.282, 97.92, 0.00198167
_1443_, 82.267, 97.92, 0.00216194
_2059_, 82.267, 97.92, 0.00216194
hold17, 82.267, 97.92, 0.00216194
FILLER_0_31_165, 82.267, 97.92, 0.00216194
_1363_, 92.76, 97.92, 0.002334
_1444_, 92.76, 97.92, 0.002334
_2071_, 92.76, 97.92, 0.002334
clkbuf_0_clk, 92.76, 97.92, 0.002334
_2118_, 103.252, 97.92, 0.00234197
FILLER_0_33_220, 103.252, 97.92, 0.00234197
_1408_, 124.237, 97.92, 0.00237906
_1577_, 124.237, 97.92, 0.00237906
_1579_, 124.237, 97.92, 0.00237906
_1638_, 124.237, 97.92, 0.00237906
_1639_, 124.237, 97.92, 0.00237906
_2116_, 124.237, 97.92, 0.00237906
FILLER_0_32_253, 124.237, 97.92, 0.00237906
_1851_, 134.73, 97.92, 0.00240375
_1853_, 134.73, 97.92, 0.00240375
FILLER_0_31_273, 134.73, 97.92, 0.00240375
FILLER_0_32_286, 134.73, 97.92, 0.00240375
FILLER_0_33_281, 134.73, 97.92, 0.00240375
_1823_, 145.222, 97.92, 0.00241645
_1824_, 145.222, 97.92, 0.00241645
_1842_, 145.222, 97.92, 0.00241645
_1850_, 145.222, 97.92, 0.00241645
rebuffer2, 145.222, 97.92, 0.00241645
hold172, 145.222, 97.92, 0.00241645
FILLER_0_33_311, 145.222, 97.92, 0.00241645
_1846_, 164.567, 97.92, 0.00239874
hold66, 164.567, 97.92, 0.00239874
FILLER_0_31_337, 164.567, 97.92, 0.00239874
FILLER_0_33_351, 164.567, 97.92, 0.00239874
_1750_, 5.52, 92.48, 0.00181102
_2149_, 5.52, 92.48, 0.00181102
PHY_58, 5.52, 92.48, 0.00181102
PHY_60, 5.52, 92.48, 0.00181102
FILLER_0_31_3, 5.52, 92.48, 0.00181102
PHY_59, 173.42, 92.48, 0.00247825
PHY_61, 173.42, 92.48, 0.00247825
_1037_, 17.662, 92.48, 0.00178818
_1113_, 17.662, 92.48, 0.00178818
_1117_, 17.662, 92.48, 0.00178818
FILLER_0_30_24, 17.662, 92.48, 0.00178818
FILLER_0_30_29, 17.662, 92.48, 0.00178818
FILLER_0_31_27, 17.662, 92.48, 0.00178818
_1040_, 40.297, 92.48, 0.001783
_1103_, 40.297, 92.48, 0.001783
_1104_, 40.297, 92.48, 0.001783
FILLER_0_30_69, 40.297, 92.48, 0.001783
FILLER_0_30_80, 40.297, 92.48, 0.001783
_1017_, 50.79, 92.48, 0.00180928
_1041_, 50.79, 92.48, 0.00180928
_1095_, 50.79, 92.48, 0.00180928
_1100_, 50.79, 92.48, 0.00180928
_2157_, 50.79, 92.48, 0.00180928
FILLER_0_29_94, 50.79, 92.48, 0.00180928
_1460_, 61.282, 92.48, 0.00179965
_1464_, 61.282, 92.48, 0.00179965
_1465_, 61.282, 92.48, 0.00179965
hold115, 61.282, 92.48, 0.00179965
FILLER_0_29_113, 61.282, 92.48, 0.00179965
_1477_, 82.267, 92.48, 0.00186665
FILLER_0_29_162, 82.267, 92.48, 0.00186665
FILLER_0_30_166, 82.267, 92.48, 0.00186665
FILLER_0_31_169, 82.267, 92.48, 0.00186665
_1445_, 92.76, 92.48, 0.00198164
_1478_, 92.76, 92.48, 0.00198164
_2070_, 92.76, 92.48, 0.00198164
hold51, 92.76, 92.48, 0.00198164
FILLER_0_31_199, 92.76, 92.48, 0.00198164
_1641_, 103.252, 92.48, 0.00204324
_1643_, 103.252, 92.48, 0.00204324
_1644_, 103.252, 92.48, 0.00204324
_1645_, 103.252, 92.48, 0.00204324
FILLER_0_29_212, 103.252, 92.48, 0.00204324
FILLER_0_30_203, 103.252, 92.48, 0.00204324
FILLER_0_30_216, 103.252, 92.48, 0.00204324
FILLER_0_31_219, 103.252, 92.48, 0.00204324
_1333_, 124.237, 92.48, 0.00222913
_1637_, 124.237, 92.48, 0.00222913
_1820_, 134.73, 92.48, 0.00235334
_2187_, 134.73, 92.48, 0.00235334
_2188_, 134.73, 92.48, 0.00235334
hold162, 134.73, 92.48, 0.00235334
FILLER_0_30_276, 134.73, 92.48, 0.00235334
_1314_, 145.222, 92.48, 0.00241529
_1822_, 145.222, 92.48, 0.00241529
_1826_, 145.222, 92.48, 0.00241529
_1827_, 145.222, 92.48, 0.00241529
_2189_, 145.222, 92.48, 0.00241529
_1316_, 164.567, 92.48, 0.00247825
_1840_, 164.567, 92.48, 0.00247825
_1844_, 164.567, 92.48, 0.00247825
_2193_, 164.567, 92.48, 0.00247825
FILLER_0_29_337, 164.567, 92.48, 0.00247825
FILLER_0_30_339, 164.567, 92.48, 0.00247825
_1118_, 5.52, 87.04, 0.00177807
PHY_54, 5.52, 87.04, 0.00177807
PHY_56, 5.52, 87.04, 0.00177807
FILLER_0_29_3, 5.52, 87.04, 0.00177807
PHY_55, 173.42, 87.04, 0.0023874
PHY_57, 173.42, 87.04, 0.0023874
FILLER_0_27_357, 173.42, 87.04, 0.0023874
_1112_, 17.662, 87.04, 0.001777
_1752_, 17.662, 87.04, 0.001777
_2151_, 17.662, 87.04, 0.001777
clkbuf_leaf_30_clk, 17.662, 87.04, 0.001777
FILLER_0_27_15, 17.662, 87.04, 0.001777
FILLER_0_28_15, 17.662, 87.04, 0.001777
_1101_, 40.297, 87.04, 0.00169182
_1102_, 40.297, 87.04, 0.00169182
_1108_, 40.297, 87.04, 0.00169182
_1109_, 40.297, 87.04, 0.00169182
FILLER_0_27_72, 40.297, 87.04, 0.00169182
FILLER_0_28_75, 40.297, 87.04, 0.00169182
_1096_, 50.79, 87.04, 0.00170185
_1097_, 50.79, 87.04, 0.00170185
_1099_, 50.79, 87.04, 0.00170185
hold152, 50.79, 87.04, 0.00170185
hold159, 50.79, 87.04, 0.00170185
FILLER_0_29_108, 50.79, 87.04, 0.00170185
_1098_, 61.282, 87.04, 0.00169948
_2065_, 61.282, 87.04, 0.00169948
_2066_, 61.282, 87.04, 0.00169948
FILLER_0_28_124, 61.282, 87.04, 0.00169948
_1361_, 82.267, 87.04, 0.00185325
_1448_, 82.267, 87.04, 0.00185325
_1449_, 82.267, 87.04, 0.00185325
_1451_, 82.267, 87.04, 0.00185325
_2060_, 82.267, 87.04, 0.00185325
hold21, 82.267, 87.04, 0.00185325
FILLER_0_28_173, 82.267, 87.04, 0.00185325
_1400_, 92.76, 87.04, 0.00195536
_1476_, 92.76, 87.04, 0.00195536
hold50, 92.76, 87.04, 0.00195536
FILLER_0_27_183, 92.76, 87.04, 0.00195536
_2010_, 103.252, 87.04, 0.00200972
_2013_, 103.252, 87.04, 0.00200972
hold180, 103.252, 87.04, 0.00200972
FILLER_0_28_213, 103.252, 87.04, 0.00200972
_1332_, 124.237, 87.04, 0.00215058
_2033_, 124.237, 87.04, 0.00215058
hold143, 124.237, 87.04, 0.00215058
FILLER_0_29_262, 124.237, 87.04, 0.00215058
FILLER_0_29_269, 124.237, 87.04, 0.00215058
_1313_, 134.73, 87.04, 0.00223932
_1329_, 134.73, 87.04, 0.00223932
_1821_, 134.73, 87.04, 0.00223932
FILLER_0_27_277, 134.73, 87.04, 0.00223932
FILLER_0_29_285, 134.73, 87.04, 0.00223932
_1315_, 145.222, 87.04, 0.00231789
_1815_, 145.222, 87.04, 0.00231789
_1829_, 145.222, 87.04, 0.00231789
FILLER_0_28_298, 145.222, 87.04, 0.00231789
FILLER_0_28_309, 145.222, 87.04, 0.00231789
_1834_, 164.567, 87.04, 0.0023874
_1839_, 164.567, 87.04, 0.0023874
_1841_, 164.567, 87.04, 0.0023874
_2192_, 164.567, 87.04, 0.0023874
hold147, 164.567, 87.04, 0.0023874
FILLER_0_28_344, 164.567, 87.04, 0.0023874
FILLER_0_29_349, 164.567, 87.04, 0.0023874
PHY_50, 5.52, 81.6, 0.00154231
PHY_52, 5.52, 81.6, 0.00154231
output4, 5.52, 81.6, 0.00154231
PHY_51, 173.42, 81.6, 0.00228051
PHY_53, 173.42, 81.6, 0.00228051
_1111_, 17.662, 81.6, 0.00154231
_2291_, 17.662, 81.6, 0.00154231
FILLER_0_25_15, 17.662, 81.6, 0.00154231
FILLER_0_26_21, 17.662, 81.6, 0.00154231
FILLER_0_26_29, 17.662, 81.6, 0.00154231
_1747_, 40.297, 81.6, 0.00153838
_1754_, 40.297, 81.6, 0.00153838
_2155_, 40.297, 81.6, 0.00153838
_1757_, 50.79, 81.6, 0.00153193
_2156_, 50.79, 81.6, 0.00153193
hold158, 50.79, 81.6, 0.00153193
FILLER_0_25_90, 50.79, 81.6, 0.00153193
FILLER_0_25_97, 50.79, 81.6, 0.00153193
_2067_, 61.282, 81.6, 0.00150343
hold88, 61.282, 81.6, 0.00150343
FILLER_0_25_113, 61.282, 81.6, 0.00150343
FILLER_0_25_121, 61.282, 81.6, 0.00150343
_1360_, 82.267, 81.6, 0.00164206
_1447_, 82.267, 81.6, 0.00164206
_1471_, 82.267, 81.6, 0.00164206
_1472_, 82.267, 81.6, 0.00164206
hold41, 82.267, 81.6, 0.00164206
FILLER_0_25_159, 82.267, 81.6, 0.00164206
FILLER_0_26_163, 82.267, 81.6, 0.00164206
FILLER_0_26_178, 82.267, 81.6, 0.00164206
_1473_, 92.76, 81.6, 0.00178563
_1474_, 92.76, 81.6, 0.00178563
_1475_, 92.76, 81.6, 0.00178563
_2015_, 92.76, 81.6, 0.00178563
_2016_, 92.76, 81.6, 0.00178563
_2294_, 92.76, 81.6, 0.00178563
FILLER_0_26_193, 92.76, 81.6, 0.00178563
_1646_, 103.252, 81.6, 0.00188107
_2011_, 103.252, 81.6, 0.00188107
_2012_, 103.252, 81.6, 0.00188107
_2014_, 103.252, 81.6, 0.00188107
hold170, 103.252, 81.6, 0.00188107
FILLER_0_25_206, 103.252, 81.6, 0.00188107
_1330_, 124.237, 81.6, 0.00207499
_1331_, 124.237, 81.6, 0.00207499
_2032_, 124.237, 81.6, 0.00207499
FILLER_0_26_262, 124.237, 81.6, 0.00207499
_1819_, 134.73, 81.6, 0.00217544
_2186_, 134.73, 81.6, 0.00217544
hold160, 134.73, 81.6, 0.00217544
FILLER_0_27_292, 134.73, 81.6, 0.00217544
_1325_, 145.222, 81.6, 0.00224013
_1817_, 145.222, 81.6, 0.00224013
_1825_, 145.222, 81.6, 0.00224013
FILLER_0_26_309, 145.222, 81.6, 0.00224013
FILLER_0_27_309, 145.222, 81.6, 0.00224013
_1838_, 164.567, 81.6, 0.00228051
_1876_, 164.567, 81.6, 0.00228051
hold214, 164.567, 81.6, 0.00228051
rebuffer3, 164.567, 81.6, 0.00228051
FILLER_0_26_342, 164.567, 81.6, 0.00228051
PHY_46, 5.52, 76.16, 0.00141583
PHY_48, 5.52, 76.16, 0.00141583
PHY_47, 173.42, 76.16, 0.00225484
PHY_49, 173.42, 76.16, 0.00225484
FILLER_0_23_358, 173.42, 76.16, 0.00225484
_1310_, 17.662, 76.16, 0.00141583
_2236_, 17.662, 76.16, 0.00141583
FILLER_0_23_15, 17.662, 76.16, 0.00141583
FILLER_0_24_29, 17.662, 76.16, 0.00141583
_1756_, 40.297, 76.16, 0.00143484
_1991_, 40.297, 76.16, 0.00143484
_1996_, 40.297, 76.16, 0.00143484
FILLER_0_24_73, 40.297, 76.16, 0.00143484
FILLER_0_24_81, 40.297, 76.16, 0.00143484
FILLER_0_25_84, 40.297, 76.16, 0.00143484
_1746_, 50.79, 76.16, 0.0014686
clkbuf_leaf_0_clk, 50.79, 76.16, 0.0014686
FILLER_0_24_91, 50.79, 76.16, 0.0014686
_1218_, 61.282, 76.16, 0.00138704
_1220_, 61.282, 76.16, 0.00138704
_1469_, 61.282, 76.16, 0.00138704
_1470_, 61.282, 76.16, 0.00138704
hold130, 61.282, 76.16, 0.00138704
hold201, 61.282, 76.16, 0.00138704
_2068_, 82.267, 76.16, 0.00157271
_2069_, 82.267, 76.16, 0.00157271
clkbuf_leaf_24_clk, 82.267, 76.16, 0.00157271
hold42, 82.267, 76.16, 0.00157271
_2295_, 92.76, 76.16, 0.00171384
hold67, 92.76, 76.16, 0.00171384
FILLER_0_23_181, 92.76, 76.16, 0.00171384
FILLER_0_24_197, 92.76, 76.16, 0.00171384
_1647_, 103.252, 76.16, 0.00181783
_1648_, 103.252, 76.16, 0.00181783
_1649_, 103.252, 76.16, 0.00181783
_2018_, 103.252, 76.16, 0.00181783
hold173, 103.252, 76.16, 0.00181783
FILLER_0_24_213, 103.252, 76.16, 0.00181783
_1328_, 124.237, 76.16, 0.00203574
_1336_, 124.237, 76.16, 0.00203574
_1338_, 124.237, 76.16, 0.00203574
_1339_, 124.237, 76.16, 0.00203574
_2035_, 124.237, 76.16, 0.00203574
FILLER_0_24_265, 124.237, 76.16, 0.00203574
_1818_, 134.73, 76.16, 0.00214802
clkbuf_leaf_18_clk, 134.73, 76.16, 0.00214802
hold72, 134.73, 76.16, 0.00214802
hold151, 134.73, 76.16, 0.00214802
_1326_, 145.222, 76.16, 0.00216231
_1327_, 145.222, 76.16, 0.00216231
_1777_, 145.222, 76.16, 0.00216231
hold23, 145.222, 76.16, 0.00216231
_2205_, 164.567, 76.16, 0.00225484
clkbuf_leaf_19_clk, 164.567, 76.16, 0.00225484
FILLER_0_24_355, 164.567, 76.16, 0.00225484
PHY_42, 5.52, 70.72, 0.00148611
PHY_44, 5.52, 70.72, 0.00148611
PHY_43, 173.42, 70.72, 0.00206511
PHY_45, 173.42, 70.72, 0.00206511
_1918_, 17.662, 70.72, 0.00148611
_1919_, 17.662, 70.72, 0.00148611
_1920_, 17.662, 70.72, 0.00148611
_2265_, 17.662, 70.72, 0.00148611
FILLER_0_22_34, 17.662, 70.72, 0.00148611
FILLER_0_23_39, 17.662, 70.72, 0.00148611
_1136_, 40.297, 70.72, 0.00143797
_1988_, 40.297, 70.72, 0.00143797
_1995_, 40.297, 70.72, 0.00143797
_1997_, 40.297, 70.72, 0.00143797
_2288_, 40.297, 70.72, 0.00143797
hold145, 40.297, 70.72, 0.00143797
_2001_, 50.79, 70.72, 0.00139808
_2233_, 50.79, 70.72, 0.00139808
FILLER_0_21_96, 50.79, 70.72, 0.00139808
FILLER_0_22_92, 50.79, 70.72, 0.00139808
FILLER_0_23_105, 50.79, 70.72, 0.00139808
_1217_, 61.282, 70.72, 0.00134211
_1219_, 61.282, 70.72, 0.00134211
_1223_, 61.282, 70.72, 0.00134211
_2234_, 61.282, 70.72, 0.00134211
FILLER_0_22_122, 61.282, 70.72, 0.00134211
FILLER_0_22_131, 61.282, 70.72, 0.00134211
FILLER_0_21_162, 82.267, 70.72, 0.00139818
_2017_, 92.76, 70.72, 0.00152527
_2019_, 92.76, 70.72, 0.00152527
FILLER_0_21_189, 92.76, 70.72, 0.00152527
FILLER_0_22_181, 92.76, 70.72, 0.00152527
_1650_, 103.252, 70.72, 0.00164655
_1651_, 103.252, 70.72, 0.00164655
_1653_, 103.252, 70.72, 0.00164655
_2120_, 103.252, 70.72, 0.00164655
FILLER_0_22_203, 103.252, 70.72, 0.00164655
_1346_, 124.237, 70.72, 0.00186104
_2174_, 124.237, 70.72, 0.00186104
hold131, 124.237, 70.72, 0.00186104
hold132, 124.237, 70.72, 0.00186104
hold156, 124.237, 70.72, 0.00186104
FILLER_0_21_258, 124.237, 70.72, 0.00186104
_1778_, 134.73, 70.72, 0.00194984
_1779_, 134.73, 70.72, 0.00194984
_2176_, 134.73, 70.72, 0.00194984
FILLER_0_22_280, 134.73, 70.72, 0.00194984
_1312_, 145.222, 70.72, 0.0020183
_1782_, 145.222, 70.72, 0.0020183
_1785_, 145.222, 70.72, 0.0020183
_1816_, 145.222, 70.72, 0.0020183
hold24, 145.222, 70.72, 0.0020183
hold148, 145.222, 70.72, 0.0020183
_2175_, 164.567, 70.72, 0.00206511
hold45, 164.567, 70.72, 0.00206511
hold169, 164.567, 70.72, 0.00206511
_2264_, 5.52, 65.28, 0.00171472
PHY_38, 5.52, 65.28, 0.00171472
PHY_40, 5.52, 65.28, 0.00171472
PHY_39, 173.42, 65.28, 0.00209478
PHY_41, 173.42, 65.28, 0.00209478
output6, 173.42, 65.28, 0.00209478
_1917_, 17.662, 65.28, 0.00169454
clkbuf_leaf_29_clk, 17.662, 65.28, 0.00169454
FILLER_0_19_20, 17.662, 65.28, 0.00169454
FILLER_0_20_24, 17.662, 65.28, 0.00169454
_1993_, 40.297, 65.28, 0.00156043
_1994_, 40.297, 65.28, 0.00156043
_1999_, 40.297, 65.28, 0.00156043
_2000_, 40.297, 65.28, 0.00156043
_2289_, 40.297, 65.28, 0.00156043
hold176, 40.297, 65.28, 0.00156043
FILLER_0_20_74, 40.297, 65.28, 0.00156043
FILLER_0_21_77, 40.297, 65.28, 0.00156043
_1135_, 50.79, 65.28, 0.00152375
_2235_, 50.79, 65.28, 0.00152375
hold194, 50.79, 65.28, 0.00152375
FILLER_0_19_96, 50.79, 65.28, 0.00152375
_1221_, 61.282, 65.28, 0.00146572
_1222_, 61.282, 65.28, 0.00146572
_1224_, 61.282, 65.28, 0.00146572
_1123_, 82.267, 65.28, 0.00155044
_1206_, 82.267, 65.28, 0.00155044
_1207_, 82.267, 65.28, 0.00155044
_1209_, 82.267, 65.28, 0.00155044
_2230_, 82.267, 65.28, 0.00155044
FILLER_0_19_162, 82.267, 65.28, 0.00155044
_2021_, 92.76, 65.28, 0.00167937
_2022_, 92.76, 65.28, 0.00167937
_2296_, 92.76, 65.28, 0.00167937
hold181, 92.76, 65.28, 0.00167937
FILLER_0_19_179, 92.76, 65.28, 0.00167937
_1652_, 103.252, 65.28, 0.00176229
_1654_, 103.252, 65.28, 0.00176229
_2121_, 103.252, 65.28, 0.00176229
FILLER_0_19_202, 103.252, 65.28, 0.00176229
FILLER_0_21_213, 103.252, 65.28, 0.00176229
FILLER_0_21_221, 103.252, 65.28, 0.00176229
_1345_, 124.237, 65.28, 0.00191776
_1347_, 124.237, 65.28, 0.00191776
_1349_, 124.237, 65.28, 0.00191776
_2038_, 124.237, 65.28, 0.00191776
_2039_, 124.237, 65.28, 0.00191776
FILLER_0_20_247, 124.237, 65.28, 0.00191776
_1348_, 134.73, 65.28, 0.00197259
_1352_, 134.73, 65.28, 0.00197259
_1660_, 134.73, 65.28, 0.00197259
_1786_, 134.73, 65.28, 0.00197259
FILLER_0_19_270, 134.73, 65.28, 0.00197259
FILLER_0_19_276, 134.73, 65.28, 0.00197259
FILLER_0_20_278, 134.73, 65.28, 0.00197259
FILLER_0_21_281, 134.73, 65.28, 0.00197259
_1323_, 145.222, 65.28, 0.00202267
_1353_, 145.222, 65.28, 0.00202267
_1884_, 145.222, 65.28, 0.00202267
_1885_, 145.222, 65.28, 0.00202267
_1887_, 145.222, 65.28, 0.00202267
FILLER_0_20_304, 145.222, 65.28, 0.00202267
FILLER_0_20_309, 145.222, 65.28, 0.00202267
_1879_, 164.567, 65.28, 0.00209364
_1882_, 164.567, 65.28, 0.00209364
_2206_, 164.567, 65.28, 0.00209364
_2207_, 164.567, 65.28, 0.00209364
_2266_, 5.52, 59.84, 0.00179109
PHY_34, 5.52, 59.84, 0.00179109
PHY_36, 5.52, 59.84, 0.00179109
PHY_35, 173.42, 59.84, 0.00215583
PHY_37, 173.42, 59.84, 0.00215583
_1145_, 17.662, 59.84, 0.00175285
_1921_, 17.662, 59.84, 0.00175285
_1922_, 17.662, 59.84, 0.00175285
_1923_, 17.662, 59.84, 0.00175285
_2285_, 17.662, 59.84, 0.00175285
FILLER_0_18_24, 17.662, 59.84, 0.00175285
FILLER_0_18_39, 17.662, 59.84, 0.00175285
_1143_, 40.297, 59.84, 0.00175837
_1144_, 40.297, 59.84, 0.00175837
_1146_, 40.297, 59.84, 0.00175837
_1998_, 40.297, 59.84, 0.00175837
FILLER_0_17_75, 40.297, 59.84, 0.00175837
FILLER_0_18_79, 40.297, 59.84, 0.00175837
FILLER_0_19_78, 40.297, 59.84, 0.00175837
_2002_, 50.79, 59.84, 0.00182795
_2003_, 50.79, 59.84, 0.00182795
_2290_, 50.79, 59.84, 0.00182795
clkbuf_2_0__f_clk, 50.79, 59.84, 0.00182795
FILLER_0_19_104, 50.79, 59.84, 0.00182795
_1148_, 61.282, 59.84, 0.00169677
_2209_, 61.282, 59.84, 0.00169677
FILLER_0_17_113, 61.282, 59.84, 0.00169677
_1124_, 82.267, 59.84, 0.00164373
_1204_, 82.267, 59.84, 0.00164373
_1205_, 82.267, 59.84, 0.00164373
hold220, 82.267, 59.84, 0.00164373
FILLER_0_17_159, 82.267, 59.84, 0.00164373
_2020_, 92.76, 59.84, 0.00173476
FILLER_0_18_193, 92.76, 59.84, 0.00173476
FILLER_0_18_197, 92.76, 59.84, 0.00173476
FILLER_0_19_192, 92.76, 59.84, 0.00173476
_1655_, 103.252, 59.84, 0.00182421
_2027_, 103.252, 59.84, 0.00182421
_2122_, 103.252, 59.84, 0.00182421
hold192, 103.252, 59.84, 0.00182421
FILLER_0_18_205, 103.252, 59.84, 0.00182421
_1350_, 124.237, 59.84, 0.00197251
_1658_, 124.237, 59.84, 0.00197251
_1675_, 124.237, 59.84, 0.00197251
hold113, 124.237, 59.84, 0.00197251
FILLER_0_18_261, 124.237, 59.84, 0.00197251
_1636_, 134.73, 59.84, 0.00205661
_2040_, 134.73, 59.84, 0.00205661
_2123_, 134.73, 59.84, 0.00205661
FILLER_0_18_290, 134.73, 59.84, 0.00205661
FILLER_0_19_281, 134.73, 59.84, 0.00205661
_1745_, 145.222, 59.84, 0.00210964
_2146_, 145.222, 59.84, 0.00210964
_2208_, 145.222, 59.84, 0.00210964
FILLER_0_18_302, 145.222, 59.84, 0.00210964
FILLER_0_19_307, 145.222, 59.84, 0.00210964
_1883_, 164.567, 59.84, 0.00215583
_2144_, 164.567, 59.84, 0.00215583
FILLER_0_18_352, 164.567, 59.84, 0.00215583
FILLER_0_19_352, 164.567, 59.84, 0.00215583
_1924_, 5.52, 54.4, 0.00169046
PHY_30, 5.52, 54.4, 0.00169046
PHY_32, 5.52, 54.4, 0.00169046
FILLER_0_17_3, 5.52, 54.4, 0.00169046
PHY_31, 173.42, 54.4, 0.00217338
PHY_33, 173.42, 54.4, 0.00217338
_1139_, 17.662, 54.4, 0.00168539
_1925_, 17.662, 54.4, 0.00168539
_1926_, 17.662, 54.4, 0.00168539
_1927_, 17.662, 54.4, 0.00168539
_2283_, 17.662, 54.4, 0.00168539
FILLER_0_16_15, 17.662, 54.4, 0.00168539
_1134_, 40.297, 54.4, 0.00165621
_1137_, 40.297, 54.4, 0.00165621
_1972_, 40.297, 54.4, 0.00165621
_1980_, 40.297, 54.4, 0.00165621
_2004_, 40.297, 54.4, 0.00165621
FILLER_0_16_76, 40.297, 54.4, 0.00165621
FILLER_0_16_85, 40.297, 54.4, 0.00165621
_1178_, 50.79, 54.4, 0.00165541
_1970_, 50.79, 54.4, 0.00165541
_2005_, 50.79, 54.4, 0.00165541
FILLER_0_16_93, 50.79, 54.4, 0.00165541
FILLER_0_16_99, 50.79, 54.4, 0.00165541
_1149_, 61.282, 54.4, 0.00164978
_2210_, 61.282, 54.4, 0.00164978
_2229_, 82.267, 54.4, 0.00178046
hold100, 82.267, 54.4, 0.00178046
hold205, 82.267, 54.4, 0.00178046
FILLER_0_16_169, 82.267, 54.4, 0.00178046
_2024_, 92.76, 54.4, 0.00191076
_2025_, 92.76, 54.4, 0.00191076
_2297_, 92.76, 54.4, 0.00191076
fanout13, 92.76, 54.4, 0.00191076
FILLER_0_16_186, 92.76, 54.4, 0.00191076
FILLER_0_16_193, 92.76, 54.4, 0.00191076
clkbuf_leaf_23_clk, 103.252, 54.4, 0.0020037
hold183, 103.252, 54.4, 0.0020037
FILLER_0_16_206, 103.252, 54.4, 0.0020037
_1634_, 124.237, 54.4, 0.00204183
_1635_, 124.237, 54.4, 0.00204183
_1659_, 124.237, 54.4, 0.00204183
_1673_, 124.237, 54.4, 0.00204183
FILLER_0_17_262, 124.237, 54.4, 0.00204183
_1632_, 134.73, 54.4, 0.00209745
_1661_, 134.73, 54.4, 0.00209745
hold215, 134.73, 54.4, 0.00209745
FILLER_0_16_287, 134.73, 54.4, 0.00209745
_1672_, 145.222, 54.4, 0.00213808
_1744_, 145.222, 54.4, 0.00213808
hold196, 145.222, 54.4, 0.00213808
FILLER_0_15_297, 145.222, 54.4, 0.00213808
FILLER_0_16_302, 145.222, 54.4, 0.00213808
FILLER_0_17_311, 145.222, 54.4, 0.00213808
_1739_, 164.567, 54.4, 0.00217338
_1740_, 164.567, 54.4, 0.00217338
_1741_, 164.567, 54.4, 0.00217338
hold55, 164.567, 54.4, 0.00217338
FILLER_0_16_354, 164.567, 54.4, 0.00217338
_1929_, 5.52, 48.96, 0.00180703
_2267_, 5.52, 48.96, 0.00180703
PHY_26, 5.52, 48.96, 0.00180703
PHY_28, 5.52, 48.96, 0.00180703
FILLER_0_14_3, 5.52, 48.96, 0.00180703
FILLER_0_14_12, 5.52, 48.96, 0.00180703
PHY_27, 173.42, 48.96, 0.00227637
PHY_29, 173.42, 48.96, 0.00227637
_1928_, 17.662, 48.96, 0.00177433
_1930_, 17.662, 48.96, 0.00177433
FILLER_0_13_20, 17.662, 48.96, 0.00177433
FILLER_0_14_24, 17.662, 48.96, 0.00177433
_1971_, 40.297, 48.96, 0.00180307
_1974_, 40.297, 48.96, 0.00180307
_2280_, 40.297, 48.96, 0.00180307
_2281_, 40.297, 48.96, 0.00180307
fanout9, 40.297, 48.96, 0.00180307
hold164, 40.297, 48.96, 0.00180307
hold207, 40.297, 48.96, 0.00180307
fanout8, 50.79, 48.96, 0.00182277
FILLER_0_15_108, 50.79, 48.96, 0.00182277
_1150_, 61.282, 48.96, 0.00183884
_1151_, 61.282, 48.96, 0.00183884
_1161_, 61.282, 48.96, 0.00183884
_2211_, 61.282, 48.96, 0.00183884
clkbuf_leaf_25_clk, 61.282, 48.96, 0.00183884
hold89, 61.282, 48.96, 0.00183884
FILLER_0_14_111, 61.282, 48.96, 0.00183884
FILLER_0_15_125, 61.282, 48.96, 0.00183884
_1129_, 82.267, 48.96, 0.00183699
_1198_, 82.267, 48.96, 0.00183699
_1200_, 82.267, 48.96, 0.00183699
_2227_, 82.267, 48.96, 0.00183699
hold155, 82.267, 48.96, 0.00183699
FILLER_0_13_165, 82.267, 48.96, 0.00183699
_1481_, 92.76, 48.96, 0.00191968
_2298_, 92.76, 48.96, 0.00191968
fanout12, 92.76, 48.96, 0.00191968
FILLER_0_13_186, 92.76, 48.96, 0.00191968
FILLER_0_14_182, 92.76, 48.96, 0.00191968
FILLER_0_14_197, 92.76, 48.96, 0.00191968
FILLER_0_15_197, 92.76, 48.96, 0.00191968
_1409_, 103.252, 48.96, 0.001972
_2026_, 103.252, 48.96, 0.001972
_2028_, 103.252, 48.96, 0.001972
_2299_, 103.252, 48.96, 0.001972
FILLER_0_14_207, 103.252, 48.96, 0.001972
_1665_, 124.237, 48.96, 0.00209034
_1668_, 124.237, 48.96, 0.00209034
_1670_, 124.237, 48.96, 0.00209034
_1683_, 124.237, 48.96, 0.00209034
_1687_, 124.237, 48.96, 0.00209034
FILLER_0_14_248, 124.237, 48.96, 0.00209034
FILLER_0_14_253, 124.237, 48.96, 0.00209034
FILLER_0_14_261, 124.237, 48.96, 0.00209034
_1688_, 134.73, 48.96, 0.00217925
_1689_, 134.73, 48.96, 0.00217925
_2124_, 134.73, 48.96, 0.00217925
FILLER_0_14_274, 134.73, 48.96, 0.00217925
FILLER_0_14_282, 134.73, 48.96, 0.00217925
FILLER_0_14_290, 134.73, 48.96, 0.00217925
_1669_, 145.222, 48.96, 0.00223645
_1720_, 145.222, 48.96, 0.00223645
_1731_, 145.222, 48.96, 0.00223645
_2140_, 145.222, 48.96, 0.00223645
FILLER_0_14_297, 145.222, 48.96, 0.00223645
FILLER_0_14_305, 145.222, 48.96, 0.00223645
FILLER_0_14_309, 145.222, 48.96, 0.00223645
_1732_, 164.567, 48.96, 0.00227637
_1734_, 164.567, 48.96, 0.00227637
_1735_, 164.567, 48.96, 0.00227637
_1736_, 164.567, 48.96, 0.00227637
_2142_, 164.567, 48.96, 0.00227637
FILLER_0_14_343, 164.567, 48.96, 0.00227637
FILLER_0_15_352, 164.567, 48.96, 0.00227637
_1932_, 5.52, 43.52, 0.00179191
_2268_, 5.52, 43.52, 0.00179191
PHY_22, 5.52, 43.52, 0.00179191
PHY_24, 5.52, 43.52, 0.00179191
FILLER_0_13_3, 5.52, 43.52, 0.00179191
PHY_23, 173.42, 43.52, 0.00237151
PHY_25, 173.42, 43.52, 0.00237151
FILLER_0_12_358, 173.42, 43.52, 0.00237151
_1931_, 17.662, 43.52, 0.00177209
_1933_, 17.662, 43.52, 0.00177209
_1935_, 17.662, 43.52, 0.00177209
_1937_, 17.662, 43.52, 0.00177209
_2269_, 17.662, 43.52, 0.00177209
FILLER_0_11_15, 17.662, 43.52, 0.00177209
_1966_, 40.297, 43.52, 0.0017479
_1968_, 40.297, 43.52, 0.0017479
_1973_, 40.297, 43.52, 0.0017479
FILLER_0_11_69, 40.297, 43.52, 0.0017479
FILLER_0_12_78, 40.297, 43.52, 0.0017479
FILLER_0_12_85, 40.297, 43.52, 0.0017479
_2212_, 50.79, 43.52, 0.00175961
FILLER_0_13_102, 50.79, 43.52, 0.00175961
_1152_, 61.282, 43.52, 0.00174811
_1153_, 61.282, 43.52, 0.00174811
_1154_, 61.282, 43.52, 0.00174811
_1155_, 61.282, 43.52, 0.00174811
hold77, 61.282, 43.52, 0.00174811
FILLER_0_11_120, 61.282, 43.52, 0.00174811
_1125_, 82.267, 43.52, 0.00182245
_1192_, 82.267, 43.52, 0.00182245
_1193_, 82.267, 43.52, 0.00182245
_1195_, 82.267, 43.52, 0.00182245
_1196_, 82.267, 43.52, 0.00182245
_2225_, 82.267, 43.52, 0.00182245
FILLER_0_11_157, 82.267, 43.52, 0.00182245
FILLER_0_13_178, 82.267, 43.52, 0.00182245
_1480_, 92.76, 43.52, 0.00190929
_2072_, 92.76, 43.52, 0.00190929
_1600_, 103.252, 43.52, 0.00197967
_2107_, 103.252, 43.52, 0.00197967
_2127_, 103.252, 43.52, 0.00197967
FILLER_0_12_213, 103.252, 43.52, 0.00197967
FILLER_0_13_215, 103.252, 43.52, 0.00197967
_1663_, 124.237, 43.52, 0.00215545
_1664_, 124.237, 43.52, 0.00215545
_1666_, 124.237, 43.52, 0.00215545
_1677_, 124.237, 43.52, 0.00215545
_1678_, 124.237, 43.52, 0.00215545
_1680_, 124.237, 43.52, 0.00215545
hold186, 124.237, 43.52, 0.00215545
FILLER_0_13_267, 124.237, 43.52, 0.00215545
_1667_, 134.73, 43.52, 0.00225029
_1721_, 134.73, 43.52, 0.00225029
_2137_, 134.73, 43.52, 0.00225029
FILLER_0_11_274, 134.73, 43.52, 0.00225029
FILLER_0_12_271, 134.73, 43.52, 0.00225029
_1628_, 145.222, 43.52, 0.00230275
_1723_, 145.222, 43.52, 0.00230275
FILLER_0_12_304, 145.222, 43.52, 0.00230275
FILLER_0_12_309, 145.222, 43.52, 0.00230275
FILLER_0_13_310, 145.222, 43.52, 0.00230275
_1629_, 164.567, 43.52, 0.00237151
_2141_, 164.567, 43.52, 0.00237151
hold68, 164.567, 43.52, 0.00237151
PHY_18, 5.52, 38.08, 0.00198868
PHY_20, 5.52, 38.08, 0.00198868
PHY_19, 173.42, 38.08, 0.00233442
PHY_21, 173.42, 38.08, 0.00233442
FILLER_0_9_357, 173.42, 38.08, 0.00233442
_1138_, 17.662, 38.08, 0.00198868
_1934_, 17.662, 38.08, 0.00198868
clkbuf_leaf_28_clk, 17.662, 38.08, 0.00198868
hold202, 17.662, 38.08, 0.00198868
FILLER_0_9_16, 17.662, 38.08, 0.00198868
FILLER_0_10_15, 17.662, 38.08, 0.00198868
FILLER_0_10_29, 17.662, 38.08, 0.00198868
_1140_, 40.297, 38.08, 0.00196373
_1963_, 40.297, 38.08, 0.00196373
_1964_, 40.297, 38.08, 0.00196373
_1967_, 40.297, 38.08, 0.00196373
_2278_, 40.297, 38.08, 0.00196373
clkbuf_leaf_27_clk, 40.297, 38.08, 0.00196373
hold120, 40.297, 38.08, 0.00196373
_1156_, 50.79, 38.08, 0.00194206
_2213_, 50.79, 38.08, 0.00194206
FILLER_0_11_99, 50.79, 38.08, 0.00194206
FILLER_0_11_106, 50.79, 38.08, 0.00194206
_1132_, 61.282, 38.08, 0.00189244
_1133_, 61.282, 38.08, 0.00189244
_1159_, 61.282, 38.08, 0.00189244
_2214_, 61.282, 38.08, 0.00189244
hold39, 61.282, 38.08, 0.00189244
FILLER_0_10_123, 61.282, 38.08, 0.00189244
_1122_, 82.267, 38.08, 0.00188009
_1190_, 82.267, 38.08, 0.00188009
_1191_, 82.267, 38.08, 0.00188009
hold189, 82.267, 38.08, 0.00188009
hold190, 82.267, 38.08, 0.00188009
FILLER_0_11_169, 82.267, 38.08, 0.00188009
_2106_, 92.76, 38.08, 0.00194296
FILLER_0_10_193, 92.76, 38.08, 0.00194296
FILLER_0_11_200, 92.76, 38.08, 0.00194296
_1597_, 103.252, 38.08, 0.00199125
_1598_, 103.252, 38.08, 0.00199125
hold9, 103.252, 38.08, 0.00199125
_1679_, 124.237, 38.08, 0.00214948
_2128_, 124.237, 38.08, 0.00214948
FILLER_0_10_248, 124.237, 38.08, 0.00214948
FILLER_0_10_253, 124.237, 38.08, 0.00214948
FILLER_0_10_261, 124.237, 38.08, 0.00214948
_1690_, 134.73, 38.08, 0.00223446
_1725_, 134.73, 38.08, 0.00223446
_2138_, 134.73, 38.08, 0.00223446
hold187, 134.73, 38.08, 0.00223446
FILLER_0_10_288, 134.73, 38.08, 0.00223446
FILLER_0_11_281, 134.73, 38.08, 0.00223446
_1710_, 145.222, 38.08, 0.0022708
_1722_, 145.222, 38.08, 0.0022708
_1724_, 145.222, 38.08, 0.0022708
_1726_, 145.222, 38.08, 0.0022708
_2139_, 145.222, 38.08, 0.0022708
FILLER_0_9_293, 145.222, 38.08, 0.0022708
FILLER_0_10_297, 145.222, 38.08, 0.0022708
FILLER_0_10_305, 145.222, 38.08, 0.0022708
FILLER_0_10_309, 145.222, 38.08, 0.0022708
_1716_, 164.567, 38.08, 0.00233442
_1717_, 164.567, 38.08, 0.00233442
_1718_, 164.567, 38.08, 0.00233442
_1719_, 164.567, 38.08, 0.00233442
_1733_, 164.567, 38.08, 0.00233442
_2136_, 164.567, 38.08, 0.00233442
hold193, 164.567, 38.08, 0.00233442
FILLER_0_9_340, 164.567, 38.08, 0.00233442
_1936_, 5.52, 32.64, 0.00183583
_1938_, 5.52, 32.64, 0.00183583
_2270_, 5.52, 32.64, 0.00183583
PHY_14, 5.52, 32.64, 0.00183583
PHY_16, 5.52, 32.64, 0.00183583
FILLER_0_9_3, 5.52, 32.64, 0.00183583
_1738_, 173.42, 32.64, 0.00237219
PHY_15, 173.42, 32.64, 0.00237219
PHY_17, 173.42, 32.64, 0.00237219
_1939_, 17.662, 32.64, 0.00181957
_1941_, 17.662, 32.64, 0.00181957
_2271_, 17.662, 32.64, 0.00181957
hold64, 17.662, 32.64, 0.00181957
FILLER_0_8_23, 17.662, 32.64, 0.00181957
_1959_, 40.297, 32.64, 0.00181149
_1961_, 40.297, 32.64, 0.00181149
_1962_, 40.297, 32.64, 0.00181149
hold185, 40.297, 32.64, 0.00181149
FILLER_0_7_65, 40.297, 32.64, 0.00181149
FILLER_0_7_73, 40.297, 32.64, 0.00181149
_1157_, 50.79, 32.64, 0.00183707
_1965_, 50.79, 32.64, 0.00183707
hold75, 50.79, 32.64, 0.00183707
FILLER_0_8_93, 50.79, 32.64, 0.00183707
_1158_, 61.282, 32.64, 0.00184632
_1160_, 61.282, 32.64, 0.00184632
hold40, 61.282, 32.64, 0.00184632
_1187_, 82.267, 32.64, 0.00194556
_1188_, 82.267, 32.64, 0.00194556
_1189_, 82.267, 32.64, 0.00194556
_2223_, 82.267, 32.64, 0.00194556
_2224_, 82.267, 32.64, 0.00194556
FILLER_0_7_160, 82.267, 32.64, 0.00194556
_1596_, 92.76, 32.64, 0.00202938
_2104_, 92.76, 32.64, 0.00202938
hold10, 92.76, 32.64, 0.00202938
FILLER_0_8_190, 92.76, 32.64, 0.00202938
FILLER_0_8_197, 92.76, 32.64, 0.00202938
FILLER_0_9_193, 92.76, 32.64, 0.00202938
_1307_, 103.252, 32.64, 0.00209692
_1308_, 103.252, 32.64, 0.00209692
_1309_, 103.252, 32.64, 0.00209692
_1595_, 103.252, 32.64, 0.00209692
_2105_, 103.252, 32.64, 0.00209692
hold27, 103.252, 32.64, 0.00209692
hold28, 103.252, 32.64, 0.00209692
_1686_, 124.237, 32.64, 0.00228114
_1693_, 124.237, 32.64, 0.00228114
_1694_, 124.237, 32.64, 0.00228114
_2129_, 124.237, 32.64, 0.00228114
FILLER_0_7_258, 124.237, 32.64, 0.00228114
_1692_, 134.73, 32.64, 0.00236299
_2133_, 134.73, 32.64, 0.00236299
hold188, 134.73, 32.64, 0.00236299
FILLER_0_7_274, 134.73, 32.64, 0.00236299
_1627_, 145.222, 32.64, 0.00241142
_1706_, 145.222, 32.64, 0.00241142
_1707_, 145.222, 32.64, 0.00241142
_1711_, 145.222, 32.64, 0.00241142
clkbuf_leaf_21_clk, 145.222, 32.64, 0.00241142
FILLER_0_9_307, 145.222, 32.64, 0.00241142
FILLER_0_9_314, 145.222, 32.64, 0.00241142
_1737_, 164.567, 32.64, 0.00236912
_2143_, 164.567, 32.64, 0.00236912
hold22, 164.567, 32.64, 0.00236912
hold26, 164.567, 32.64, 0.00236912
hold37, 164.567, 32.64, 0.00236912
PHY_10, 5.52, 27.2, 0.00181766
PHY_12, 5.52, 27.2, 0.00181766
PHY_11, 173.42, 27.2, 0.00226357
PHY_13, 173.42, 27.2, 0.00226357
_1942_, 17.662, 27.2, 0.00181766
_1943_, 17.662, 27.2, 0.00181766
_1953_, 17.662, 27.2, 0.00181766
hold134, 17.662, 27.2, 0.00181766
FILLER_0_6_15, 17.662, 27.2, 0.00181766
FILLER_0_7_36, 17.662, 27.2, 0.00181766
_1956_, 40.297, 27.2, 0.0018486
_1958_, 40.297, 27.2, 0.0018486
_2277_, 40.297, 27.2, 0.0018486
FILLER_0_6_80, 40.297, 27.2, 0.0018486
_1162_, 50.79, 27.2, 0.00186949
_2215_, 50.79, 27.2, 0.00186949
fanout10, 50.79, 27.2, 0.00186949
FILLER_0_6_97, 50.79, 27.2, 0.00186949
FILLER_0_7_108, 50.79, 27.2, 0.00186949
_1167_, 61.282, 27.2, 0.00185732
fanout7, 61.282, 27.2, 0.00185732
hold31, 61.282, 27.2, 0.00185732
FILLER_0_5_113, 61.282, 27.2, 0.00185732
FILLER_0_6_116, 61.282, 27.2, 0.00185732
FILLER_0_6_126, 61.282, 27.2, 0.00185732
_1184_, 82.267, 27.2, 0.00188734
_1186_, 82.267, 27.2, 0.00188734
hold217, 82.267, 27.2, 0.00188734
FILLER_0_5_164, 82.267, 27.2, 0.00188734
FILLER_0_7_177, 82.267, 27.2, 0.00188734
_1594_, 92.76, 27.2, 0.00194439
FILLER_0_6_192, 92.76, 27.2, 0.00194439
_1593_, 103.252, 27.2, 0.00200064
hold74, 103.252, 27.2, 0.00200064
_1691_, 124.237, 27.2, 0.0021871
_1695_, 124.237, 27.2, 0.0021871
_2130_, 124.237, 27.2, 0.0021871
FILLER_0_7_266, 124.237, 27.2, 0.0021871
_1626_, 134.73, 27.2, 0.00227065
_1699_, 134.73, 27.2, 0.00227065
_1700_, 134.73, 27.2, 0.00227065
_1701_, 134.73, 27.2, 0.00227065
_1708_, 134.73, 27.2, 0.00227065
FILLER_0_7_286, 134.73, 27.2, 0.00227065
_1702_, 145.222, 27.2, 0.00229266
_1703_, 145.222, 27.2, 0.00229266
_1705_, 145.222, 27.2, 0.00229266
_2134_, 145.222, 27.2, 0.00229266
hold14, 145.222, 27.2, 0.00229266
_1713_, 164.567, 27.2, 0.00226357
hold36, 164.567, 27.2, 0.00226357
FILLER_0_6_345, 164.567, 27.2, 0.00226357
_1945_, 5.52, 21.76, 0.00192513
_2272_, 5.52, 21.76, 0.00192513
PHY_6, 5.52, 21.76, 0.00192513
PHY_8, 5.52, 21.76, 0.00192513
FILLER_0_4_3, 5.52, 21.76, 0.00192513
FILLER_0_4_12, 5.52, 21.76, 0.00192513
PHY_7, 173.42, 21.76, 0.00214166
PHY_9, 173.42, 21.76, 0.00214166
FILLER_0_4_357, 173.42, 21.76, 0.00214166
_1141_, 17.662, 21.76, 0.00190466
_1944_, 17.662, 21.76, 0.00190466
_1947_, 17.662, 21.76, 0.00190466
_1949_, 17.662, 21.76, 0.00190466
_2273_, 17.662, 21.76, 0.00190466
hold133, 17.662, 21.76, 0.00190466
FILLER_0_3_15, 17.662, 21.76, 0.00190466
_1957_, 40.297, 21.76, 0.00189709
hold168, 40.297, 21.76, 0.00189709
FILLER_0_4_73, 40.297, 21.76, 0.00189709
FILLER_0_4_81, 40.297, 21.76, 0.00189709
FILLER_0_5_83, 40.297, 21.76, 0.00189709
_1163_, 50.79, 21.76, 0.00193665
_1164_, 50.79, 21.76, 0.00193665
_1165_, 50.79, 21.76, 0.00193665
_1166_, 50.79, 21.76, 0.00193665
_2216_, 61.282, 21.76, 0.00196051
clkbuf_leaf_26_clk, 61.282, 21.76, 0.00196051
_1183_, 82.267, 21.76, 0.00193217
_1185_, 82.267, 21.76, 0.00193217
_2222_, 82.267, 21.76, 0.00193217
fanout14, 82.267, 21.76, 0.00193217
hold104, 82.267, 21.76, 0.00193217
FILLER_0_4_157, 82.267, 21.76, 0.00193217
FILLER_0_3_189, 92.76, 21.76, 0.00196605
FILLER_0_4_188, 92.76, 21.76, 0.00196605
FILLER_0_4_197, 92.76, 21.76, 0.00196605
_1306_, 103.252, 21.76, 0.00199993
_1590_, 103.252, 21.76, 0.00199993
_1592_, 103.252, 21.76, 0.00199993
hold43, 103.252, 21.76, 0.00199993
FILLER_0_5_213, 103.252, 21.76, 0.00199993
FILLER_0_5_221, 103.252, 21.76, 0.00199993
_1696_, 124.237, 21.76, 0.002118
_1697_, 124.237, 21.76, 0.002118
_1698_, 124.237, 21.76, 0.002118
_2131_, 124.237, 21.76, 0.002118
FILLER_0_4_247, 124.237, 21.76, 0.002118
FILLER_0_4_258, 124.237, 21.76, 0.002118
_1704_, 134.73, 21.76, 0.00215644
_2132_, 134.73, 21.76, 0.00215644
hold216, 134.73, 21.76, 0.00215644
FILLER_0_3_273, 134.73, 21.76, 0.00215644
FILLER_0_4_284, 134.73, 21.76, 0.00215644
FILLER_0_5_289, 134.73, 21.76, 0.00215644
_1709_, 145.222, 21.76, 0.00215056
FILLER_0_5_306, 145.222, 21.76, 0.00215056
PHY_2, 5.52, 16.32, 0.00177954
PHY_4, 5.52, 16.32, 0.00177954
PHY_3, 173.42, 16.32, 0.00210233
PHY_5, 173.42, 16.32, 0.00210233
FILLER_0_2_357, 173.42, 16.32, 0.00210233
FILLER_0_2_77, 40.297, 16.32, 0.00181098
FILLER_0_2_109, 50.79, 16.32, 0.00184241
FILLER_0_3_105, 50.79, 16.32, 0.00184241
_1131_, 61.282, 16.32, 0.00187385
_1169_, 61.282, 16.32, 0.00187385
_1170_, 61.282, 16.32, 0.00187385
_2217_, 61.282, 16.32, 0.00187385
hold124, 61.282, 16.32, 0.00187385
FILLER_0_2_117, 61.282, 16.32, 0.00187385
fanout11, 82.267, 16.32, 0.0019075
hold119, 82.267, 16.32, 0.0019075
_2103_, 92.76, 16.32, 0.00195329
FILLER_0_2_188, 92.76, 16.32, 0.00195329
_1305_, 103.252, 16.32, 0.00198452
_1591_, 103.252, 16.32, 0.00198452
_2101_, 103.252, 16.32, 0.00198452
FILLER_0_2_209, 103.252, 16.32, 0.00198452
FILLER_0_3_216, 103.252, 16.32, 0.00198452
FILLER_0_1_277, 134.73, 16.32, 0.00205104
FILLER_0_2_301, 145.222, 16.32, 0.00207668
PHY_0, 5.52, 10.88, 0.0017576
PHY_1, 173.42, 10.88, 0.00209561
FILLER_0_0_81, 40.297, 10.88, 0.00176554
FILLER_0_0_109, 50.79, 10.88, 0.00177347
FILLER_0_1_105, 50.79, 10.88, 0.00177347
input2, 82.267, 10.88, 0.0018335
FILLER_0_0_160, 82.267, 10.88, 0.0018335
FILLER_0_0_193, 92.76, 10.88, 0.00187698
_1588_, 103.252, 10.88, 0.00192045
FILLER_0_0_221, 103.252, 10.88, 0.00192045
FILLER_0_1_220, 103.252, 10.88, 0.00192045
FILLER_0_0_249, 124.237, 10.88, 0.00199657
FILLER_0_0_277, 134.73, 10.88, 0.00202958
FILLER_0_0_305, 145.222, 10.88, 0.00206259

