Instance name,  X location,  Y location,  Voltage 
FILLER_0_59_329, 152.415, 171.36, 1.79823
FILLER_0_57_329, 152.415, 165.92, 1.79824
_1567_, 152.415, 160.48, 1.79817
_2091_, 152.415, 160.48, 1.79817
FILLER_0_55_310, 152.415, 160.48, 1.79817
_1558_, 152.415, 155.04, 1.79813
_1561_, 152.415, 155.04, 1.79813
_1562_, 152.415, 155.04, 1.79813
_1565_, 152.415, 155.04, 1.79813
hold65, 152.415, 155.04, 1.79813
FILLER_0_52_314, 152.415, 155.04, 1.79813
FILLER_0_53_323, 152.415, 155.04, 1.79813
_1487_, 152.415, 149.6, 1.79807
_1557_, 152.415, 149.6, 1.79807
_2090_, 152.415, 149.6, 1.79807
hold19, 152.415, 149.6, 1.79807
hold20, 152.415, 149.6, 1.79807
FILLER_0_50_312, 152.415, 149.6, 1.79807
FILLER_0_52_323, 152.415, 149.6, 1.79807
_1541_, 152.415, 144.16, 1.79819
_1554_, 152.415, 144.16, 1.79819
_1559_, 152.415, 144.16, 1.79819
hold167, 152.415, 144.16, 1.79819
FILLER_0_48_309, 152.415, 144.16, 1.79819
FILLER_0_49_315, 152.415, 144.16, 1.79819
FILLER_0_49_328, 152.415, 144.16, 1.79819
FILLER_0_50_328, 152.415, 144.16, 1.79819
_1544_, 152.415, 138.72, 1.79819
_1546_, 152.415, 138.72, 1.79819
_1556_, 152.415, 138.72, 1.79819
hold62, 152.415, 138.72, 1.79819
FILLER_0_47_314, 152.415, 138.72, 1.79819
FILLER_0_48_326, 152.415, 138.72, 1.79819
_1490_, 152.415, 133.28, 1.79825
_1548_, 152.415, 133.28, 1.79825
_1550_, 152.415, 133.28, 1.79825
_2087_, 152.415, 133.28, 1.79825
FILLER_0_46_321, 152.415, 133.28, 1.79825
_1547_, 152.415, 127.84, 1.79836
_1549_, 152.415, 127.84, 1.79836
_1552_, 152.415, 127.84, 1.79836
hold69, 152.415, 127.84, 1.79836
FILLER_0_43_322, 152.415, 127.84, 1.79836
FILLER_0_44_325, 152.415, 127.84, 1.79836
_1864_, 152.415, 122.4, 1.79827
_2202_, 152.415, 122.4, 1.79827
clkbuf_leaf_14_clk, 152.415, 122.4, 1.79827
hold13, 152.415, 122.4, 1.79827
FILLER_0_41_311, 152.415, 122.4, 1.79827
FILLER_0_41_319, 152.415, 122.4, 1.79827
_1865_, 152.415, 116.96, 1.79837
_1868_, 152.415, 116.96, 1.79837
_2201_, 152.415, 116.96, 1.79837
hold79, 152.415, 116.96, 1.79837
hold80, 152.415, 116.96, 1.79837
hold86, 152.415, 116.96, 1.79837
hold87, 152.415, 116.96, 1.79837
_1321_, 152.415, 111.52, 1.79833
_1780_, 152.415, 111.52, 1.79833
_1866_, 152.415, 111.52, 1.79833
FILLER_0_38_329, 152.415, 111.52, 1.79833
_1843_, 152.415, 106.08, 1.79822
_1848_, 152.415, 106.08, 1.79822
_2195_, 152.415, 106.08, 1.79822
_2197_, 152.415, 106.08, 1.79822
FILLER_0_35_314, 152.415, 106.08, 1.79822
FILLER_0_35_325, 152.415, 106.08, 1.79822
FILLER_0_36_320, 152.415, 106.08, 1.79822
_1849_, 152.415, 100.64, 1.79809
_1850_, 152.415, 100.64, 1.79809
hold200, 152.415, 100.64, 1.79809
FILLER_0_33_311, 152.415, 100.64, 1.79809
FILLER_0_33_323, 152.415, 100.64, 1.79809
_1314_, 152.415, 95.2, 1.79805
_1827_, 152.415, 95.2, 1.79805
_1828_, 152.415, 95.2, 1.79805
_1836_, 152.415, 95.2, 1.79805
FILLER_0_31_323, 152.415, 95.2, 1.79805
_1315_, 152.415, 89.76, 1.79782
_1829_, 152.415, 89.76, 1.79782
_1830_, 152.415, 89.76, 1.79782
_2191_, 152.415, 89.76, 1.79782
FILLER_0_28_309, 152.415, 89.76, 1.79782
FILLER_0_29_324, 152.415, 89.76, 1.79782
_1325_, 152.415, 84.32, 1.79772
_1832_, 152.415, 84.32, 1.79772
_1833_, 152.415, 84.32, 1.79772
_1837_, 152.415, 84.32, 1.79772
_2190_, 152.415, 84.32, 1.79772
FILLER_0_26_309, 152.415, 84.32, 1.79772
FILLER_0_27_309, 152.415, 84.32, 1.79772
_1322_, 152.415, 78.88, 1.7976
_1327_, 152.415, 78.88, 1.7976
_1784_, 152.415, 78.88, 1.7976
_1831_, 152.415, 78.88, 1.7976
split1, 152.415, 78.88, 1.7976
_1312_, 152.415, 73.44, 1.79764
_1351_, 152.415, 73.44, 1.79764
_1782_, 152.415, 73.44, 1.79764
_1783_, 152.415, 73.44, 1.79764
_1816_, 152.415, 73.44, 1.79764
_1874_, 152.415, 73.44, 1.79764
_1875_, 152.415, 73.44, 1.79764
_1311_, 152.415, 68, 1.79763
_1323_, 152.415, 68, 1.79763
_1324_, 152.415, 68, 1.79763
_1878_, 152.415, 68, 1.79763
_1884_, 152.415, 68, 1.79763
_1885_, 152.415, 68, 1.79763
_1887_, 152.415, 68, 1.79763
FILLER_0_20_309, 152.415, 68, 1.79763
FILLER_0_20_318, 152.415, 68, 1.79763
FILLER_0_21_318, 152.415, 68, 1.79763
_1881_, 152.415, 62.56, 1.79757
_1886_, 152.415, 62.56, 1.79757
_2208_, 152.415, 62.56, 1.79757
hold92, 152.415, 62.56, 1.79757
_2145_, 152.415, 57.12, 1.79745
hold196, 152.415, 57.12, 1.79745
FILLER_0_16_317, 152.415, 57.12, 1.79745
FILLER_0_17_311, 152.415, 57.12, 1.79745
FILLER_0_18_321, 152.415, 57.12, 1.79745
FILLER_0_18_329, 152.415, 57.12, 1.79745
_1731_, 152.415, 51.68, 1.79738
_2140_, 152.415, 51.68, 1.79738
hold33, 152.415, 51.68, 1.79738
hold34, 152.415, 51.68, 1.79738
FILLER_0_14_309, 152.415, 51.68, 1.79738
FILLER_0_14_316, 152.415, 51.68, 1.79738
FILLER_0_15_325, 152.415, 51.68, 1.79738
FILLER_0_16_328, 152.415, 51.68, 1.79738
_1628_, 152.415, 46.24, 1.79727
_1729_, 152.415, 46.24, 1.79727
_1730_, 152.415, 46.24, 1.79727
_1743_, 152.415, 46.24, 1.79727
hold108, 152.415, 46.24, 1.79727
FILLER_0_12_309, 152.415, 46.24, 1.79727
FILLER_0_13_310, 152.415, 46.24, 1.79727
FILLER_0_13_326, 152.415, 46.24, 1.79727
_1726_, 152.415, 40.8, 1.79719
_2139_, 152.415, 40.8, 1.79719
clkbuf_leaf_20_clk, 152.415, 40.8, 1.79719
hold197, 152.415, 40.8, 1.79719
hold198, 152.415, 40.8, 1.79719
FILLER_0_10_309, 152.415, 40.8, 1.79719
_1711_, 152.415, 35.36, 1.79718
_1727_, 152.415, 35.36, 1.79718
clkbuf_leaf_21_clk, 152.415, 35.36, 1.79718
FILLER_0_9_314, 152.415, 35.36, 1.79718
_1712_, 152.415, 29.92, 1.79718
_1715_, 152.415, 29.92, 1.79718
_2134_, 152.415, 29.92, 1.79718
hold14, 152.415, 29.92, 1.79718
hold15, 152.415, 29.92, 1.79718
_1709_, 152.415, 24.48, 1.79725
_1714_, 152.415, 24.48, 1.79725
_2135_, 152.415, 24.48, 1.79725
FILLER_0_5_324, 152.415, 24.48, 1.79725
FILLER_0_5_330, 152.415, 24.48, 1.79725
FILLER_0_3_329, 152.415, 19.04, 1.79736
input1, 152.415, 13.6, 1.79736
FILLER_0_0_321, 152.415, 13.6, 1.79736
FILLER_0_1_329, 152.415, 13.6, 1.79736
FILLER_0_60_219, 110.445, 176.8, 1.79826
FILLER_0_60_225, 110.445, 176.8, 1.79826
_1373_, 110.445, 171.36, 1.79819
_1374_, 110.445, 171.36, 1.79819
_1377_, 110.445, 171.36, 1.79819
_2042_, 110.445, 171.36, 1.79819
FILLER_0_59_225, 110.445, 171.36, 1.79819
_1372_, 110.445, 165.92, 1.79822
_1378_, 110.445, 165.92, 1.79822
_1379_, 110.445, 165.92, 1.79822
_1380_, 110.445, 165.92, 1.79822
_1370_, 110.445, 160.48, 1.79811
_1371_, 110.445, 160.48, 1.79811
_2041_, 110.445, 160.48, 1.79811
_2044_, 110.445, 160.48, 1.79811
clkbuf_leaf_11_clk, 110.445, 160.48, 1.79811
_1369_, 110.445, 155.04, 1.7982
FILLER_0_53_220, 110.445, 155.04, 1.7982
FILLER_0_53_234, 110.445, 155.04, 1.7982
_1804_, 110.445, 149.6, 1.79822
_1805_, 110.445, 149.6, 1.79822
_2182_, 110.445, 149.6, 1.79822
FILLER_0_51_217, 110.445, 149.6, 1.79822
_1790_, 110.445, 144.16, 1.79829
_1807_, 110.445, 144.16, 1.79829
_1808_, 110.445, 144.16, 1.79829
_1809_, 110.445, 144.16, 1.79829
hold110, 110.445, 144.16, 1.79829
FILLER_0_49_220, 110.445, 144.16, 1.79829
FILLER_0_49_234, 110.445, 144.16, 1.79829
_1811_, 110.445, 138.72, 1.79829
_2177_, 110.445, 138.72, 1.79829
hold126, 110.445, 138.72, 1.79829
_1810_, 110.445, 133.28, 1.79844
FILLER_0_45_221, 110.445, 133.28, 1.79844
_1483_, 110.445, 127.84, 1.79853
_1813_, 110.445, 127.84, 1.79853
_1814_, 110.445, 127.84, 1.79853
_2073_, 110.445, 127.84, 1.79853
hold101, 110.445, 127.84, 1.79853
_1415_, 110.445, 122.4, 1.79856
_1497_, 110.445, 122.4, 1.79856
_1498_, 110.445, 122.4, 1.79856
_2074_, 110.445, 122.4, 1.79856
FILLER_0_42_237, 110.445, 122.4, 1.79856
_1496_, 110.445, 116.96, 1.79867
_2051_, 110.445, 116.96, 1.79867
_2096_, 110.445, 116.96, 1.79867
hold94, 110.445, 116.96, 1.79867
_1416_, 110.445, 111.52, 1.79867
_1575_, 110.445, 111.52, 1.79867
_2099_, 110.445, 111.52, 1.79867
FILLER_0_36_219, 110.445, 111.52, 1.79867
FILLER_0_38_236, 110.445, 111.52, 1.79867
_1381_, 110.445, 106.08, 1.79844
_1585_, 110.445, 106.08, 1.79844
_2098_, 110.445, 106.08, 1.79844
FILLER_0_35_225, 110.445, 106.08, 1.79844
FILLER_0_35_234, 110.445, 106.08, 1.79844
_1355_, 110.445, 100.64, 1.79824
_1401_, 110.445, 100.64, 1.79824
_1580_, 110.445, 100.64, 1.79824
_1642_, 110.445, 100.64, 1.79824
FILLER_0_33_220, 110.445, 100.64, 1.79824
_1641_, 110.445, 95.2, 1.79815
_2117_, 110.445, 95.2, 1.79815
FILLER_0_31_219, 110.445, 95.2, 1.79815
_1640_, 110.445, 89.76, 1.798
_2009_, 110.445, 89.76, 1.798
_2010_, 110.445, 89.76, 1.798
_2292_, 110.445, 89.76, 1.798
hold141, 110.445, 89.76, 1.798
hold180, 110.445, 89.76, 1.798
_2011_, 110.445, 84.32, 1.79781
_2034_, 110.445, 84.32, 1.79781
_2293_, 110.445, 84.32, 1.79781
FILLER_0_26_226, 110.445, 84.32, 1.79781
_1647_, 110.445, 78.88, 1.79767
_1648_, 110.445, 78.88, 1.79767
_2007_, 110.445, 78.88, 1.79767
_2119_, 110.445, 78.88, 1.79767
FILLER_0_26_234, 110.445, 78.88, 1.79767
_1341_, 110.445, 73.44, 1.79774
_1651_, 110.445, 73.44, 1.79774
_2036_, 110.445, 73.44, 1.79774
FILLER_0_23_225, 110.445, 73.44, 1.79774
FILLER_0_23_233, 110.445, 73.44, 1.79774
FILLER_0_23_239, 110.445, 73.44, 1.79774
_1343_, 110.445, 68, 1.79768
FILLER_0_20_226, 110.445, 68, 1.79768
FILLER_0_21_221, 110.445, 68, 1.79768
_1344_, 110.445, 62.56, 1.7976
_1657_, 110.445, 62.56, 1.7976
_2030_, 110.445, 62.56, 1.7976
_2037_, 110.445, 62.56, 1.7976
_2122_, 110.445, 62.56, 1.7976
FILLER_0_19_231, 110.445, 62.56, 1.7976
FILLER_0_19_238, 110.445, 62.56, 1.7976
_1656_, 110.445, 57.12, 1.79751
_2023_, 110.445, 57.12, 1.79751
_2125_, 110.445, 57.12, 1.79751
_1671_, 110.445, 51.68, 1.79738
_2008_, 110.445, 51.68, 1.79738
_2026_, 110.445, 51.68, 1.79738
_2029_, 110.445, 51.68, 1.79738
hold218, 110.445, 51.68, 1.79738
_2127_, 110.445, 46.24, 1.79739
FILLER_0_13_237, 110.445, 46.24, 1.79739
FILLER_0_14_231, 110.445, 46.24, 1.79739
FILLER_0_14_239, 110.445, 46.24, 1.79739
_1597_, 110.445, 40.8, 1.79738
_1599_, 110.445, 40.8, 1.79738
_1682_, 110.445, 40.8, 1.79738
_1685_, 110.445, 40.8, 1.79738
hold38, 110.445, 40.8, 1.79738
FILLER_0_11_239, 110.445, 40.8, 1.79738
FILLER_0_12_238, 110.445, 40.8, 1.79738
_1309_, 110.445, 35.36, 1.79733
_2031_, 110.445, 35.36, 1.79733
_2126_, 110.445, 35.36, 1.79733
hold27, 110.445, 35.36, 1.79733
hold29, 110.445, 35.36, 1.79733
clkbuf_leaf_22_clk, 110.445, 29.92, 1.79724
_1590_, 110.445, 24.48, 1.79729
_2102_, 110.445, 24.48, 1.79729
hold7, 110.445, 24.48, 1.79729
FILLER_0_5_221, 110.445, 24.48, 1.79729
_1305_, 110.445, 19.04, 1.79737
hold5, 110.445, 19.04, 1.79737
hold6, 110.445, 19.04, 1.79737
hold8, 110.445, 19.04, 1.79737
_1586_, 110.445, 13.6, 1.79737
_1587_, 110.445, 13.6, 1.79737
_1588_, 110.445, 13.6, 1.79737
_2100_, 110.445, 13.6, 1.79737
FILLER_0_0_221, 110.445, 13.6, 1.79737
FILLER_0_1_220, 110.445, 13.6, 1.79737
FILLER_0_60_133, 68.475, 176.8, 1.79816
_1909_, 68.475, 171.36, 1.79811
FILLER_0_56_130, 68.475, 165.92, 1.79809
_1910_, 68.475, 160.48, 1.79805
FILLER_0_54_134, 68.475, 160.48, 1.79805
_1294_, 68.475, 155.04, 1.7981
_1911_, 68.475, 155.04, 1.7981
FILLER_0_52_134, 68.475, 155.04, 1.7981
_1295_, 68.475, 149.6, 1.79814
_2259_, 68.475, 149.6, 1.79814
hold123, 68.475, 149.6, 1.79814
_1293_, 68.475, 144.16, 1.79813
_1912_, 68.475, 144.16, 1.79813
_1913_, 68.475, 144.16, 1.79813
FILLER_0_48_128, 68.475, 144.16, 1.79813
FILLER_0_48_137, 68.475, 138.72, 1.79814
_1915_, 68.475, 133.28, 1.79816
_2055_, 68.475, 133.28, 1.79816
hold106, 68.475, 133.28, 1.79816
hold191, 68.475, 133.28, 1.79816
FILLER_0_44_136, 68.475, 133.28, 1.79816
FILLER_0_45_136, 68.475, 133.28, 1.79816
_1427_, 68.475, 127.84, 1.79824
_1430_, 68.475, 127.84, 1.79824
_1431_, 68.475, 127.84, 1.79824
FILLER_0_43_131, 68.475, 127.84, 1.79824
_1082_, 68.475, 122.4, 1.79815
_1764_, 68.475, 122.4, 1.79815
_2054_, 68.475, 122.4, 1.79815
clkbuf_leaf_8_clk, 68.475, 122.4, 1.79815
FILLER_0_40_134, 68.475, 122.4, 1.79815
FILLER_0_41_135, 68.475, 122.4, 1.79815
_1426_, 68.475, 116.96, 1.79828
_2053_, 68.475, 116.96, 1.79828
hold157, 68.475, 116.96, 1.79828
FILLER_0_39_132, 68.475, 116.96, 1.79828
FILLER_0_40_141, 68.475, 116.96, 1.79828
_1423_, 68.475, 111.52, 1.79823
_2062_, 68.475, 111.52, 1.79823
FILLER_0_38_137, 68.475, 111.52, 1.79823
FILLER_0_38_141, 68.475, 111.52, 1.79823
_1454_, 68.475, 106.08, 1.79808
_1758_, 68.475, 106.08, 1.79808
FILLER_0_34_136, 68.475, 106.08, 1.79808
FILLER_0_35_141, 68.475, 106.08, 1.79808
_1458_, 68.475, 100.64, 1.79794
_1459_, 68.475, 100.64, 1.79794
clkbuf_leaf_1_clk, 68.475, 100.64, 1.79794
FILLER_0_32_132, 68.475, 100.64, 1.79794
FILLER_0_34_147, 68.475, 100.64, 1.79794
_1456_, 68.475, 95.2, 1.79787
_1457_, 68.475, 95.2, 1.79787
_1460_, 68.475, 95.2, 1.79787
_1461_, 68.475, 95.2, 1.79787
_1465_, 68.475, 95.2, 1.79787
hold115, 68.475, 95.2, 1.79787
hold206, 68.475, 95.2, 1.79787
_1358_, 68.475, 89.76, 1.79781
_1463_, 68.475, 89.76, 1.79781
_1467_, 68.475, 89.76, 1.79781
hold114, 68.475, 89.76, 1.79781
_1359_, 68.475, 84.32, 1.79764
_1468_, 68.475, 84.32, 1.79764
hold88, 68.475, 84.32, 1.79764
hold213, 68.475, 84.32, 1.79764
_1453_, 68.475, 78.88, 1.79765
_1466_, 68.475, 78.88, 1.79765
_1469_, 68.475, 78.88, 1.79765
_2061_, 68.475, 78.88, 1.79765
hold130, 68.475, 78.88, 1.79765
FILLER_0_24_136, 68.475, 78.88, 1.79765
FILLER_0_25_135, 68.475, 78.88, 1.79765
_1219_, 68.475, 73.44, 1.79761
_2231_, 68.475, 73.44, 1.79761
_2234_, 68.475, 73.44, 1.79761
hold129, 68.475, 73.44, 1.79761
FILLER_0_22_131, 68.475, 73.44, 1.79761
_1128_, 68.475, 68, 1.7976
_1216_, 68.475, 68, 1.7976
_1221_, 68.475, 68, 1.7976
FILLER_0_21_134, 68.475, 68, 1.7976
_1212_, 68.475, 62.56, 1.79755
_2232_, 68.475, 62.56, 1.79755
hold48, 68.475, 62.56, 1.79755
FILLER_0_18_136, 68.475, 62.56, 1.79755
FILLER_0_19_136, 68.475, 62.56, 1.79755
_1202_, 68.475, 57.12, 1.79739
_1214_, 68.475, 57.12, 1.79739
FILLER_0_17_139, 68.475, 57.12, 1.79739
FILLER_0_18_141, 68.475, 57.12, 1.79739
_1147_, 68.475, 51.68, 1.79734
clkbuf_leaf_25_clk, 68.475, 51.68, 1.79734
hold82, 68.475, 51.68, 1.79734
hold89, 68.475, 51.68, 1.79734
_1154_, 68.475, 46.24, 1.7974
_1197_, 68.475, 46.24, 1.7974
_2226_, 68.475, 46.24, 1.7974
FILLER_0_12_134, 68.475, 46.24, 1.7974
FILLER_0_13_133, 68.475, 46.24, 1.7974
FILLER_0_14_137, 68.475, 46.24, 1.7974
FILLER_0_14_145, 68.475, 46.24, 1.7974
_1130_, 68.475, 40.8, 1.79739
_1133_, 68.475, 40.8, 1.79739
hold39, 68.475, 40.8, 1.79739
_1158_, 68.475, 35.36, 1.79731
_1180_, 68.475, 35.36, 1.79731
_2221_, 68.475, 35.36, 1.79731
FILLER_0_8_134, 68.475, 35.36, 1.79731
FILLER_0_9_135, 68.475, 35.36, 1.79731
FILLER_0_10_137, 68.475, 35.36, 1.79731
_1179_, 68.475, 29.92, 1.79733
_1181_, 68.475, 29.92, 1.79733
FILLER_0_6_126, 68.475, 29.92, 1.79733
FILLER_0_6_134, 68.475, 29.92, 1.79733
FILLER_0_7_147, 68.475, 29.92, 1.79733
_1168_, 68.475, 24.48, 1.79725
_1177_, 68.475, 24.48, 1.79725
_2220_, 68.475, 24.48, 1.79725
clkbuf_leaf_26_clk, 68.475, 24.48, 1.79725
FILLER_0_4_133, 68.475, 24.48, 1.79725
_1169_, 68.475, 19.04, 1.79734
_1171_, 68.475, 19.04, 1.79734
_1172_, 68.475, 19.04, 1.79734
_1175_, 68.475, 19.04, 1.79734
_1182_, 68.475, 19.04, 1.79734
hold124, 68.475, 19.04, 1.79734
_1176_, 68.475, 13.6, 1.79735
_2218_, 68.475, 13.6, 1.79735
hold153, 68.475, 13.6, 1.79735
FILLER_0_0_137, 68.475, 13.6, 1.79735
_1260_, 26.505, 171.36, 1.79804
FILLER_0_59_39, 26.505, 171.36, 1.79804
FILLER_0_59_57, 26.505, 171.36, 1.79804
FILLER_0_60_53, 26.505, 171.36, 1.79804
_1256_, 26.505, 165.92, 1.79793
_1258_, 26.505, 165.92, 1.79793
_1259_, 26.505, 165.92, 1.79793
_1901_, 26.505, 165.92, 1.79793
_2250_, 26.505, 165.92, 1.79793
clkbuf_leaf_5_clk, 26.505, 165.92, 1.79793
_1254_, 26.505, 160.48, 1.79799
_1257_, 26.505, 160.48, 1.79799
_1262_, 26.505, 160.48, 1.79799
_1900_, 26.505, 160.48, 1.79799
FILLER_0_55_38, 26.505, 160.48, 1.79799
_1250_, 26.505, 155.04, 1.79801
_1251_, 26.505, 155.04, 1.79801
_1253_, 26.505, 155.04, 1.79801
_1255_, 26.505, 155.04, 1.79801
hold137, 26.505, 155.04, 1.79801
_1236_, 26.505, 149.6, 1.79802
_1252_, 26.505, 149.6, 1.79802
hold57, 26.505, 149.6, 1.79802
hold58, 26.505, 149.6, 1.79802
hold117, 26.505, 149.6, 1.79802
FILLER_0_51_43, 26.505, 149.6, 1.79802
_1894_, 26.505, 144.16, 1.79791
_2242_, 26.505, 144.16, 1.79791
_2247_, 26.505, 144.16, 1.79791
clkbuf_leaf_4_clk, 26.505, 144.16, 1.79791
_1235_, 26.505, 138.72, 1.79799
_1891_, 26.505, 138.72, 1.79799
_2240_, 26.505, 138.72, 1.79799
FILLER_0_47_44, 26.505, 138.72, 1.79799
FILLER_0_47_53, 26.505, 138.72, 1.79799
FILLER_0_47_57, 26.505, 138.72, 1.79799
_1055_, 26.505, 133.28, 1.79802
_1893_, 26.505, 133.28, 1.79802
hold83, 26.505, 133.28, 1.79802
hold166, 26.505, 133.28, 1.79802
FILLER_0_44_38, 26.505, 133.28, 1.79802
FILLER_0_45_35, 26.505, 133.28, 1.79802
FILLER_0_45_52, 26.505, 133.28, 1.79802
FILLER_0_45_57, 26.505, 133.28, 1.79802
_1048_, 26.505, 127.84, 1.79805
_1060_, 26.505, 127.84, 1.79805
_1769_, 26.505, 127.84, 1.79805
_2172_, 26.505, 127.84, 1.79805
_2239_, 26.505, 127.84, 1.79805
_1049_, 26.505, 122.4, 1.79799
_1050_, 26.505, 122.4, 1.79799
_1054_, 26.505, 122.4, 1.79799
_1775_, 26.505, 122.4, 1.79799
FILLER_0_41_53, 26.505, 122.4, 1.79799
FILLER_0_41_57, 26.505, 122.4, 1.79799
_1051_, 26.505, 116.96, 1.7981
_1052_, 26.505, 116.96, 1.7981
_1053_, 26.505, 116.96, 1.7981
_2173_, 26.505, 116.96, 1.7981
FILLER_0_39_39, 26.505, 116.96, 1.7981
_1066_, 26.505, 111.52, 1.79799
_1069_, 26.505, 111.52, 1.79799
_1771_, 26.505, 111.52, 1.79799
_2167_, 26.505, 111.52, 1.79799
hold199, 26.505, 111.52, 1.79799
FILLER_0_37_43, 26.505, 111.52, 1.79799
FILLER_0_37_57, 26.505, 111.52, 1.79799
FILLER_0_38_48, 26.505, 111.52, 1.79799
_1070_, 26.505, 106.08, 1.79791
_1770_, 26.505, 106.08, 1.79791
hold209, 26.505, 106.08, 1.79791
FILLER_0_35_39, 26.505, 106.08, 1.79791
FILLER_0_35_57, 26.505, 106.08, 1.79791
_1038_, 26.505, 100.64, 1.79786
_1116_, 26.505, 100.64, 1.79786
_1749_, 26.505, 100.64, 1.79786
FILLER_0_33_51, 26.505, 100.64, 1.79786
FILLER_0_33_57, 26.505, 100.64, 1.79786
_1015_, 26.505, 95.2, 1.79781
_1037_, 26.505, 95.2, 1.79781
_1114_, 26.505, 95.2, 1.79781
_1115_, 26.505, 95.2, 1.79781
_2150_, 26.505, 95.2, 1.79781
FILLER_0_31_57, 26.505, 95.2, 1.79781
FILLER_0_29_45, 26.505, 89.76, 1.79778
FILLER_0_29_53, 26.505, 89.76, 1.79778
FILLER_0_29_57, 26.505, 89.76, 1.79778
FILLER_0_30_54, 26.505, 89.76, 1.79778
_1039_, 26.505, 84.32, 1.79761
_1110_, 26.505, 84.32, 1.79761
_2152_, 26.505, 84.32, 1.79761
hold163, 26.505, 84.32, 1.79761
hold208, 26.505, 84.32, 1.79761
FILLER_0_27_53, 26.505, 84.32, 1.79761
_1310_, 26.505, 78.88, 1.79767
_1753_, 26.505, 78.88, 1.79767
_2006_, 26.505, 78.88, 1.79767
FILLER_0_25_46, 26.505, 78.88, 1.79767
_1989_, 26.505, 73.44, 1.79756
_1990_, 26.505, 73.44, 1.79756
_2286_, 26.505, 73.44, 1.79756
FILLER_0_23_39, 26.505, 73.44, 1.79756
FILLER_0_23_51, 26.505, 73.44, 1.79756
_1985_, 26.505, 68, 1.79756
_1987_, 26.505, 68, 1.79756
_1922_, 26.505, 62.56, 1.79745
_1982_, 26.505, 62.56, 1.79745
_1983_, 26.505, 62.56, 1.79745
_1984_, 26.505, 62.56, 1.79745
hold138, 26.505, 62.56, 1.79745
FILLER_0_18_39, 26.505, 62.56, 1.79745
_1981_, 26.505, 57.12, 1.79733
_2283_, 26.505, 57.12, 1.79733
_2284_, 26.505, 57.12, 1.79733
_1979_, 26.505, 51.68, 1.7974
FILLER_0_14_41, 26.505, 51.68, 1.7974
FILLER_0_15_46, 26.505, 51.68, 1.7974
_1933_, 26.505, 46.24, 1.79739
_1976_, 26.505, 46.24, 1.79739
_1977_, 26.505, 46.24, 1.79739
_2282_, 26.505, 46.24, 1.79739
hold97, 26.505, 46.24, 1.79739
FILLER_0_13_57, 26.505, 46.24, 1.79739
FILLER_0_14_52, 26.505, 46.24, 1.79739
_1142_, 26.505, 40.8, 1.79738
FILLER_0_11_57, 26.505, 40.8, 1.79738
_1939_, 26.505, 35.36, 1.79723
_1940_, 26.505, 35.36, 1.79723
_2279_, 26.505, 35.36, 1.79723
hold64, 26.505, 35.36, 1.79723
hold121, 26.505, 35.36, 1.79723
FILLER_0_9_49, 26.505, 35.36, 1.79723
_1950_, 26.505, 29.92, 1.79731
_1951_, 26.505, 29.92, 1.79731
_1953_, 26.505, 29.92, 1.79731
_1954_, 26.505, 29.92, 1.79731
_1969_, 26.505, 29.92, 1.79731
_2274_, 26.505, 29.92, 1.79731
hold146, 26.505, 29.92, 1.79731
FILLER_0_7_36, 26.505, 29.92, 1.79731
_1141_, 26.505, 24.48, 1.79731
_1946_, 26.505, 24.48, 1.79731
_1948_, 26.505, 24.48, 1.79731
_1952_, 26.505, 24.48, 1.79731
_1955_, 26.505, 24.48, 1.79731
hold133, 26.505, 24.48, 1.79731
_2275_, 26.505, 19.04, 1.79734
FILLER_0_3_51, 26.505, 19.04, 1.79734
FILLER_0_0_53, 26.505, 13.6, 1.79737
FILLER_0_1_51, 26.505, 13.6, 1.79737
PHY_120, 5.52, 176.8, 1.79807
PHY_121, 173.42, 176.8, 1.79825
FILLER_0_60_109, 57.982, 176.8, 1.79813
FILLER_0_60_249, 120.937, 176.8, 1.79826
FILLER_0_60_333, 162.917, 176.8, 1.79825
PHY_116, 5.52, 171.36, 1.79804
PHY_118, 5.52, 171.36, 1.79804
PHY_117, 173.42, 171.36, 1.79823
PHY_119, 173.42, 171.36, 1.79823
FILLER_0_58_357, 173.42, 171.36, 1.79823
_1269_, 36.997, 171.36, 1.79803
_1903_, 36.997, 171.36, 1.79803
_2252_, 36.997, 171.36, 1.79803
hold76, 36.997, 171.36, 1.79803
FILLER_0_60_72, 36.997, 171.36, 1.79803
_1905_, 47.49, 171.36, 1.79804
_2255_, 47.49, 171.36, 1.79804
hold203, 47.49, 171.36, 1.79804
_1277_, 57.982, 171.36, 1.79807
_1908_, 57.982, 171.36, 1.79807
output5, 57.982, 171.36, 1.79807
FILLER_0_59_164, 78.967, 171.36, 1.79811
FILLER_0_59_169, 78.967, 171.36, 1.79811
FILLER_0_60_165, 78.967, 171.36, 1.79811
_2110_, 89.46, 171.36, 1.7981
FILLER_0_58_177, 89.46, 171.36, 1.7981
FILLER_0_59_177, 89.46, 171.36, 1.7981
FILLER_0_60_193, 89.46, 171.36, 1.7981
_1376_, 99.952, 171.36, 1.79812
_1608_, 99.952, 171.36, 1.79812
_2109_, 99.952, 171.36, 1.79812
hold161, 99.952, 171.36, 1.79812
hold178, 99.952, 171.36, 1.79812
FILLER_0_60_209, 99.952, 171.36, 1.79812
_1797_, 120.937, 171.36, 1.79818
_2179_, 120.937, 171.36, 1.79818
hold118, 131.43, 171.36, 1.79819
FILLER_0_60_277, 131.43, 171.36, 1.79819
FILLER_0_60_305, 141.922, 171.36, 1.79821
PHY_112, 5.52, 165.92, 1.79791
PHY_114, 5.52, 165.92, 1.79791
input3, 5.52, 165.92, 1.79791
PHY_113, 173.42, 165.92, 1.79824
PHY_115, 173.42, 165.92, 1.79824
FILLER_0_56_357, 173.42, 165.92, 1.79824
_1898_, 16.012, 165.92, 1.79792
_2249_, 16.012, 165.92, 1.79792
FILLER_0_56_15, 16.012, 165.92, 1.79792
_1263_, 36.997, 165.92, 1.79794
_1266_, 36.997, 165.92, 1.79794
_1904_, 36.997, 165.92, 1.79794
_2251_, 36.997, 165.92, 1.79794
hold91, 36.997, 165.92, 1.79794
FILLER_0_57_70, 36.997, 165.92, 1.79794
FILLER_0_58_73, 36.997, 165.92, 1.79794
_1026_, 47.49, 165.92, 1.79797
_1276_, 47.49, 165.92, 1.79797
_1280_, 47.49, 165.92, 1.79797
hold98, 47.49, 165.92, 1.79797
FILLER_0_56_85, 47.49, 165.92, 1.79797
_1278_, 57.982, 165.92, 1.79801
_1279_, 57.982, 165.92, 1.79801
_1281_, 57.982, 165.92, 1.79801
_1282_, 57.982, 165.92, 1.79801
_2256_, 57.982, 165.92, 1.79801
FILLER_0_56_112, 57.982, 165.92, 1.79801
FILLER_0_57_164, 78.967, 165.92, 1.7981
FILLER_0_57_169, 78.967, 165.92, 1.7981
_1610_, 89.46, 165.92, 1.79811
_1611_, 89.46, 165.92, 1.79811
_1614_, 89.46, 165.92, 1.79811
_2111_, 89.46, 165.92, 1.79811
FILLER_0_57_180, 89.46, 165.92, 1.79811
FILLER_0_58_189, 89.46, 165.92, 1.79811
_1375_, 99.952, 165.92, 1.79815
_1606_, 99.952, 165.92, 1.79815
_1607_, 99.952, 165.92, 1.79815
_2043_, 99.952, 165.92, 1.79815
FILLER_0_56_197, 99.952, 165.92, 1.79815
FILLER_0_57_196, 99.952, 165.92, 1.79815
FILLER_0_58_208, 99.952, 165.92, 1.79815
_1792_, 120.937, 165.92, 1.79822
_1795_, 120.937, 165.92, 1.79822
_1796_, 120.937, 165.92, 1.79822
FILLER_0_57_255, 120.937, 165.92, 1.79822
hold122, 131.43, 165.92, 1.79822
FILLER_0_57_269, 131.43, 165.92, 1.79822
FILLER_0_57_277, 131.43, 165.92, 1.79822
_2246_, 5.52, 160.48, 1.79792
PHY_108, 5.52, 160.48, 1.79792
PHY_110, 5.52, 160.48, 1.79792
FILLER_0_55_3, 5.52, 160.48, 1.79792
PHY_109, 173.42, 160.48, 1.79815
PHY_111, 173.42, 160.48, 1.79815
FILLER_0_55_357, 173.42, 160.48, 1.79815
_1248_, 16.012, 160.48, 1.79795
hold30, 16.012, 160.48, 1.79795
FILLER_0_54_15, 16.012, 160.48, 1.79795
FILLER_0_56_23, 16.012, 160.48, 1.79795
FILLER_0_56_29, 16.012, 160.48, 1.79795
_1027_, 36.997, 160.48, 1.79797
_1264_, 36.997, 160.48, 1.79797
_1265_, 36.997, 160.48, 1.79797
_1267_, 36.997, 160.48, 1.79797
FILLER_0_55_64, 36.997, 160.48, 1.79797
_1268_, 47.49, 160.48, 1.79795
_1270_, 47.49, 160.48, 1.79795
_1271_, 47.49, 160.48, 1.79795
_2253_, 47.49, 160.48, 1.79795
hold135, 47.49, 160.48, 1.79795
FILLER_0_55_86, 47.49, 160.48, 1.79795
_1283_, 57.982, 160.48, 1.79795
_2257_, 57.982, 160.48, 1.79795
clkbuf_leaf_6_clk, 57.982, 160.48, 1.79795
hold212, 57.982, 160.48, 1.79795
FILLER_0_55_113, 57.982, 160.48, 1.79795
FILLER_0_55_165, 78.967, 160.48, 1.79804
FILLER_0_55_169, 78.967, 160.48, 1.79804
FILLER_0_56_165, 78.967, 160.48, 1.79804
_1609_, 89.46, 160.48, 1.79803
_1613_, 89.46, 160.48, 1.79803
_1617_, 89.46, 160.48, 1.79803
hold171, 89.46, 160.48, 1.79803
hold175, 89.46, 160.48, 1.79803
FILLER_0_54_176, 89.46, 160.48, 1.79803
_1601_, 99.952, 160.48, 1.79805
_1604_, 99.952, 160.48, 1.79805
_1605_, 99.952, 160.48, 1.79805
_2108_, 99.952, 160.48, 1.79805
hold116, 99.952, 160.48, 1.79805
FILLER_0_54_197, 99.952, 160.48, 1.79805
FILLER_0_55_196, 99.952, 160.48, 1.79805
FILLER_0_56_211, 99.952, 160.48, 1.79805
_1787_, 120.937, 160.48, 1.79808
_1794_, 120.937, 160.48, 1.79808
_1798_, 120.937, 160.48, 1.79808
_2178_, 120.937, 160.48, 1.79808
FILLER_0_56_256, 120.937, 160.48, 1.79808
_1800_, 131.43, 160.48, 1.79808
_2180_, 131.43, 160.48, 1.79808
hold125, 131.43, 160.48, 1.79808
_1569_, 141.922, 160.48, 1.79812
FILLER_0_56_303, 141.922, 160.48, 1.79812
_1560_, 162.917, 160.48, 1.79815
hold221, 162.917, 160.48, 1.79815
_2245_, 5.52, 155.04, 1.79794
PHY_104, 5.52, 155.04, 1.79794
PHY_106, 5.52, 155.04, 1.79794
PHY_105, 173.42, 155.04, 1.79809
PHY_107, 173.42, 155.04, 1.79809
FILLER_0_52_355, 173.42, 155.04, 1.79809
_1244_, 16.012, 155.04, 1.79796
_1246_, 16.012, 155.04, 1.79796
_1897_, 16.012, 155.04, 1.79796
_2248_, 16.012, 155.04, 1.79796
FILLER_0_52_16, 16.012, 155.04, 1.79796
FILLER_0_53_34, 16.012, 155.04, 1.79796
FILLER_0_54_29, 16.012, 155.04, 1.79796
_1261_, 36.997, 155.04, 1.79803
_1272_, 47.49, 155.04, 1.79804
_1273_, 47.49, 155.04, 1.79804
_1906_, 47.49, 155.04, 1.79804
FILLER_0_52_81, 47.49, 155.04, 1.79804
FILLER_0_53_81, 47.49, 155.04, 1.79804
FILLER_0_53_91, 47.49, 155.04, 1.79804
FILLER_0_53_98, 47.49, 155.04, 1.79804
_1068_, 57.982, 155.04, 1.79806
_1286_, 57.982, 155.04, 1.79806
_1287_, 57.982, 155.04, 1.79806
_1289_, 57.982, 155.04, 1.79806
_2258_, 57.982, 155.04, 1.79806
_2112_, 78.967, 155.04, 1.79806
FILLER_0_53_157, 78.967, 155.04, 1.79806
FILLER_0_53_165, 78.967, 155.04, 1.79806
FILLER_0_54_165, 78.967, 155.04, 1.79806
_1384_, 89.46, 155.04, 1.79804
_1612_, 89.46, 155.04, 1.79804
_2045_, 89.46, 155.04, 1.79804
clkbuf_leaf_7_clk, 89.46, 155.04, 1.79804
FILLER_0_53_185, 89.46, 155.04, 1.79804
_1382_, 99.952, 155.04, 1.79812
_1793_, 120.937, 155.04, 1.79813
_1799_, 120.937, 155.04, 1.79813
_1801_, 120.937, 155.04, 1.79813
_1803_, 120.937, 155.04, 1.79813
hold127, 120.937, 155.04, 1.79813
FILLER_0_52_245, 120.937, 155.04, 1.79813
FILLER_0_53_261, 120.937, 155.04, 1.79813
_1568_, 131.43, 155.04, 1.79808
_1570_, 131.43, 155.04, 1.79808
_1571_, 131.43, 155.04, 1.79808
_2094_, 131.43, 155.04, 1.79808
hold140, 131.43, 155.04, 1.79808
FILLER_0_53_281, 131.43, 155.04, 1.79808
_2093_, 141.922, 155.04, 1.79809
hold46, 141.922, 155.04, 1.79809
hold184, 141.922, 155.04, 1.79809
FILLER_0_54_305, 141.922, 155.04, 1.79809
_1563_, 162.917, 155.04, 1.79809
_2092_, 162.917, 155.04, 1.79809
FILLER_0_53_332, 162.917, 155.04, 1.79809
_1247_, 5.52, 149.6, 1.79799
PHY_100, 5.52, 149.6, 1.79799
PHY_102, 5.52, 149.6, 1.79799
FILLER_0_51_3, 5.52, 149.6, 1.79799
FILLER_0_52_3, 5.52, 149.6, 1.79799
PHY_101, 173.42, 149.6, 1.79798
PHY_103, 173.42, 149.6, 1.79798
FILLER_0_50_354, 173.42, 149.6, 1.79798
_1032_, 16.012, 149.6, 1.798
_1245_, 16.012, 149.6, 1.798
_1249_, 16.012, 149.6, 1.798
_1896_, 16.012, 149.6, 1.798
FILLER_0_51_15, 16.012, 149.6, 1.798
FILLER_0_51_32, 16.012, 149.6, 1.798
FILLER_0_52_34, 16.012, 149.6, 1.798
_1899_, 36.997, 149.6, 1.79803
_2254_, 36.997, 149.6, 1.79803
FILLER_0_50_68, 36.997, 149.6, 1.79803
FILLER_0_52_73, 36.997, 149.6, 1.79803
_1028_, 47.49, 149.6, 1.79806
_1030_, 47.49, 149.6, 1.79806
_1274_, 47.49, 149.6, 1.79806
FILLER_0_50_81, 47.49, 149.6, 1.79806
FILLER_0_51_98, 47.49, 149.6, 1.79806
FILLER_0_52_98, 47.49, 149.6, 1.79806
_1025_, 57.982, 149.6, 1.7981
_1284_, 57.982, 149.6, 1.7981
_1285_, 57.982, 149.6, 1.7981
_1288_, 57.982, 149.6, 1.7981
_1290_, 57.982, 149.6, 1.7981
FILLER_0_50_105, 57.982, 149.6, 1.7981
FILLER_0_51_106, 57.982, 149.6, 1.7981
FILLER_0_52_121, 57.982, 149.6, 1.7981
FILLER_0_51_160, 78.967, 149.6, 1.79815
FILLER_0_51_169, 78.967, 149.6, 1.79815
FILLER_0_52_165, 78.967, 149.6, 1.79815
_1385_, 89.46, 149.6, 1.79816
_1615_, 89.46, 149.6, 1.79816
_1616_, 89.46, 149.6, 1.79816
_1620_, 89.46, 149.6, 1.79816
FILLER_0_51_189, 89.46, 149.6, 1.79816
FILLER_0_52_193, 89.46, 149.6, 1.79816
_1383_, 99.952, 149.6, 1.79818
_1386_, 99.952, 149.6, 1.79818
_1387_, 99.952, 149.6, 1.79818
_2046_, 99.952, 149.6, 1.79818
_1802_, 120.937, 149.6, 1.7981
_1806_, 120.937, 149.6, 1.7981
_2181_, 120.937, 149.6, 1.7981
FILLER_0_51_250, 120.937, 149.6, 1.7981
_1572_, 131.43, 149.6, 1.79801
_2095_, 131.43, 149.6, 1.79801
clkbuf_leaf_12_clk, 131.43, 149.6, 1.79801
FILLER_0_52_277, 131.43, 149.6, 1.79801
_1492_, 141.922, 149.6, 1.79802
_1493_, 141.922, 149.6, 1.79802
_1566_, 141.922, 149.6, 1.79802
hold109, 141.922, 149.6, 1.79802
_1564_, 162.917, 149.6, 1.79798
clkbuf_leaf_13_clk, 162.917, 149.6, 1.79798
hold56, 162.917, 149.6, 1.79798
FILLER_0_51_341, 162.917, 149.6, 1.79798
FILLER_0_51_353, 162.917, 149.6, 1.79798
_2244_, 5.52, 144.16, 1.79783
PHY_96, 5.52, 144.16, 1.79783
PHY_98, 5.52, 144.16, 1.79783
FILLER_0_49_3, 5.52, 144.16, 1.79783
PHY_97, 173.42, 144.16, 1.79813
PHY_99, 173.42, 144.16, 1.79813
_1237_, 16.012, 144.16, 1.79786
_1238_, 16.012, 144.16, 1.79786
_1240_, 16.012, 144.16, 1.79786
_1242_, 16.012, 144.16, 1.79786
_1243_, 16.012, 144.16, 1.79786
hold25, 16.012, 144.16, 1.79786
FILLER_0_49_20, 16.012, 144.16, 1.79786
FILLER_0_50_23, 16.012, 144.16, 1.79786
_1231_, 36.997, 144.16, 1.79795
_1275_, 36.997, 144.16, 1.79795
_1892_, 36.997, 144.16, 1.79795
_1902_, 36.997, 144.16, 1.79795
_1907_, 36.997, 144.16, 1.79795
FILLER_0_49_65, 36.997, 144.16, 1.79795
_1031_, 47.49, 144.16, 1.798
_1034_, 47.49, 144.16, 1.798
_1035_, 47.49, 144.16, 1.798
_1058_, 47.49, 144.16, 1.798
_1071_, 47.49, 144.16, 1.798
FILLER_0_49_80, 47.49, 144.16, 1.798
FILLER_0_49_102, 47.49, 144.16, 1.798
_1024_, 57.982, 144.16, 1.79805
_1029_, 57.982, 144.16, 1.79805
_1291_, 57.982, 144.16, 1.79805
_1292_, 57.982, 144.16, 1.79805
_1296_, 57.982, 144.16, 1.79805
_1301_, 57.982, 144.16, 1.79805
_1303_, 57.982, 144.16, 1.79805
_2260_, 57.982, 144.16, 1.79805
FILLER_0_50_120, 57.982, 144.16, 1.79805
_2113_, 78.967, 144.16, 1.79813
FILLER_0_49_157, 78.967, 144.16, 1.79813
FILLER_0_49_165, 78.967, 144.16, 1.79813
FILLER_0_49_169, 78.967, 144.16, 1.79813
FILLER_0_50_163, 78.967, 144.16, 1.79813
_1618_, 89.46, 144.16, 1.79816
_1619_, 89.46, 144.16, 1.79816
hold154, 89.46, 144.16, 1.79816
FILLER_0_49_190, 89.46, 144.16, 1.79816
_1390_, 99.952, 144.16, 1.7982
_2047_, 99.952, 144.16, 1.7982
_2183_, 99.952, 144.16, 1.7982
FILLER_0_49_212, 99.952, 144.16, 1.7982
FILLER_0_50_206, 99.952, 144.16, 1.7982
_1534_, 120.937, 144.16, 1.7982
_2083_, 120.937, 144.16, 1.7982
hold149, 120.937, 144.16, 1.7982
FILLER_0_48_249, 120.937, 144.16, 1.7982
FILLER_0_50_253, 120.937, 144.16, 1.7982
_1532_, 131.43, 144.16, 1.79817
_1537_, 131.43, 144.16, 1.79817
_2084_, 131.43, 144.16, 1.79817
FILLER_0_49_274, 131.43, 144.16, 1.79817
FILLER_0_50_277, 131.43, 144.16, 1.79817
_1491_, 141.922, 144.16, 1.79817
_1536_, 141.922, 144.16, 1.79817
FILLER_0_48_292, 141.922, 144.16, 1.79817
FILLER_0_49_305, 141.922, 144.16, 1.79817
FILLER_0_50_300, 141.922, 144.16, 1.79817
_1542_, 162.917, 144.16, 1.79813
_1543_, 162.917, 144.16, 1.79813
_2085_, 162.917, 144.16, 1.79813
hold61, 162.917, 144.16, 1.79813
hold63, 162.917, 144.16, 1.79813
_2243_, 5.52, 138.72, 1.79794
PHY_92, 5.52, 138.72, 1.79794
PHY_94, 5.52, 138.72, 1.79794
PHY_93, 173.42, 138.72, 1.79816
PHY_95, 173.42, 138.72, 1.79816
FILLER_0_46_354, 173.42, 138.72, 1.79816
_1239_, 16.012, 138.72, 1.79796
_1895_, 16.012, 138.72, 1.79796
FILLER_0_48_33, 16.012, 138.72, 1.79796
_1033_, 36.997, 138.72, 1.79799
_1227_, 36.997, 138.72, 1.79799
_1230_, 36.997, 138.72, 1.79799
_1232_, 36.997, 138.72, 1.79799
_1233_, 36.997, 138.72, 1.79799
hold71, 36.997, 138.72, 1.79799
_1304_, 47.49, 138.72, 1.79801
_2263_, 47.49, 138.72, 1.79801
hold81, 47.49, 138.72, 1.79801
FILLER_0_46_85, 47.49, 138.72, 1.79801
FILLER_0_47_83, 47.49, 138.72, 1.79801
FILLER_0_48_98, 47.49, 138.72, 1.79801
_1300_, 57.982, 138.72, 1.79807
_1302_, 57.982, 138.72, 1.79807
hold107, 57.982, 138.72, 1.79807
FILLER_0_46_103, 57.982, 138.72, 1.79807
FILLER_0_47_118, 57.982, 138.72, 1.79807
_2114_, 78.967, 138.72, 1.79812
FILLER_0_47_165, 78.967, 138.72, 1.79812
_1389_, 89.46, 138.72, 1.79812
_1622_, 89.46, 138.72, 1.79812
_1623_, 89.46, 138.72, 1.79812
hold150, 89.46, 138.72, 1.79812
_1388_, 99.952, 138.72, 1.79814
_1393_, 99.952, 138.72, 1.79814
_1621_, 99.952, 138.72, 1.79814
_2184_, 99.952, 138.72, 1.79814
clkbuf_leaf_10_clk, 99.952, 138.72, 1.79814
FILLER_0_46_205, 99.952, 138.72, 1.79814
FILLER_0_47_203, 99.952, 138.72, 1.79814
_1503_, 120.937, 138.72, 1.7982
_1533_, 120.937, 138.72, 1.7982
_1791_, 120.937, 138.72, 1.7982
_2075_, 120.937, 138.72, 1.7982
FILLER_0_46_243, 120.937, 138.72, 1.7982
FILLER_0_48_253, 120.937, 138.72, 1.7982
_1540_, 131.43, 138.72, 1.79814
_2082_, 131.43, 138.72, 1.79814
FILLER_0_47_274, 131.43, 138.72, 1.79814
FILLER_0_47_281, 131.43, 138.72, 1.79814
FILLER_0_48_274, 131.43, 138.72, 1.79814
_1489_, 141.922, 138.72, 1.79812
_1528_, 141.922, 138.72, 1.79812
_1530_, 141.922, 138.72, 1.79812
_1555_, 141.922, 138.72, 1.79812
_2089_, 141.922, 138.72, 1.79812
FILLER_0_47_295, 141.922, 138.72, 1.79812
_1545_, 162.917, 138.72, 1.79816
_2086_, 162.917, 138.72, 1.79816
FILLER_0_47_353, 162.917, 138.72, 1.79816
_1241_, 5.52, 133.28, 1.79798
PHY_88, 5.52, 133.28, 1.79798
PHY_90, 5.52, 133.28, 1.79798
FILLER_0_46_3, 5.52, 133.28, 1.79798
PHY_89, 173.42, 133.28, 1.79822
PHY_91, 173.42, 133.28, 1.79822
_1234_, 16.012, 133.28, 1.79798
_2241_, 16.012, 133.28, 1.79798
FILLER_0_46_24, 16.012, 133.28, 1.79798
FILLER_0_46_29, 16.012, 133.28, 1.79798
_1228_, 36.997, 133.28, 1.79802
_1229_, 36.997, 133.28, 1.79802
hold95, 36.997, 133.28, 1.79802
hold96, 36.997, 133.28, 1.79802
FILLER_0_46_78, 36.997, 133.28, 1.79802
_1916_, 47.49, 133.28, 1.79804
_2238_, 47.49, 133.28, 1.79804
hold47, 47.49, 133.28, 1.79804
_1297_, 57.982, 133.28, 1.79808
_1299_, 57.982, 133.28, 1.79808
_1914_, 57.982, 133.28, 1.79808
_2261_, 57.982, 133.28, 1.79808
_2262_, 57.982, 133.28, 1.79808
FILLER_0_45_103, 57.982, 133.28, 1.79808
hold222, 78.967, 133.28, 1.7982
FILLER_0_45_169, 78.967, 133.28, 1.7982
FILLER_0_46_168, 78.967, 133.28, 1.7982
_1391_, 89.46, 133.28, 1.79824
_1624_, 89.46, 133.28, 1.79824
_1625_, 89.46, 133.28, 1.79824
_2115_, 89.46, 133.28, 1.79824
hold142, 89.46, 133.28, 1.79824
FILLER_0_46_193, 89.46, 133.28, 1.79824
_1392_, 99.952, 133.28, 1.79833
_1812_, 99.952, 133.28, 1.79833
_2048_, 99.952, 133.28, 1.79833
split3, 99.952, 133.28, 1.79833
FILLER_0_45_213, 99.952, 133.28, 1.79833
FILLER_0_46_213, 99.952, 133.28, 1.79833
_1501_, 120.937, 133.28, 1.79834
_1502_, 120.937, 133.28, 1.79834
hold174, 120.937, 133.28, 1.79834
FILLER_0_45_246, 120.937, 133.28, 1.79834
FILLER_0_46_260, 120.937, 133.28, 1.79834
_1494_, 131.43, 133.28, 1.79825
_1500_, 131.43, 133.28, 1.79825
_1529_, 131.43, 133.28, 1.79825
_1531_, 131.43, 133.28, 1.79825
_1788_, 131.43, 133.28, 1.79825
_1789_, 131.43, 133.28, 1.79825
FILLER_0_45_281, 131.43, 133.28, 1.79825
_1524_, 141.922, 133.28, 1.79822
_1535_, 141.922, 133.28, 1.79822
_2081_, 141.922, 133.28, 1.79822
FILLER_0_45_307, 141.922, 133.28, 1.79822
FILLER_0_46_297, 141.922, 133.28, 1.79822
FILLER_0_46_305, 141.922, 133.28, 1.79822
_2088_, 162.917, 133.28, 1.79822
_2171_, 5.52, 127.84, 1.79802
PHY_84, 5.52, 127.84, 1.79802
PHY_86, 5.52, 127.84, 1.79802
FILLER_0_44_3, 5.52, 127.84, 1.79802
PHY_85, 173.42, 127.84, 1.79835
PHY_87, 173.42, 127.84, 1.79835
FILLER_0_42_356, 173.42, 127.84, 1.79835
_1057_, 16.012, 127.84, 1.79803
_1061_, 16.012, 127.84, 1.79803
_1774_, 16.012, 127.84, 1.79803
FILLER_0_42_15, 16.012, 127.84, 1.79803
FILLER_0_43_15, 16.012, 127.84, 1.79803
FILLER_0_44_32, 16.012, 127.84, 1.79803
_1225_, 36.997, 127.84, 1.79808
_1226_, 36.997, 127.84, 1.79808
_1890_, 36.997, 127.84, 1.79808
_2237_, 36.997, 127.84, 1.79808
FILLER_0_42_64, 36.997, 127.84, 1.79808
FILLER_0_43_66, 36.997, 127.84, 1.79808
_1059_, 47.49, 127.84, 1.79812
_1888_, 47.49, 127.84, 1.79812
_1889_, 47.49, 127.84, 1.79812
hold165, 47.49, 127.84, 1.79812
FILLER_0_44_102, 47.49, 127.84, 1.79812
_1079_, 57.982, 127.84, 1.79818
_1298_, 57.982, 127.84, 1.79818
FILLER_0_43_108, 57.982, 127.84, 1.79818
_1428_, 78.967, 127.84, 1.79827
_1429_, 78.967, 127.84, 1.79827
_1432_, 78.967, 127.84, 1.79827
_1433_, 78.967, 127.84, 1.79827
FILLER_0_44_165, 78.967, 127.84, 1.79827
_1367_, 89.46, 127.84, 1.79834
hold210, 89.46, 127.84, 1.79834
FILLER_0_42_178, 89.46, 127.84, 1.79834
FILLER_0_43_182, 89.46, 127.84, 1.79834
FILLER_0_44_187, 89.46, 127.84, 1.79834
_1368_, 99.952, 127.84, 1.79842
_1602_, 99.952, 127.84, 1.79842
_1603_, 99.952, 127.84, 1.79842
_2185_, 99.952, 127.84, 1.79842
FILLER_0_43_215, 99.952, 127.84, 1.79842
_1482_, 120.937, 127.84, 1.79845
_1495_, 120.937, 127.84, 1.79845
_1499_, 120.937, 127.84, 1.79845
_1509_, 120.937, 127.84, 1.79845
_1510_, 120.937, 127.84, 1.79845
FILLER_0_43_242, 120.937, 127.84, 1.79845
_1520_, 131.43, 127.84, 1.7984
_1527_, 131.43, 127.84, 1.7984
FILLER_0_42_265, 131.43, 127.84, 1.7984
FILLER_0_43_272, 131.43, 127.84, 1.7984
FILLER_0_43_281, 131.43, 127.84, 1.7984
FILLER_0_44_279, 131.43, 127.84, 1.7984
_1525_, 141.922, 127.84, 1.79836
_1526_, 141.922, 127.84, 1.79836
_1538_, 141.922, 127.84, 1.79836
_1539_, 141.922, 127.84, 1.79836
FILLER_0_43_302, 141.922, 127.84, 1.79836
FILLER_0_44_305, 141.922, 127.84, 1.79836
_1551_, 162.917, 127.84, 1.79835
_1553_, 162.917, 127.84, 1.79835
FILLER_0_43_352, 162.917, 127.84, 1.79835
FILLER_0_44_352, 162.917, 127.84, 1.79835
_2170_, 5.52, 122.4, 1.79787
PHY_80, 5.52, 122.4, 1.79787
PHY_82, 5.52, 122.4, 1.79787
PHY_81, 173.42, 122.4, 1.79821
PHY_83, 173.42, 122.4, 1.79821
_1056_, 16.012, 122.4, 1.79788
_1773_, 16.012, 122.4, 1.79788
clkbuf_leaf_3_clk, 16.012, 122.4, 1.79788
hold103, 16.012, 122.4, 1.79788
FILLER_0_41_23, 16.012, 122.4, 1.79788
_1077_, 36.997, 122.4, 1.798
_1776_, 36.997, 122.4, 1.798
_2164_, 36.997, 122.4, 1.798
FILLER_0_42_75, 36.997, 122.4, 1.798
_1081_, 47.49, 122.4, 1.79804
_1765_, 47.49, 122.4, 1.79804
_1766_, 47.49, 122.4, 1.79804
_2163_, 47.49, 122.4, 1.79804
hold84, 47.49, 122.4, 1.79804
_1044_, 57.982, 122.4, 1.79809
_1083_, 57.982, 122.4, 1.79809
_2162_, 57.982, 122.4, 1.79809
_1356_, 78.967, 122.4, 1.79817
_1424_, 78.967, 122.4, 1.79817
_1504_, 78.967, 122.4, 1.79817
_2056_, 78.967, 122.4, 1.79817
hold195, 78.967, 122.4, 1.79817
_1366_, 89.46, 122.4, 1.79827
_1422_, 89.46, 122.4, 1.79827
_1505_, 89.46, 122.4, 1.79827
_2076_, 89.46, 122.4, 1.79827
FILLER_0_42_190, 89.46, 122.4, 1.79827
_1397_, 99.952, 122.4, 1.79839
_1417_, 99.952, 122.4, 1.79839
_1419_, 99.952, 122.4, 1.79839
_1421_, 99.952, 122.4, 1.79839
_2052_, 99.952, 122.4, 1.79839
FILLER_0_41_198, 99.952, 122.4, 1.79839
_1485_, 120.937, 122.4, 1.79843
_1486_, 120.937, 122.4, 1.79843
_1511_, 120.937, 122.4, 1.79843
_1573_, 120.937, 122.4, 1.79843
_1574_, 120.937, 122.4, 1.79843
FILLER_0_40_240, 120.937, 122.4, 1.79843
_1508_, 131.43, 122.4, 1.79832
_1518_, 131.43, 122.4, 1.79832
_1519_, 131.43, 122.4, 1.79832
_1523_, 131.43, 122.4, 1.79832
_2079_, 131.43, 122.4, 1.79832
FILLER_0_41_281, 131.43, 122.4, 1.79832
_1521_, 141.922, 122.4, 1.79828
_2080_, 141.922, 122.4, 1.79828
hold211, 141.922, 122.4, 1.79828
FILLER_0_42_303, 141.922, 122.4, 1.79828
_1319_, 162.917, 122.4, 1.79821
_1861_, 162.917, 122.4, 1.79821
_2200_, 162.917, 122.4, 1.79821
hold70, 162.917, 122.4, 1.79821
hold224, 162.917, 122.4, 1.79821
PHY_76, 5.52, 116.96, 1.7981
PHY_78, 5.52, 116.96, 1.7981
FILLER_0_39_3, 5.52, 116.96, 1.7981
FILLER_0_40_3, 5.52, 116.96, 1.7981
PHY_77, 173.42, 116.96, 1.79825
PHY_79, 173.42, 116.96, 1.79825
hold78, 173.42, 116.96, 1.79825
_1020_, 16.012, 116.96, 1.7981
_1047_, 16.012, 116.96, 1.7981
_1062_, 16.012, 116.96, 1.7981
_1063_, 16.012, 116.96, 1.7981
_1772_, 16.012, 116.96, 1.7981
FILLER_0_39_16, 16.012, 116.96, 1.7981
_1022_, 36.997, 116.96, 1.79812
_1046_, 36.997, 116.96, 1.79812
_1073_, 36.997, 116.96, 1.79812
_1078_, 36.997, 116.96, 1.79812
FILLER_0_38_65, 36.997, 116.96, 1.79812
FILLER_0_39_71, 36.997, 116.96, 1.79812
FILLER_0_40_76, 36.997, 116.96, 1.79812
_1045_, 47.49, 116.96, 1.79815
_1075_, 47.49, 116.96, 1.79815
_1080_, 47.49, 116.96, 1.79815
_2165_, 47.49, 116.96, 1.79815
hold85, 47.49, 116.96, 1.79815
FILLER_0_39_84, 47.49, 116.96, 1.79815
FILLER_0_39_99, 47.49, 116.96, 1.79815
_1021_, 57.982, 116.96, 1.79822
_1762_, 57.982, 116.96, 1.79822
hold52, 57.982, 116.96, 1.79822
hold53, 57.982, 116.96, 1.79822
FILLER_0_38_108, 57.982, 116.96, 1.79822
FILLER_0_39_113, 57.982, 116.96, 1.79822
FILLER_0_39_121, 57.982, 116.96, 1.79822
_1420_, 78.967, 116.96, 1.79831
_1425_, 78.967, 116.96, 1.79831
_1434_, 78.967, 116.96, 1.79831
_1438_, 78.967, 116.96, 1.79831
_2057_, 78.967, 116.96, 1.79831
FILLER_0_40_171, 78.967, 116.96, 1.79831
_1365_, 89.46, 116.96, 1.79838
_1436_, 89.46, 116.96, 1.79838
FILLER_0_38_177, 89.46, 116.96, 1.79838
FILLER_0_39_185, 89.46, 116.96, 1.79838
FILLER_0_40_191, 89.46, 116.96, 1.79838
_1364_, 99.952, 116.96, 1.79848
_1413_, 99.952, 116.96, 1.79848
_1418_, 99.952, 116.96, 1.79848
clkbuf_leaf_9_clk, 99.952, 116.96, 1.79848
FILLER_0_38_197, 99.952, 116.96, 1.79848
FILLER_0_40_213, 99.952, 116.96, 1.79848
_1506_, 120.937, 116.96, 1.79853
_1507_, 120.937, 116.96, 1.79853
_1512_, 120.937, 116.96, 1.79853
FILLER_0_38_242, 120.937, 116.96, 1.79853
_1488_, 131.43, 116.96, 1.79843
_1515_, 131.43, 116.96, 1.79843
_1516_, 131.43, 116.96, 1.79843
_1517_, 131.43, 116.96, 1.79843
FILLER_0_39_266, 131.43, 116.96, 1.79843
_1522_, 141.922, 116.96, 1.79838
_1867_, 141.922, 116.96, 1.79838
_1869_, 141.922, 116.96, 1.79838
FILLER_0_38_296, 141.922, 116.96, 1.79838
_1857_, 162.917, 116.96, 1.79826
_1859_, 162.917, 116.96, 1.79826
_1862_, 162.917, 116.96, 1.79826
_1863_, 162.917, 116.96, 1.79826
_2199_, 162.917, 116.96, 1.79826
hold12, 162.917, 116.96, 1.79826
hold128, 162.917, 116.96, 1.79826
hold223, 162.917, 116.96, 1.79826
_1065_, 5.52, 111.52, 1.79796
_2169_, 5.52, 111.52, 1.79796
PHY_72, 5.52, 111.52, 1.79796
PHY_74, 5.52, 111.52, 1.79796
FILLER_0_37_3, 5.52, 111.52, 1.79796
PHY_73, 173.42, 111.52, 1.79819
PHY_75, 173.42, 111.52, 1.79819
_1064_, 16.012, 111.52, 1.79797
_1067_, 16.012, 111.52, 1.79797
hold111, 16.012, 111.52, 1.79797
FILLER_0_36_15, 16.012, 111.52, 1.79797
FILLER_0_37_15, 16.012, 111.52, 1.79797
FILLER_0_37_23, 16.012, 111.52, 1.79797
FILLER_0_38_23, 16.012, 111.52, 1.79797
_1072_, 36.997, 111.52, 1.79795
_1074_, 36.997, 111.52, 1.79795
_1076_, 36.997, 111.52, 1.79795
clkbuf_leaf_2_clk, 36.997, 111.52, 1.79795
FILLER_0_36_65, 36.997, 111.52, 1.79795
_1019_, 47.49, 111.52, 1.79803
_1767_, 47.49, 111.52, 1.79803
_2160_, 47.49, 111.52, 1.79803
FILLER_0_36_85, 47.49, 111.52, 1.79803
FILLER_0_36_91, 47.49, 111.52, 1.79803
_1084_, 57.982, 111.52, 1.79812
_1085_, 57.982, 111.52, 1.79812
_1087_, 57.982, 111.52, 1.79812
_2161_, 57.982, 111.52, 1.79812
hold73, 57.982, 111.52, 1.79812
_1435_, 78.967, 111.52, 1.79829
_1437_, 78.967, 111.52, 1.79829
_1455_, 78.967, 111.52, 1.79829
rebuffer1, 78.967, 111.52, 1.79829
_1395_, 89.46, 111.52, 1.79839
_1398_, 89.46, 111.52, 1.79839
_1399_, 89.46, 111.52, 1.79839
_2049_, 89.46, 111.52, 1.79839
FILLER_0_37_174, 89.46, 111.52, 1.79839
FILLER_0_37_182, 89.46, 111.52, 1.79839
FILLER_0_37_191, 89.46, 111.52, 1.79839
FILLER_0_38_193, 89.46, 111.52, 1.79839
_1394_, 99.952, 111.52, 1.79852
_1396_, 99.952, 111.52, 1.79852
_1403_, 99.952, 111.52, 1.79852
_1406_, 99.952, 111.52, 1.79852
_1411_, 99.952, 111.52, 1.79852
_1412_, 99.952, 111.52, 1.79852
_1414_, 99.952, 111.52, 1.79852
hold136, 99.952, 111.52, 1.79852
_1513_, 120.937, 111.52, 1.79853
_2077_, 120.937, 111.52, 1.79853
FILLER_0_36_243, 120.937, 111.52, 1.79853
FILLER_0_37_249, 120.937, 111.52, 1.79853
FILLER_0_37_257, 120.937, 111.52, 1.79853
_2078_, 131.43, 111.52, 1.79843
hold44, 131.43, 111.52, 1.79843
_1870_, 141.922, 111.52, 1.79836
_1871_, 141.922, 111.52, 1.79836
_2203_, 141.922, 111.52, 1.79836
FILLER_0_37_293, 141.922, 111.52, 1.79836
_1320_, 162.917, 111.52, 1.79819
_1860_, 162.917, 111.52, 1.79819
_2198_, 162.917, 111.52, 1.79819
clkbuf_leaf_15_clk, 162.917, 111.52, 1.79819
FILLER_0_37_333, 162.917, 111.52, 1.79819
PHY_68, 5.52, 106.08, 1.79789
PHY_70, 5.52, 106.08, 1.79789
_1854_, 173.42, 106.08, 1.79816
PHY_69, 173.42, 106.08, 1.79816
PHY_71, 173.42, 106.08, 1.79816
FILLER_0_35_359, 173.42, 106.08, 1.79816
_2168_, 16.012, 106.08, 1.79789
hold112, 16.012, 106.08, 1.79789
FILLER_0_35_15, 16.012, 106.08, 1.79789
FILLER_0_36_29, 16.012, 106.08, 1.79789
_2166_, 36.997, 106.08, 1.79784
FILLER_0_36_75, 36.997, 106.08, 1.79784
_1086_, 47.49, 106.08, 1.7978
_1088_, 47.49, 106.08, 1.7978
_1768_, 47.49, 106.08, 1.7978
clkbuf_2_1__f_clk, 47.49, 106.08, 1.7978
FILLER_0_34_80, 47.49, 106.08, 1.7978
FILLER_0_34_85, 47.49, 106.08, 1.7978
FILLER_0_35_98, 47.49, 106.08, 1.7978
_1043_, 57.982, 106.08, 1.79792
_1763_, 57.982, 106.08, 1.79792
_2159_, 57.982, 106.08, 1.79792
FILLER_0_35_106, 57.982, 106.08, 1.79792
FILLER_0_36_116, 57.982, 106.08, 1.79792
_1440_, 78.967, 106.08, 1.79811
_1441_, 78.967, 106.08, 1.79811
_1442_, 78.967, 106.08, 1.79811
_2058_, 78.967, 106.08, 1.79811
FILLER_0_35_149, 78.967, 106.08, 1.79811
FILLER_0_36_160, 78.967, 106.08, 1.79811
FILLER_0_36_169, 78.967, 106.08, 1.79811
_1402_, 89.46, 106.08, 1.7982
_1439_, 89.46, 106.08, 1.7982
_1404_, 99.952, 106.08, 1.7983
_1405_, 99.952, 106.08, 1.7983
_1410_, 99.952, 106.08, 1.7983
_2050_, 99.952, 106.08, 1.7983
split4, 99.952, 106.08, 1.7983
_1484_, 120.937, 106.08, 1.79829
_1582_, 120.937, 106.08, 1.79829
_1583_, 120.937, 106.08, 1.79829
_1584_, 120.937, 106.08, 1.79829
clkbuf_leaf_16_clk, 120.937, 106.08, 1.79829
hold49, 120.937, 106.08, 1.79829
hold59, 120.937, 106.08, 1.79829
hold60, 120.937, 106.08, 1.79829
_1514_, 131.43, 106.08, 1.79824
_1576_, 131.43, 106.08, 1.79824
_2204_, 131.43, 106.08, 1.79824
FILLER_0_35_281, 131.43, 106.08, 1.79824
FILLER_0_36_280, 131.43, 106.08, 1.79824
_1781_, 141.922, 106.08, 1.79822
_1872_, 141.922, 106.08, 1.79822
_1873_, 141.922, 106.08, 1.79822
FILLER_0_35_293, 141.922, 106.08, 1.79822
FILLER_0_35_301, 141.922, 106.08, 1.79822
FILLER_0_35_307, 141.922, 106.08, 1.79822
_1318_, 162.917, 106.08, 1.79816
_1847_, 162.917, 106.08, 1.79816
_1855_, 162.917, 106.08, 1.79816
_1856_, 162.917, 106.08, 1.79816
_1858_, 162.917, 106.08, 1.79816
FILLER_0_35_337, 162.917, 106.08, 1.79816
_1121_, 5.52, 100.64, 1.7978
_2147_, 5.52, 100.64, 1.7978
PHY_64, 5.52, 100.64, 1.7978
PHY_66, 5.52, 100.64, 1.7978
FILLER_0_33_3, 5.52, 100.64, 1.7978
PHY_65, 173.42, 100.64, 1.79802
PHY_67, 173.42, 100.64, 1.79802
hold66, 173.42, 100.64, 1.79802
FILLER_0_32_357, 173.42, 100.64, 1.79802
_1036_, 16.012, 100.64, 1.79782
_1120_, 16.012, 100.64, 1.79782
_1748_, 16.012, 100.64, 1.79782
_2148_, 16.012, 100.64, 1.79782
hold11, 16.012, 100.64, 1.79782
FILLER_0_32_15, 16.012, 100.64, 1.79782
FILLER_0_34_24, 16.012, 100.64, 1.79782
FILLER_0_34_29, 16.012, 100.64, 1.79782
_1023_, 36.997, 100.64, 1.79784
_2158_, 36.997, 100.64, 1.79784
FILLER_0_33_67, 36.997, 100.64, 1.79784
_1092_, 47.49, 100.64, 1.79785
_1093_, 47.49, 100.64, 1.79785
_1760_, 47.49, 100.64, 1.79785
hold105, 47.49, 100.64, 1.79785
_1042_, 57.982, 100.64, 1.79788
_1089_, 57.982, 100.64, 1.79788
_1091_, 57.982, 100.64, 1.79788
_1761_, 57.982, 100.64, 1.79788
_2063_, 57.982, 100.64, 1.79788
FILLER_0_33_106, 57.982, 100.64, 1.79788
FILLER_0_33_116, 57.982, 100.64, 1.79788
_1357_, 78.967, 100.64, 1.79794
_1446_, 78.967, 100.64, 1.79794
hold17, 78.967, 100.64, 1.79794
hold18, 78.967, 100.64, 1.79794
FILLER_0_34_161, 78.967, 100.64, 1.79794
_1362_, 89.46, 100.64, 1.798
_1363_, 89.46, 100.64, 1.798
_1443_, 89.46, 100.64, 1.798
_1479_, 89.46, 100.64, 1.798
_2071_, 89.46, 100.64, 1.798
FILLER_0_33_180, 89.46, 100.64, 1.798
FILLER_0_34_188, 89.46, 100.64, 1.798
_1354_, 99.952, 100.64, 1.79811
_1407_, 99.952, 100.64, 1.79811
_1444_, 99.952, 100.64, 1.79811
hold90, 99.952, 100.64, 1.79811
_1578_, 120.937, 100.64, 1.79804
_1579_, 120.937, 100.64, 1.79804
_1581_, 120.937, 100.64, 1.79804
_2097_, 120.937, 100.64, 1.79804
clkbuf_2_3__f_clk, 120.937, 100.64, 1.79804
FILLER_0_32_242, 120.937, 100.64, 1.79804
_1408_, 131.43, 100.64, 1.79803
_1577_, 131.43, 100.64, 1.79803
_2196_, 131.43, 100.64, 1.79803
FILLER_0_33_275, 131.43, 100.64, 1.79803
FILLER_0_33_281, 131.43, 100.64, 1.79803
FILLER_0_34_277, 131.43, 100.64, 1.79803
_1842_, 141.922, 100.64, 1.79804
_1851_, 141.922, 100.64, 1.79804
_1852_, 141.922, 100.64, 1.79804
_1853_, 141.922, 100.64, 1.79804
rebuffer2, 141.922, 100.64, 1.79804
hold54, 141.922, 100.64, 1.79804
FILLER_0_32_286, 141.922, 100.64, 1.79804
FILLER_0_34_305, 141.922, 100.64, 1.79804
_1317_, 162.917, 100.64, 1.79803
_1845_, 162.917, 100.64, 1.79803
_1846_, 162.917, 100.64, 1.79803
_2194_, 162.917, 100.64, 1.79803
FILLER_0_33_337, 162.917, 100.64, 1.79803
FILLER_0_33_351, 162.917, 100.64, 1.79803
PHY_60, 5.52, 95.2, 1.7978
PHY_62, 5.52, 95.2, 1.7978
FILLER_0_31_3, 5.52, 95.2, 1.7978
_1840_, 173.42, 95.2, 1.79802
PHY_61, 173.42, 95.2, 1.79802
PHY_63, 173.42, 95.2, 1.79802
FILLER_0_31_357, 173.42, 95.2, 1.79802
_1113_, 16.012, 95.2, 1.7978
_1119_, 16.012, 95.2, 1.7978
_1750_, 16.012, 95.2, 1.7978
FILLER_0_31_27, 16.012, 95.2, 1.7978
_1018_, 36.997, 95.2, 1.7978
_1105_, 36.997, 95.2, 1.7978
_1106_, 36.997, 95.2, 1.7978
_1751_, 36.997, 95.2, 1.7978
_2154_, 36.997, 95.2, 1.7978
FILLER_0_31_69, 36.997, 95.2, 1.7978
FILLER_0_32_72, 36.997, 95.2, 1.7978
_1090_, 47.49, 95.2, 1.7978
_1094_, 47.49, 95.2, 1.7978
_1755_, 47.49, 95.2, 1.7978
FILLER_0_30_80, 47.49, 95.2, 1.7978
_1017_, 57.982, 95.2, 1.79782
_1759_, 57.982, 95.2, 1.79782
_2157_, 57.982, 95.2, 1.79782
_1462_, 78.967, 95.2, 1.79783
_2059_, 78.967, 95.2, 1.79783
_2064_, 78.967, 95.2, 1.79783
FILLER_0_31_165, 78.967, 95.2, 1.79783
FILLER_0_31_169, 78.967, 95.2, 1.79783
_1477_, 89.46, 95.2, 1.79784
_1478_, 89.46, 95.2, 1.79784
clkbuf_0_clk, 89.46, 95.2, 1.79784
_1445_, 99.952, 95.2, 1.79798
_2118_, 99.952, 95.2, 1.79798
FILLER_0_30_203, 99.952, 95.2, 1.79798
FILLER_0_31_199, 99.952, 95.2, 1.79798
_1638_, 120.937, 95.2, 1.79809
_1639_, 120.937, 95.2, 1.79809
_2116_, 120.937, 95.2, 1.79809
FILLER_0_30_245, 120.937, 95.2, 1.79809
FILLER_0_31_243, 120.937, 95.2, 1.79809
FILLER_0_32_253, 120.937, 95.2, 1.79809
_2187_, 131.43, 95.2, 1.79805
FILLER_0_31_273, 131.43, 95.2, 1.79805
_1823_, 141.922, 95.2, 1.79804
_1824_, 141.922, 95.2, 1.79804
hold172, 141.922, 95.2, 1.79804
_1835_, 162.917, 95.2, 1.79803
_1844_, 162.917, 95.2, 1.79803
FILLER_0_30_339, 162.917, 95.2, 1.79803
FILLER_0_31_337, 162.917, 95.2, 1.79803
_1118_, 5.52, 89.76, 1.79773
_2149_, 5.52, 89.76, 1.79773
PHY_56, 5.52, 89.76, 1.79773
PHY_58, 5.52, 89.76, 1.79773
FILLER_0_29_3, 5.52, 89.76, 1.79773
_1841_, 173.42, 89.76, 1.79772
PHY_57, 173.42, 89.76, 1.79772
PHY_59, 173.42, 89.76, 1.79772
hold147, 173.42, 89.76, 1.79772
_1112_, 16.012, 89.76, 1.79775
_1117_, 16.012, 89.76, 1.79775
FILLER_0_28_15, 16.012, 89.76, 1.79775
FILLER_0_30_24, 16.012, 89.76, 1.79775
FILLER_0_30_29, 16.012, 89.76, 1.79775
_1016_, 36.997, 89.76, 1.79777
_1040_, 36.997, 89.76, 1.79777
_1103_, 36.997, 89.76, 1.79777
_1104_, 36.997, 89.76, 1.79777
_1107_, 36.997, 89.76, 1.79777
FILLER_0_28_60, 36.997, 89.76, 1.79777
FILLER_0_30_69, 36.997, 89.76, 1.79777
_1041_, 47.49, 89.76, 1.79776
_1095_, 47.49, 89.76, 1.79776
_1100_, 47.49, 89.76, 1.79776
_1101_, 47.49, 89.76, 1.79776
FILLER_0_29_94, 47.49, 89.76, 1.79776
_1096_, 57.982, 89.76, 1.79776
_1097_, 57.982, 89.76, 1.79776
_1464_, 57.982, 89.76, 1.79776
_2065_, 57.982, 89.76, 1.79776
FILLER_0_29_108, 57.982, 89.76, 1.79776
FILLER_0_29_113, 57.982, 89.76, 1.79776
_2060_, 78.967, 89.76, 1.79779
hold21, 78.967, 89.76, 1.79779
FILLER_0_28_149, 78.967, 89.76, 1.79779
FILLER_0_29_162, 78.967, 89.76, 1.79779
FILLER_0_30_166, 78.967, 89.76, 1.79779
_1361_, 89.46, 89.76, 1.79782
_2070_, 89.46, 89.76, 1.79782
hold51, 89.46, 89.76, 1.79782
FILLER_0_28_173, 89.46, 89.76, 1.79782
_1476_, 99.952, 89.76, 1.7979
_1643_, 99.952, 89.76, 1.7979
_1644_, 99.952, 89.76, 1.7979
_1645_, 99.952, 89.76, 1.7979
hold50, 99.952, 89.76, 1.7979
FILLER_0_29_212, 99.952, 89.76, 1.7979
FILLER_0_30_216, 99.952, 89.76, 1.7979
_1333_, 120.937, 89.76, 1.79792
_1334_, 120.937, 89.76, 1.79792
_1637_, 120.937, 89.76, 1.79792
FILLER_0_29_262, 120.937, 89.76, 1.79792
_1332_, 131.43, 89.76, 1.79785
_1820_, 131.43, 89.76, 1.79785
_1821_, 131.43, 89.76, 1.79785
_2188_, 131.43, 89.76, 1.79785
hold162, 131.43, 89.76, 1.79785
FILLER_0_29_269, 131.43, 89.76, 1.79785
FILLER_0_29_285, 131.43, 89.76, 1.79785
FILLER_0_30_276, 131.43, 89.76, 1.79785
_1822_, 141.922, 89.76, 1.79781
_1826_, 141.922, 89.76, 1.79781
_2189_, 141.922, 89.76, 1.79781
_1316_, 162.917, 89.76, 1.79774
_2193_, 162.917, 89.76, 1.79774
FILLER_0_29_337, 162.917, 89.76, 1.79774
FILLER_0_29_349, 162.917, 89.76, 1.79774
PHY_52, 5.52, 84.32, 1.79753
PHY_54, 5.52, 84.32, 1.79753
PHY_53, 173.42, 84.32, 1.79762
PHY_55, 173.42, 84.32, 1.79762
hold214, 173.42, 84.32, 1.79762
FILLER_0_27_357, 173.42, 84.32, 1.79762
_1752_, 16.012, 84.32, 1.79753
_2151_, 16.012, 84.32, 1.79753
clkbuf_leaf_30_clk, 16.012, 84.32, 1.79753
FILLER_0_26_21, 16.012, 84.32, 1.79753
FILLER_0_27_15, 16.012, 84.32, 1.79753
_1102_, 36.997, 84.32, 1.79757
_1108_, 36.997, 84.32, 1.79757
_1109_, 36.997, 84.32, 1.79757
_2153_, 36.997, 84.32, 1.79757
_2155_, 36.997, 84.32, 1.79757
FILLER_0_27_72, 36.997, 84.32, 1.79757
FILLER_0_28_75, 36.997, 84.32, 1.79757
_1099_, 47.49, 84.32, 1.79755
_1747_, 47.49, 84.32, 1.79755
_1754_, 47.49, 84.32, 1.79755
_2156_, 47.49, 84.32, 1.79755
hold152, 47.49, 84.32, 1.79755
hold159, 47.49, 84.32, 1.79755
_1098_, 57.982, 84.32, 1.79757
_2066_, 57.982, 84.32, 1.79757
_2067_, 57.982, 84.32, 1.79757
hold158, 57.982, 84.32, 1.79757
FILLER_0_28_124, 57.982, 84.32, 1.79757
_1360_, 78.967, 84.32, 1.79757
_1448_, 78.967, 84.32, 1.79757
_1449_, 78.967, 84.32, 1.79757
_1450_, 78.967, 84.32, 1.79757
_1451_, 78.967, 84.32, 1.79757
_1452_, 78.967, 84.32, 1.79757
hold35, 78.967, 84.32, 1.79757
_1400_, 89.46, 84.32, 1.7976
_1447_, 89.46, 84.32, 1.7976
_1472_, 89.46, 84.32, 1.7976
_1473_, 89.46, 84.32, 1.7976
_2016_, 89.46, 84.32, 1.7976
FILLER_0_26_178, 89.46, 84.32, 1.7976
FILLER_0_27_183, 89.46, 84.32, 1.7976
_2012_, 99.952, 84.32, 1.79768
_2013_, 99.952, 84.32, 1.79768
_2015_, 99.952, 84.32, 1.79768
_2294_, 99.952, 84.32, 1.79768
FILLER_0_28_213, 99.952, 84.32, 1.79768
_1331_, 120.937, 84.32, 1.79769
_1335_, 120.937, 84.32, 1.79769
_1337_, 120.937, 84.32, 1.79769
_2033_, 120.937, 84.32, 1.79769
clkbuf_leaf_17_clk, 120.937, 84.32, 1.79769
hold143, 120.937, 84.32, 1.79769
_1313_, 131.43, 84.32, 1.79768
_1329_, 131.43, 84.32, 1.79768
_2032_, 131.43, 84.32, 1.79768
hold160, 131.43, 84.32, 1.79768
FILLER_0_27_277, 131.43, 84.32, 1.79768
_1815_, 141.922, 84.32, 1.79769
_1819_, 141.922, 84.32, 1.79769
_1825_, 141.922, 84.32, 1.79769
FILLER_0_27_292, 141.922, 84.32, 1.79769
FILLER_0_28_298, 141.922, 84.32, 1.79769
_1834_, 162.917, 84.32, 1.79763
_1839_, 162.917, 84.32, 1.79763
_2192_, 162.917, 84.32, 1.79763
split5, 162.917, 84.32, 1.79763
FILLER_0_26_342, 162.917, 84.32, 1.79763
FILLER_0_28_344, 162.917, 84.32, 1.79763
PHY_48, 5.52, 78.88, 1.79766
PHY_50, 5.52, 78.88, 1.79766
output4, 5.52, 78.88, 1.79766
PHY_49, 173.42, 78.88, 1.79755
PHY_51, 173.42, 78.88, 1.79755
FILLER_0_24_355, 173.42, 78.88, 1.79755
_1111_, 16.012, 78.88, 1.79766
_2291_, 16.012, 78.88, 1.79766
FILLER_0_25_15, 16.012, 78.88, 1.79766
FILLER_0_26_29, 16.012, 78.88, 1.79766
FILLER_0_24_63, 36.997, 78.88, 1.79766
_1756_, 47.49, 78.88, 1.79765
_1757_, 47.49, 78.88, 1.79765
_1996_, 47.49, 78.88, 1.79765
FILLER_0_24_81, 47.49, 78.88, 1.79765
FILLER_0_24_91, 47.49, 78.88, 1.79765
FILLER_0_25_84, 47.49, 78.88, 1.79765
FILLER_0_25_90, 47.49, 78.88, 1.79765
FILLER_0_25_97, 47.49, 78.88, 1.79765
_1470_, 57.982, 78.88, 1.79765
_1746_, 57.982, 78.88, 1.79765
FILLER_0_25_113, 57.982, 78.88, 1.79765
FILLER_0_25_121, 57.982, 78.88, 1.79765
_1471_, 78.967, 78.88, 1.79757
hold41, 78.967, 78.88, 1.79757
hold42, 78.967, 78.88, 1.79757
FILLER_0_25_159, 78.967, 78.88, 1.79757
FILLER_0_26_163, 78.967, 78.88, 1.79757
_1474_, 89.46, 78.88, 1.79751
_1475_, 89.46, 78.88, 1.79751
_2069_, 89.46, 78.88, 1.79751
clkbuf_leaf_24_clk, 89.46, 78.88, 1.79751
FILLER_0_26_193, 89.46, 78.88, 1.79751
_1646_, 99.952, 78.88, 1.79757
_2014_, 99.952, 78.88, 1.79757
hold67, 99.952, 78.88, 1.79757
hold170, 99.952, 78.88, 1.79757
hold173, 99.952, 78.88, 1.79757
FILLER_0_24_197, 99.952, 78.88, 1.79757
FILLER_0_25_206, 99.952, 78.88, 1.79757
_1330_, 120.937, 78.88, 1.79748
_2035_, 120.937, 78.88, 1.79748
clkbuf_2_2__f_clk, 120.937, 78.88, 1.79748
FILLER_0_26_262, 120.937, 78.88, 1.79748
_1328_, 131.43, 78.88, 1.79745
_1818_, 131.43, 78.88, 1.79745
_2186_, 131.43, 78.88, 1.79745
FILLER_0_24_265, 131.43, 78.88, 1.79745
_1326_, 141.922, 78.88, 1.79746
_1817_, 141.922, 78.88, 1.79746
clkbuf_leaf_18_clk, 141.922, 78.88, 1.79746
hold72, 141.922, 78.88, 1.79746
_1838_, 162.917, 78.88, 1.79755
_1876_, 162.917, 78.88, 1.79755
_2205_, 162.917, 78.88, 1.79755
hold177, 162.917, 78.88, 1.79755
rebuffer3, 162.917, 78.88, 1.79755
PHY_44, 5.52, 73.44, 1.79754
PHY_46, 5.52, 73.44, 1.79754
PHY_45, 173.42, 73.44, 1.79754
PHY_47, 173.42, 73.44, 1.79754
FILLER_0_23_358, 173.42, 73.44, 1.79754
_1918_, 16.012, 73.44, 1.79754
_1920_, 16.012, 73.44, 1.79754
_2236_, 16.012, 73.44, 1.79754
FILLER_0_23_15, 16.012, 73.44, 1.79754
FILLER_0_24_29, 16.012, 73.44, 1.79754
_1991_, 36.997, 73.44, 1.79749
_2287_, 36.997, 73.44, 1.79749
hold144, 36.997, 73.44, 1.79749
FILLER_0_24_73, 36.997, 73.44, 1.79749
_1997_, 47.49, 73.44, 1.79744
_2288_, 47.49, 73.44, 1.79744
clkbuf_leaf_0_clk, 47.49, 73.44, 1.79744
_1218_, 57.982, 73.44, 1.79752
_1220_, 57.982, 73.44, 1.79752
hold201, 57.982, 73.44, 1.79752
FILLER_0_23_105, 57.982, 73.44, 1.79752
_1211_, 78.967, 73.44, 1.79761
_2068_, 78.967, 73.44, 1.79761
_2295_, 89.46, 73.44, 1.79763
FILLER_0_22_181, 89.46, 73.44, 1.79763
FILLER_0_23_181, 89.46, 73.44, 1.79763
_1649_, 99.952, 73.44, 1.79768
_2017_, 99.952, 73.44, 1.79768
_2018_, 99.952, 73.44, 1.79768
FILLER_0_22_203, 99.952, 73.44, 1.79768
FILLER_0_24_213, 99.952, 73.44, 1.79768
_1336_, 120.937, 73.44, 1.7977
_1338_, 120.937, 73.44, 1.7977
_1339_, 120.937, 73.44, 1.7977
_1340_, 120.937, 73.44, 1.7977
hold179, 120.937, 73.44, 1.7977
_1778_, 131.43, 73.44, 1.79766
_2174_, 131.43, 73.44, 1.79766
hold131, 131.43, 73.44, 1.79766
hold151, 131.43, 73.44, 1.79766
_1777_, 141.922, 73.44, 1.79765
hold23, 141.922, 73.44, 1.79765
_1877_, 162.917, 73.44, 1.79754
_1880_, 162.917, 73.44, 1.79754
clkbuf_leaf_19_clk, 162.917, 73.44, 1.79754
hold169, 162.917, 73.44, 1.79754
PHY_40, 5.52, 68, 1.79754
PHY_42, 5.52, 68, 1.79754
PHY_41, 173.42, 68, 1.79761
PHY_43, 173.42, 68, 1.79761
_1919_, 16.012, 68, 1.79754
_2265_, 16.012, 68, 1.79754
FILLER_0_22_34, 16.012, 68, 1.79754
_1136_, 36.997, 68, 1.79755
_1986_, 36.997, 68, 1.79755
_1988_, 36.997, 68, 1.79755
_1992_, 36.997, 68, 1.79755
_1993_, 36.997, 68, 1.79755
_1995_, 36.997, 68, 1.79755
hold145, 36.997, 68, 1.79755
FILLER_0_21_77, 36.997, 68, 1.79755
_1999_, 47.49, 68, 1.79754
_2001_, 47.49, 68, 1.79754
_2233_, 47.49, 68, 1.79754
_2289_, 47.49, 68, 1.79754
FILLER_0_21_96, 47.49, 68, 1.79754
FILLER_0_22_92, 47.49, 68, 1.79754
_1217_, 57.982, 68, 1.79756
_1223_, 57.982, 68, 1.79756
_2235_, 57.982, 68, 1.79756
hold194, 57.982, 68, 1.79756
FILLER_0_22_122, 57.982, 68, 1.79756
_1208_, 78.967, 68, 1.79759
_1210_, 78.967, 68, 1.79759
_2230_, 78.967, 68, 1.79759
FILLER_0_21_162, 78.967, 68, 1.79759
_1209_, 89.46, 68, 1.79759
_2019_, 89.46, 68, 1.79759
_2296_, 89.46, 68, 1.79759
FILLER_0_21_189, 89.46, 68, 1.79759
_1650_, 99.952, 68, 1.79762
_1653_, 99.952, 68, 1.79762
_2021_, 99.952, 68, 1.79762
_2120_, 99.952, 68, 1.79762
hold181, 99.952, 68, 1.79762
FILLER_0_21_213, 99.952, 68, 1.79762
_1346_, 120.937, 68, 1.79764
hold132, 120.937, 68, 1.79764
hold156, 120.937, 68, 1.79764
FILLER_0_20_247, 120.937, 68, 1.79764
FILLER_0_21_258, 120.937, 68, 1.79764
_1349_, 131.43, 68, 1.79761
_1779_, 131.43, 68, 1.79761
_2039_, 131.43, 68, 1.79761
_2176_, 131.43, 68, 1.79761
FILLER_0_21_281, 131.43, 68, 1.79761
FILLER_0_22_280, 131.43, 68, 1.79761
_1352_, 141.922, 68, 1.79762
_1785_, 141.922, 68, 1.79762
_1786_, 141.922, 68, 1.79762
hold24, 141.922, 68, 1.79762
hold148, 141.922, 68, 1.79762
_2175_, 162.917, 68, 1.79761
_2206_, 162.917, 68, 1.79761
hold45, 162.917, 68, 1.79761
hold99, 162.917, 68, 1.79761
_2264_, 5.52, 62.56, 1.79731
PHY_36, 5.52, 62.56, 1.79731
PHY_38, 5.52, 62.56, 1.79731
PHY_37, 173.42, 62.56, 1.79754
PHY_39, 173.42, 62.56, 1.79754
output6, 173.42, 62.56, 1.79754
_1145_, 16.012, 62.56, 1.79733
_1917_, 16.012, 62.56, 1.79733
_2285_, 16.012, 62.56, 1.79733
clkbuf_leaf_29_clk, 16.012, 62.56, 1.79733
FILLER_0_19_20, 16.012, 62.56, 1.79733
FILLER_0_20_24, 16.012, 62.56, 1.79733
_1994_, 36.997, 62.56, 1.79747
_2000_, 36.997, 62.56, 1.79747
hold176, 36.997, 62.56, 1.79747
FILLER_0_19_78, 36.997, 62.56, 1.79747
FILLER_0_20_74, 36.997, 62.56, 1.79747
_1135_, 47.49, 62.56, 1.79749
_1146_, 47.49, 62.56, 1.79749
_1998_, 47.49, 62.56, 1.79749
_2003_, 47.49, 62.56, 1.79749
FILLER_0_19_96, 47.49, 62.56, 1.79749
_1222_, 57.982, 62.56, 1.79752
_1224_, 57.982, 62.56, 1.79752
FILLER_0_19_104, 57.982, 62.56, 1.79752
_1123_, 78.967, 62.56, 1.79756
_1124_, 78.967, 62.56, 1.79756
_1206_, 78.967, 62.56, 1.79756
_1207_, 78.967, 62.56, 1.79756
_1213_, 78.967, 62.56, 1.79756
_1215_, 78.967, 62.56, 1.79756
hold102, 78.967, 62.56, 1.79756
FILLER_0_19_162, 78.967, 62.56, 1.79756
_1204_, 89.46, 62.56, 1.79756
_2022_, 89.46, 62.56, 1.79756
FILLER_0_19_179, 89.46, 62.56, 1.79756
FILLER_0_19_192, 89.46, 62.56, 1.79756
_1652_, 99.952, 62.56, 1.79757
_1654_, 99.952, 62.56, 1.79757
_2020_, 99.952, 62.56, 1.79757
_2121_, 99.952, 62.56, 1.79757
hold192, 99.952, 62.56, 1.79757
FILLER_0_18_197, 99.952, 62.56, 1.79757
FILLER_0_18_205, 99.952, 62.56, 1.79757
FILLER_0_19_202, 99.952, 62.56, 1.79757
_1342_, 120.937, 62.56, 1.79758
_1345_, 120.937, 62.56, 1.79758
_1347_, 120.937, 62.56, 1.79758
_2038_, 120.937, 62.56, 1.79758
_1348_, 131.43, 62.56, 1.79757
_1350_, 131.43, 62.56, 1.79757
_1658_, 131.43, 62.56, 1.79757
_1660_, 131.43, 62.56, 1.79757
FILLER_0_19_270, 131.43, 62.56, 1.79757
FILLER_0_19_276, 131.43, 62.56, 1.79757
FILLER_0_19_281, 131.43, 62.56, 1.79757
FILLER_0_20_278, 131.43, 62.56, 1.79757
_1353_, 141.922, 62.56, 1.79756
_2040_, 141.922, 62.56, 1.79756
FILLER_0_18_290, 141.922, 62.56, 1.79756
FILLER_0_19_307, 141.922, 62.56, 1.79756
FILLER_0_20_304, 141.922, 62.56, 1.79756
_1879_, 162.917, 62.56, 1.79755
_1882_, 162.917, 62.56, 1.79755
_1883_, 162.917, 62.56, 1.79755
_2207_, 162.917, 62.56, 1.79755
hold32, 162.917, 62.56, 1.79755
FILLER_0_19_333, 162.917, 62.56, 1.79755
FILLER_0_19_352, 162.917, 62.56, 1.79755
_1924_, 5.52, 57.12, 1.79723
_2266_, 5.52, 57.12, 1.79723
PHY_32, 5.52, 57.12, 1.79723
PHY_34, 5.52, 57.12, 1.79723
FILLER_0_17_3, 5.52, 57.12, 1.79723
PHY_33, 173.42, 57.12, 1.79739
PHY_35, 173.42, 57.12, 1.79739
FILLER_0_16_354, 173.42, 57.12, 1.79739
_1921_, 16.012, 57.12, 1.79727
_1923_, 16.012, 57.12, 1.79727
_1927_, 16.012, 57.12, 1.79727
FILLER_0_16_15, 16.012, 57.12, 1.79727
FILLER_0_18_24, 16.012, 57.12, 1.79727
_1143_, 36.997, 57.12, 1.79723
_1144_, 36.997, 57.12, 1.79723
_1980_, 36.997, 57.12, 1.79723
hold93, 36.997, 57.12, 1.79723
FILLER_0_17_75, 36.997, 57.12, 1.79723
FILLER_0_18_79, 36.997, 57.12, 1.79723
_1134_, 47.49, 57.12, 1.79714
_2002_, 47.49, 57.12, 1.79714
_2004_, 47.49, 57.12, 1.79714
_2290_, 47.49, 57.12, 1.79714
clkbuf_2_0__f_clk, 47.49, 57.12, 1.79714
FILLER_0_16_85, 47.49, 57.12, 1.79714
_1148_, 57.982, 57.12, 1.79726
_1149_, 57.982, 57.12, 1.79726
_1178_, 57.982, 57.12, 1.79726
_2209_, 57.982, 57.12, 1.79726
FILLER_0_17_113, 57.982, 57.12, 1.79726
_1203_, 78.967, 57.12, 1.79737
_1205_, 78.967, 57.12, 1.79737
_2228_, 78.967, 57.12, 1.79737
_2229_, 78.967, 57.12, 1.79737
hold220, 78.967, 57.12, 1.79737
FILLER_0_17_159, 78.967, 57.12, 1.79737
_2297_, 89.46, 57.12, 1.79739
fanout13, 89.46, 57.12, 1.79739
hold100, 89.46, 57.12, 1.79739
FILLER_0_18_193, 89.46, 57.12, 1.79739
_1655_, 99.952, 57.12, 1.79744
_2024_, 99.952, 57.12, 1.79744
_2027_, 99.952, 57.12, 1.79744
hold183, 99.952, 57.12, 1.79744
_1674_, 120.937, 57.12, 1.79747
_1675_, 120.937, 57.12, 1.79747
_1676_, 120.937, 57.12, 1.79747
hold113, 120.937, 57.12, 1.79747
FILLER_0_17_262, 120.937, 57.12, 1.79747
FILLER_0_18_261, 120.937, 57.12, 1.79747
_1636_, 131.43, 57.12, 1.79745
_1659_, 131.43, 57.12, 1.79745
_2123_, 131.43, 57.12, 1.79745
_1632_, 141.922, 57.12, 1.79744
_1744_, 141.922, 57.12, 1.79744
_1745_, 141.922, 57.12, 1.79744
_2146_, 141.922, 57.12, 1.79744
FILLER_0_16_287, 141.922, 57.12, 1.79744
FILLER_0_18_302, 141.922, 57.12, 1.79744
_1631_, 162.917, 57.12, 1.79739
_1739_, 162.917, 57.12, 1.79739
_1742_, 162.917, 57.12, 1.79739
_2144_, 162.917, 57.12, 1.79739
hold55, 162.917, 57.12, 1.79739
FILLER_0_18_352, 162.917, 57.12, 1.79739
_2267_, 5.52, 51.68, 1.79734
PHY_28, 5.52, 51.68, 1.79734
PHY_30, 5.52, 51.68, 1.79734
PHY_29, 173.42, 51.68, 1.79736
PHY_31, 173.42, 51.68, 1.79736
_1139_, 16.012, 51.68, 1.79736
_1925_, 16.012, 51.68, 1.79736
_1926_, 16.012, 51.68, 1.79736
_1928_, 16.012, 51.68, 1.79736
FILLER_0_14_12, 16.012, 51.68, 1.79736
_1137_, 36.997, 51.68, 1.79736
_1971_, 36.997, 51.68, 1.79736
_1972_, 36.997, 51.68, 1.79736
_1974_, 36.997, 51.68, 1.79736
_1975_, 36.997, 51.68, 1.79736
_1978_, 36.997, 51.68, 1.79736
FILLER_0_16_76, 36.997, 51.68, 1.79736
_1970_, 47.49, 51.68, 1.79733
_2005_, 47.49, 51.68, 1.79733
_2280_, 47.49, 51.68, 1.79733
fanout9, 47.49, 51.68, 1.79733
hold207, 47.49, 51.68, 1.79733
FILLER_0_16_93, 47.49, 51.68, 1.79733
FILLER_0_16_99, 47.49, 51.68, 1.79733
_2210_, 57.982, 51.68, 1.79732
fanout8, 57.982, 51.68, 1.79732
FILLER_0_14_111, 57.982, 51.68, 1.79732
FILLER_0_15_108, 57.982, 51.68, 1.79732
FILLER_0_15_125, 57.982, 51.68, 1.79732
_1198_, 78.967, 51.68, 1.79729
_1199_, 78.967, 51.68, 1.79729
_1200_, 78.967, 51.68, 1.79729
_1201_, 78.967, 51.68, 1.79729
hold205, 78.967, 51.68, 1.79729
FILLER_0_14_155, 78.967, 51.68, 1.79729
FILLER_0_16_169, 78.967, 51.68, 1.79729
_2025_, 89.46, 51.68, 1.79726
_2227_, 89.46, 51.68, 1.79726
FILLER_0_14_182, 89.46, 51.68, 1.79726
FILLER_0_16_186, 89.46, 51.68, 1.79726
FILLER_0_16_193, 89.46, 51.68, 1.79726
_2028_, 99.952, 51.68, 1.79725
_2298_, 99.952, 51.68, 1.79725
clkbuf_leaf_23_clk, 99.952, 51.68, 1.79725
FILLER_0_14_197, 99.952, 51.68, 1.79725
FILLER_0_15_197, 99.952, 51.68, 1.79725
FILLER_0_16_206, 99.952, 51.68, 1.79725
_1634_, 120.937, 51.68, 1.79735
_1635_, 120.937, 51.68, 1.79735
_1662_, 120.937, 51.68, 1.79735
_1668_, 120.937, 51.68, 1.79735
_1673_, 120.937, 51.68, 1.79735
FILLER_0_14_248, 120.937, 51.68, 1.79735
_1661_, 131.43, 51.68, 1.79732
_1670_, 131.43, 51.68, 1.79732
_1687_, 131.43, 51.68, 1.79732
_2124_, 131.43, 51.68, 1.79732
hold215, 131.43, 51.68, 1.79732
_1669_, 141.922, 51.68, 1.79732
_1672_, 141.922, 51.68, 1.79732
FILLER_0_14_290, 141.922, 51.68, 1.79732
FILLER_0_15_297, 141.922, 51.68, 1.79732
FILLER_0_16_302, 141.922, 51.68, 1.79732
_1732_, 162.917, 51.68, 1.79736
_1736_, 162.917, 51.68, 1.79736
_1740_, 162.917, 51.68, 1.79736
_1741_, 162.917, 51.68, 1.79736
FILLER_0_14_333, 162.917, 51.68, 1.79736
FILLER_0_15_352, 162.917, 51.68, 1.79736
_1929_, 5.52, 46.24, 1.79736
PHY_24, 5.52, 46.24, 1.79736
PHY_26, 5.52, 46.24, 1.79736
FILLER_0_13_3, 5.52, 46.24, 1.79736
FILLER_0_14_3, 5.52, 46.24, 1.79736
PHY_25, 173.42, 46.24, 1.79718
PHY_27, 173.42, 46.24, 1.79718
hold68, 173.42, 46.24, 1.79718
FILLER_0_12_358, 173.42, 46.24, 1.79718
_1930_, 16.012, 46.24, 1.79737
_1932_, 16.012, 46.24, 1.79737
_2269_, 16.012, 46.24, 1.79737
FILLER_0_13_20, 16.012, 46.24, 1.79737
FILLER_0_14_24, 16.012, 46.24, 1.79737
_2281_, 36.997, 46.24, 1.79737
hold164, 36.997, 46.24, 1.79737
hold204, 36.997, 46.24, 1.79737
FILLER_0_12_64, 36.997, 46.24, 1.79737
FILLER_0_12_85, 47.49, 46.24, 1.79737
FILLER_0_13_102, 47.49, 46.24, 1.79737
_1150_, 57.982, 46.24, 1.79737
_1151_, 57.982, 46.24, 1.79737
_1161_, 57.982, 46.24, 1.79737
_2211_, 57.982, 46.24, 1.79737
_1125_, 78.967, 46.24, 1.79737
_1129_, 78.967, 46.24, 1.79737
_1192_, 78.967, 46.24, 1.79737
_1194_, 78.967, 46.24, 1.79737
hold155, 78.967, 46.24, 1.79737
FILLER_0_12_149, 78.967, 46.24, 1.79737
FILLER_0_13_165, 78.967, 46.24, 1.79737
_1196_, 89.46, 46.24, 1.79734
_1481_, 89.46, 46.24, 1.79734
_2072_, 89.46, 46.24, 1.79734
_2225_, 89.46, 46.24, 1.79734
fanout12, 89.46, 46.24, 1.79734
FILLER_0_13_178, 89.46, 46.24, 1.79734
FILLER_0_13_186, 89.46, 46.24, 1.79734
_1409_, 99.952, 46.24, 1.79735
_2299_, 99.952, 46.24, 1.79735
FILLER_0_13_215, 99.952, 46.24, 1.79735
FILLER_0_14_207, 99.952, 46.24, 1.79735
_1633_, 120.937, 46.24, 1.79731
_1665_, 120.937, 46.24, 1.79731
_1666_, 120.937, 46.24, 1.79731
_1683_, 120.937, 46.24, 1.79731
_1684_, 120.937, 46.24, 1.79731
FILLER_0_14_253, 120.937, 46.24, 1.79731
FILLER_0_14_261, 120.937, 46.24, 1.79731
_1663_, 131.43, 46.24, 1.79726
_1664_, 131.43, 46.24, 1.79726
_1688_, 131.43, 46.24, 1.79726
_1689_, 131.43, 46.24, 1.79726
_1721_, 131.43, 46.24, 1.79726
FILLER_0_12_271, 131.43, 46.24, 1.79726
FILLER_0_13_267, 131.43, 46.24, 1.79726
FILLER_0_14_274, 131.43, 46.24, 1.79726
FILLER_0_14_282, 131.43, 46.24, 1.79726
_1720_, 141.922, 46.24, 1.79724
_2137_, 141.922, 46.24, 1.79724
FILLER_0_14_297, 141.922, 46.24, 1.79724
FILLER_0_14_305, 141.922, 46.24, 1.79724
_1734_, 162.917, 46.24, 1.79719
_1735_, 162.917, 46.24, 1.79719
_2141_, 162.917, 46.24, 1.79719
_2142_, 162.917, 46.24, 1.79719
FILLER_0_14_343, 162.917, 46.24, 1.79719
_2268_, 5.52, 40.8, 1.79735
PHY_20, 5.52, 40.8, 1.79735
PHY_22, 5.52, 40.8, 1.79735
PHY_21, 173.42, 40.8, 1.79712
PHY_23, 173.42, 40.8, 1.79712
_1931_, 16.012, 40.8, 1.79736
_1934_, 16.012, 40.8, 1.79736
_1935_, 16.012, 40.8, 1.79736
_1937_, 16.012, 40.8, 1.79736
hold202, 16.012, 40.8, 1.79736
FILLER_0_10_15, 16.012, 40.8, 1.79736
FILLER_0_11_15, 16.012, 40.8, 1.79736
_1964_, 36.997, 40.8, 1.79736
_1966_, 36.997, 40.8, 1.79736
_1968_, 36.997, 40.8, 1.79736
_1973_, 36.997, 40.8, 1.79736
hold120, 36.997, 40.8, 1.79736
FILLER_0_11_69, 36.997, 40.8, 1.79736
FILLER_0_12_78, 36.997, 40.8, 1.79736
_1963_, 47.49, 40.8, 1.79734
_2212_, 47.49, 40.8, 1.79734
_2278_, 47.49, 40.8, 1.79734
FILLER_0_11_99, 47.49, 40.8, 1.79734
_1132_, 57.982, 40.8, 1.79735
_1152_, 57.982, 40.8, 1.79735
_1153_, 57.982, 40.8, 1.79735
_1155_, 57.982, 40.8, 1.79735
_1156_, 57.982, 40.8, 1.79735
hold77, 57.982, 40.8, 1.79735
FILLER_0_11_106, 57.982, 40.8, 1.79735
FILLER_0_11_120, 57.982, 40.8, 1.79735
_1127_, 78.967, 40.8, 1.79738
_1193_, 78.967, 40.8, 1.79738
_1195_, 78.967, 40.8, 1.79738
FILLER_0_11_157, 78.967, 40.8, 1.79738
FILLER_0_11_169, 78.967, 40.8, 1.79738
_1480_, 89.46, 40.8, 1.79737
hold189, 89.46, 40.8, 1.79737
hold190, 89.46, 40.8, 1.79737
_1600_, 99.952, 40.8, 1.79736
_2106_, 99.952, 40.8, 1.79736
_2107_, 99.952, 40.8, 1.79736
FILLER_0_11_200, 99.952, 40.8, 1.79736
FILLER_0_12_213, 99.952, 40.8, 1.79736
_1677_, 120.937, 40.8, 1.79729
_1678_, 120.937, 40.8, 1.79729
_1679_, 120.937, 40.8, 1.79729
_1680_, 120.937, 40.8, 1.79729
_1681_, 120.937, 40.8, 1.79729
hold186, 120.937, 40.8, 1.79729
FILLER_0_10_248, 120.937, 40.8, 1.79729
_1667_, 131.43, 40.8, 1.79721
_2128_, 131.43, 40.8, 1.79721
_2138_, 131.43, 40.8, 1.79721
FILLER_0_11_274, 131.43, 40.8, 1.79721
FILLER_0_11_281, 131.43, 40.8, 1.79721
_1722_, 141.922, 40.8, 1.79719
_1723_, 141.922, 40.8, 1.79719
_1724_, 141.922, 40.8, 1.79719
FILLER_0_10_288, 141.922, 40.8, 1.79719
FILLER_0_12_304, 141.922, 40.8, 1.79719
_1629_, 162.917, 40.8, 1.79712
_1716_, 162.917, 40.8, 1.79712
_1719_, 162.917, 40.8, 1.79712
_1728_, 162.917, 40.8, 1.79712
_1733_, 162.917, 40.8, 1.79712
hold193, 162.917, 40.8, 1.79712
_1938_, 5.52, 35.36, 1.79714
PHY_16, 5.52, 35.36, 1.79714
PHY_18, 5.52, 35.36, 1.79714
FILLER_0_9_3, 5.52, 35.36, 1.79714
_1738_, 173.42, 35.36, 1.79708
PHY_17, 173.42, 35.36, 1.79708
PHY_19, 173.42, 35.36, 1.79708
FILLER_0_9_357, 173.42, 35.36, 1.79708
_1138_, 16.012, 35.36, 1.79714
_1936_, 16.012, 35.36, 1.79714
clkbuf_leaf_28_clk, 16.012, 35.36, 1.79714
FILLER_0_9_16, 16.012, 35.36, 1.79714
FILLER_0_10_29, 16.012, 35.36, 1.79714
_1140_, 36.997, 35.36, 1.79717
_1960_, 36.997, 35.36, 1.79717
_1967_, 36.997, 35.36, 1.79717
clkbuf_leaf_27_clk, 36.997, 35.36, 1.79717
_1959_, 47.49, 35.36, 1.79719
_1965_, 47.49, 35.36, 1.79719
_2213_, 47.49, 35.36, 1.79719
_1159_, 57.982, 35.36, 1.79723
_2214_, 57.982, 35.36, 1.79723
hold75, 57.982, 35.36, 1.79723
FILLER_0_10_123, 57.982, 35.36, 1.79723
_1122_, 78.967, 35.36, 1.7973
_1189_, 78.967, 35.36, 1.7973
_1190_, 78.967, 35.36, 1.7973
_1191_, 78.967, 35.36, 1.7973
_2224_, 89.46, 35.36, 1.7973
FILLER_0_9_193, 89.46, 35.36, 1.7973
FILLER_0_10_193, 89.46, 35.36, 1.7973
_1308_, 99.952, 35.36, 1.79731
_1595_, 99.952, 35.36, 1.79731
_1596_, 99.952, 35.36, 1.79731
_1598_, 99.952, 35.36, 1.79731
hold9, 99.952, 35.36, 1.79731
hold10, 99.952, 35.36, 1.79731
FILLER_0_8_197, 99.952, 35.36, 1.79731
FILLER_0_8_245, 120.937, 35.36, 1.79727
FILLER_0_10_253, 120.937, 35.36, 1.79727
FILLER_0_10_261, 120.937, 35.36, 1.79727
_1686_, 131.43, 35.36, 1.7972
_1690_, 131.43, 35.36, 1.7972
_1693_, 131.43, 35.36, 1.7972
_1725_, 131.43, 35.36, 1.7972
hold187, 131.43, 35.36, 1.7972
_1710_, 141.922, 35.36, 1.79718
_2133_, 141.922, 35.36, 1.79718
FILLER_0_9_293, 141.922, 35.36, 1.79718
FILLER_0_9_307, 141.922, 35.36, 1.79718
FILLER_0_10_297, 141.922, 35.36, 1.79718
FILLER_0_10_305, 141.922, 35.36, 1.79718
_1630_, 162.917, 35.36, 1.79708
_1717_, 162.917, 35.36, 1.79708
_1718_, 162.917, 35.36, 1.79708
_2136_, 162.917, 35.36, 1.79708
hold22, 162.917, 35.36, 1.79708
FILLER_0_9_340, 162.917, 35.36, 1.79708
_2270_, 5.52, 29.92, 1.79726
PHY_12, 5.52, 29.92, 1.79726
PHY_14, 5.52, 29.92, 1.79726
PHY_13, 173.42, 29.92, 1.79709
PHY_15, 173.42, 29.92, 1.79709
hold36, 173.42, 29.92, 1.79709
_1941_, 16.012, 29.92, 1.79728
_2271_, 16.012, 29.92, 1.79728
FILLER_0_6_15, 16.012, 29.92, 1.79728
FILLER_0_8_23, 16.012, 29.92, 1.79728
_1961_, 36.997, 29.92, 1.79729
_1962_, 36.997, 29.92, 1.79729
_2277_, 36.997, 29.92, 1.79729
hold139, 36.997, 29.92, 1.79729
hold185, 36.997, 29.92, 1.79729
FILLER_0_7_65, 36.997, 29.92, 1.79729
FILLER_0_7_73, 36.997, 29.92, 1.79729
_1157_, 47.49, 29.92, 1.79729
FILLER_0_6_80, 47.49, 29.92, 1.79729
FILLER_0_8_93, 47.49, 29.92, 1.79729
_1160_, 57.982, 29.92, 1.7973
_1162_, 57.982, 29.92, 1.7973
fanout7, 57.982, 29.92, 1.7973
hold40, 57.982, 29.92, 1.7973
FILLER_0_7_108, 57.982, 29.92, 1.7973
_1187_, 78.967, 29.92, 1.79728
_1188_, 78.967, 29.92, 1.79728
_2223_, 78.967, 29.92, 1.79728
hold182, 78.967, 29.92, 1.79728
hold217, 78.967, 29.92, 1.79728
FILLER_0_7_160, 78.967, 29.92, 1.79728
_2104_, 89.46, 29.92, 1.79725
FILLER_0_7_177, 89.46, 29.92, 1.79725
FILLER_0_8_190, 89.46, 29.92, 1.79725
_1307_, 99.952, 29.92, 1.79723
_1594_, 99.952, 29.92, 1.79723
_2105_, 99.952, 29.92, 1.79723
hold28, 99.952, 29.92, 1.79723
hold74, 99.952, 29.92, 1.79723
_1694_, 120.937, 29.92, 1.79715
_2129_, 120.937, 29.92, 1.79715
FILLER_0_6_242, 120.937, 29.92, 1.79715
FILLER_0_7_245, 120.937, 29.92, 1.79715
FILLER_0_7_258, 120.937, 29.92, 1.79715
_1626_, 131.43, 29.92, 1.7971
_1691_, 131.43, 29.92, 1.7971
_1692_, 131.43, 29.92, 1.7971
_1695_, 131.43, 29.92, 1.7971
_1708_, 131.43, 29.92, 1.7971
hold188, 131.43, 29.92, 1.7971
FILLER_0_7_266, 131.43, 29.92, 1.7971
FILLER_0_7_274, 131.43, 29.92, 1.7971
_1627_, 141.922, 29.92, 1.79712
_1706_, 141.922, 29.92, 1.79712
_1707_, 141.922, 29.92, 1.79712
FILLER_0_7_286, 141.922, 29.92, 1.79712
_1713_, 162.917, 29.92, 1.79711
_1737_, 162.917, 29.92, 1.79711
_2143_, 162.917, 29.92, 1.79711
hold26, 162.917, 29.92, 1.79711
hold37, 162.917, 29.92, 1.79711
_2272_, 5.52, 24.48, 1.79727
PHY_8, 5.52, 24.48, 1.79727
PHY_10, 5.52, 24.48, 1.79727
PHY_9, 173.42, 24.48, 1.79725
PHY_11, 173.42, 24.48, 1.79725
FILLER_0_4_357, 173.42, 24.48, 1.79725
_1942_, 16.012, 24.48, 1.79728
_1943_, 16.012, 24.48, 1.79728
_1944_, 16.012, 24.48, 1.79728
_1949_, 16.012, 24.48, 1.79728
hold134, 16.012, 24.48, 1.79728
FILLER_0_4_12, 16.012, 24.48, 1.79728
_1956_, 36.997, 24.48, 1.79726
_1957_, 36.997, 24.48, 1.79726
_1958_, 36.997, 24.48, 1.79726
_2276_, 36.997, 24.48, 1.79726
FILLER_0_5_60, 36.997, 24.48, 1.79726
_2215_, 47.49, 24.48, 1.79722
fanout10, 47.49, 24.48, 1.79722
hold168, 47.49, 24.48, 1.79722
FILLER_0_4_81, 47.49, 24.48, 1.79722
FILLER_0_5_83, 47.49, 24.48, 1.79722
FILLER_0_6_97, 47.49, 24.48, 1.79722
_1163_, 57.982, 24.48, 1.79722
_1166_, 57.982, 24.48, 1.79722
_1167_, 57.982, 24.48, 1.79722
_2216_, 57.982, 24.48, 1.79722
hold31, 57.982, 24.48, 1.79722
FILLER_0_5_113, 57.982, 24.48, 1.79722
FILLER_0_6_116, 57.982, 24.48, 1.79722
_1126_, 78.967, 24.48, 1.79725
_1184_, 78.967, 24.48, 1.79725
_1186_, 78.967, 24.48, 1.79725
_2222_, 78.967, 24.48, 1.79725
FILLER_0_4_157, 78.967, 24.48, 1.79725
FILLER_0_5_150, 78.967, 24.48, 1.79725
FILLER_0_5_164, 78.967, 24.48, 1.79725
FILLER_0_6_192, 89.46, 24.48, 1.79726
_1306_, 99.952, 24.48, 1.79728
_1593_, 99.952, 24.48, 1.79728
FILLER_0_4_197, 99.952, 24.48, 1.79728
FILLER_0_5_213, 99.952, 24.48, 1.79728
_1589_, 120.937, 24.48, 1.7972
_2130_, 120.937, 24.48, 1.7972
FILLER_0_4_247, 120.937, 24.48, 1.7972
FILLER_0_5_241, 120.937, 24.48, 1.7972
_1696_, 131.43, 24.48, 1.79714
_1697_, 131.43, 24.48, 1.79714
_1699_, 131.43, 24.48, 1.79714
_1700_, 131.43, 24.48, 1.79714
_1701_, 131.43, 24.48, 1.79714
_2131_, 131.43, 24.48, 1.79714
hold216, 131.43, 24.48, 1.79714
_1702_, 141.922, 24.48, 1.79716
_1703_, 141.922, 24.48, 1.79716
_1704_, 141.922, 24.48, 1.79716
_1705_, 141.922, 24.48, 1.79716
_2132_, 141.922, 24.48, 1.79716
FILLER_0_5_289, 141.922, 24.48, 1.79716
FILLER_0_5_306, 141.922, 24.48, 1.79716
FILLER_0_6_345, 162.917, 24.48, 1.79725
_1945_, 5.52, 19.04, 1.79732
PHY_4, 5.52, 19.04, 1.79732
PHY_6, 5.52, 19.04, 1.79732
FILLER_0_4_3, 5.52, 19.04, 1.79732
PHY_5, 173.42, 19.04, 1.79736
PHY_7, 173.42, 19.04, 1.79736
FILLER_0_2_357, 173.42, 19.04, 1.79736
_1947_, 16.012, 19.04, 1.79732
_2273_, 16.012, 19.04, 1.79732
FILLER_0_3_15, 16.012, 19.04, 1.79732
FILLER_0_4_73, 36.997, 19.04, 1.79734
_1164_, 47.49, 19.04, 1.79733
_1165_, 47.49, 19.04, 1.79733
_1131_, 57.982, 19.04, 1.79733
FILLER_0_2_109, 57.982, 19.04, 1.79733
FILLER_0_3_105, 57.982, 19.04, 1.79733
_1173_, 78.967, 19.04, 1.79732
_1174_, 78.967, 19.04, 1.79732
_1183_, 78.967, 19.04, 1.79732
_1185_, 78.967, 19.04, 1.79732
_2219_, 78.967, 19.04, 1.79732
fanout14, 78.967, 19.04, 1.79732
hold104, 78.967, 19.04, 1.79732
hold119, 78.967, 19.04, 1.79732
_2103_, 89.46, 19.04, 1.79733
FILLER_0_3_189, 89.46, 19.04, 1.79733
FILLER_0_4_188, 89.46, 19.04, 1.79733
_1591_, 99.952, 19.04, 1.79735
_1592_, 99.952, 19.04, 1.79735
hold43, 99.952, 19.04, 1.79735
FILLER_0_3_216, 99.952, 19.04, 1.79735
_1698_, 120.937, 19.04, 1.79736
hold219, 120.937, 19.04, 1.79736
FILLER_0_2_242, 120.937, 19.04, 1.79736
FILLER_0_4_258, 120.937, 19.04, 1.79736
FILLER_0_3_273, 131.43, 19.04, 1.79736
FILLER_0_4_284, 131.43, 19.04, 1.79736
PHY_0, 5.52, 13.6, 1.79737
PHY_2, 5.52, 13.6, 1.79737
PHY_1, 173.42, 13.6, 1.79736
PHY_3, 173.42, 13.6, 1.79736
FILLER_0_2_77, 36.997, 13.6, 1.79735
FILLER_0_0_81, 47.49, 13.6, 1.79734
_1170_, 57.982, 13.6, 1.79733
_2217_, 57.982, 13.6, 1.79733
FILLER_0_0_109, 57.982, 13.6, 1.79733
FILLER_0_1_105, 57.982, 13.6, 1.79733
FILLER_0_2_117, 57.982, 13.6, 1.79733
input2, 78.967, 13.6, 1.79734
fanout11, 78.967, 13.6, 1.79734
FILLER_0_0_153, 78.967, 13.6, 1.79734
FILLER_0_0_160, 78.967, 13.6, 1.79734
FILLER_0_0_193, 89.46, 13.6, 1.79735
FILLER_0_2_188, 89.46, 13.6, 1.79735
_2101_, 99.952, 13.6, 1.79735
FILLER_0_2_209, 99.952, 13.6, 1.79735
FILLER_0_0_249, 120.937, 13.6, 1.79737
FILLER_0_0_277, 131.43, 13.6, 1.79736
FILLER_0_1_277, 131.43, 13.6, 1.79736
FILLER_0_0_305, 141.922, 13.6, 1.79736
FILLER_0_2_301, 141.922, 13.6, 1.79736

